<html>
<body>
<pre>
<h1>µVision Build Log</h1>
<h2>Tool Versions:</h2>
IDE-Version: ¦ÌVision V5.23.0.0
Copyright (C) 2017 ARM Ltd and ARM Germany GmbH. All rights reserved.
License Information: Hu Seleen, Eric, LIC=6XJJJ-UR5VQ-QGT7I-TC9TQ-2HWEB-ZB8EA
 
Tool Versions:
Toolchain:       MDK-ARM Professional  Version: 5.23
Toolchain Path:  C:\Keil_v5\ARM\ARMCC\Bin
C Compiler:      Armcc.exe V5.06 update 4 (build 422)
Assembler:       Armasm.exe V5.06 update 4 (build 422)
Linker/Locator:  ArmLink.exe V5.06 update 4 (build 422)
Library Manager: ArmAr.exe V5.06 update 4 (build 422)
Hex Converter:   FromElf.exe V5.06 update 4 (build 422)
CPU DLL:         SARMCM3.DLL V5.23
Dialog DLL:      DARMCM1.DLL V1.17.0.0
Target DLL:      Segger\JL2CM3.dll V2.99.23.0
Dialog DLL:      TARMCM1.DLL V1.12.0.0
 
<h2>Project:</h2>
D:\case\ERIC820-2\Eric820ExtensionV2(HC32F460)\Eric820Extensioncase\MDK\lpm_powerdown_wkup.uvprojx
Project File Date:  06/25/2021

<h2>Output:</h2>
*** Using Compiler 'V5.06 update 4 (build 422)', folder: 'C:\Keil_v5\ARM\ARMCC\Bin'
Build target 'Eric820Extention'
assembling startup_hc32f460.s...
compiling hc32f460_interrupts.c...
compiling system_hc32f460.c...
compiling hc32f460_utility.c...
compiling main.c...
compiling hc32f460_clk.c...
compiling hc32f460_pwc.c...
compiling hc32f460_icg.c...
compiling hc32f460_sram.c...
compiling hc32f460_gpio.c...
compiling hc32f460_keyscan.c...
compiling hc32f460_exint_nmi_swi.c...
compiling hc32f460_efm.c...
compiling ev_hc32f460_lqfp100_v2.c...
linking...
Program Size: Code=9196 RO-data=704 RW-data=20 ZI-data=1540  
".\output\debug\lpm_powerdown_wkup.axf" - 0 Error(s), 0 Warning(s).

<h2>Software Packages used:</h2>

Package Vendor: ARM
                http://www.keil.com/pack/ARM.CMSIS.5.0.1.pack
                ARM::CMSIS:CORE:5.0.1
                CMSIS (Cortex Microcontroller Software Interface Standard)
   * Component: CORE Version: 5.0.1

<h2>Collection of Component include folders:</h2>
  .\RTE\_Eric820Extention
  C:\Keil_v5\ARM\PACK\ARM\CMSIS\5.0.1\CMSIS\Include
  C:\Keil_v5\ARM\PACK\HDSC\HC32F460\1.0.7\Device\Include

<h2>Collection of Component Files used:</h2>

   * Component: ARM::CMSIS:CORE:5.0.1
Build Time Elapsed:  00:00:16
</pre>
</body>
</html>
