Component: ARM Compiler 5.06 update 4 (build 422) Tool: armlink [4d35d2]

==============================================================================

Section Cross References

    startup_hc32f460.o(RESET) refers to startup_hc32f460.o(STACK) for __initial_sp
    startup_hc32f460.o(RESET) refers to startup_hc32f460.o(.text) for Reset_Handler
    startup_hc32f460.o(RESET) refers to hc32f460_interrupts.o(i.NMI_Handler) for NMI_Handler
    startup_hc32f460.o(RESET) refers to hc32f460_interrupts.o(i.HardFault_Handler) for HardFault_Handler
    startup_hc32f460.o(RESET) refers to hc32f460_interrupts.o(i.MemManage_Handler) for MemManage_Handler
    startup_hc32f460.o(RESET) refers to hc32f460_interrupts.o(i.BusFault_Handler) for BusFault_Handler
    startup_hc32f460.o(RESET) refers to hc32f460_interrupts.o(i.UsageFault_Handler) for UsageFault_Handler
    startup_hc32f460.o(RESET) refers to hc32f460_interrupts.o(i.SVC_Handler) for SVC_Handler
    startup_hc32f460.o(RESET) refers to hc32f460_interrupts.o(i.DebugMon_Handler) for DebugMon_Handler
    startup_hc32f460.o(RESET) refers to hc32f460_interrupts.o(i.PendSV_Handler) for PendSV_Handler
    startup_hc32f460.o(RESET) refers to hc32f460_interrupts.o(i.SysTick_Handler) for SysTick_Handler
    startup_hc32f460.o(RESET) refers to hc32f460_interrupts.o(i.IRQ000_Handler) for IRQ000_Handler
    startup_hc32f460.o(RESET) refers to hc32f460_interrupts.o(i.IRQ001_Handler) for IRQ001_Handler
    startup_hc32f460.o(RESET) refers to hc32f460_interrupts.o(i.IRQ002_Handler) for IRQ002_Handler
    startup_hc32f460.o(RESET) refers to hc32f460_interrupts.o(i.IRQ003_Handler) for IRQ003_Handler
    startup_hc32f460.o(RESET) refers to hc32f460_interrupts.o(i.IRQ004_Handler) for IRQ004_Handler
    startup_hc32f460.o(RESET) refers to hc32f460_interrupts.o(i.IRQ005_Handler) for IRQ005_Handler
    startup_hc32f460.o(RESET) refers to hc32f460_interrupts.o(i.IRQ006_Handler) for IRQ006_Handler
    startup_hc32f460.o(RESET) refers to hc32f460_interrupts.o(i.IRQ007_Handler) for IRQ007_Handler
    startup_hc32f460.o(RESET) refers to hc32f460_interrupts.o(i.IRQ008_Handler) for IRQ008_Handler
    startup_hc32f460.o(RESET) refers to hc32f460_interrupts.o(i.IRQ009_Handler) for IRQ009_Handler
    startup_hc32f460.o(RESET) refers to hc32f460_interrupts.o(i.IRQ010_Handler) for IRQ010_Handler
    startup_hc32f460.o(RESET) refers to hc32f460_interrupts.o(i.IRQ011_Handler) for IRQ011_Handler
    startup_hc32f460.o(RESET) refers to hc32f460_interrupts.o(i.IRQ012_Handler) for IRQ012_Handler
    startup_hc32f460.o(RESET) refers to hc32f460_interrupts.o(i.IRQ013_Handler) for IRQ013_Handler
    startup_hc32f460.o(RESET) refers to hc32f460_interrupts.o(i.IRQ014_Handler) for IRQ014_Handler
    startup_hc32f460.o(RESET) refers to hc32f460_interrupts.o(i.IRQ015_Handler) for IRQ015_Handler
    startup_hc32f460.o(RESET) refers to hc32f460_interrupts.o(i.IRQ016_Handler) for IRQ016_Handler
    startup_hc32f460.o(RESET) refers to hc32f460_interrupts.o(i.IRQ017_Handler) for IRQ017_Handler
    startup_hc32f460.o(RESET) refers to hc32f460_interrupts.o(i.IRQ018_Handler) for IRQ018_Handler
    startup_hc32f460.o(RESET) refers to hc32f460_interrupts.o(i.IRQ019_Handler) for IRQ019_Handler
    startup_hc32f460.o(RESET) refers to hc32f460_interrupts.o(i.IRQ020_Handler) for IRQ020_Handler
    startup_hc32f460.o(RESET) refers to hc32f460_interrupts.o(i.IRQ021_Handler) for IRQ021_Handler
    startup_hc32f460.o(RESET) refers to hc32f460_interrupts.o(i.IRQ022_Handler) for IRQ022_Handler
    startup_hc32f460.o(RESET) refers to hc32f460_interrupts.o(i.IRQ023_Handler) for IRQ023_Handler
    startup_hc32f460.o(RESET) refers to hc32f460_interrupts.o(i.IRQ024_Handler) for IRQ024_Handler
    startup_hc32f460.o(RESET) refers to hc32f460_interrupts.o(i.IRQ025_Handler) for IRQ025_Handler
    startup_hc32f460.o(RESET) refers to hc32f460_interrupts.o(i.IRQ026_Handler) for IRQ026_Handler
    startup_hc32f460.o(RESET) refers to hc32f460_interrupts.o(i.IRQ027_Handler) for IRQ027_Handler
    startup_hc32f460.o(RESET) refers to hc32f460_interrupts.o(i.IRQ028_Handler) for IRQ028_Handler
    startup_hc32f460.o(RESET) refers to hc32f460_interrupts.o(i.IRQ029_Handler) for IRQ029_Handler
    startup_hc32f460.o(RESET) refers to hc32f460_interrupts.o(i.IRQ030_Handler) for IRQ030_Handler
    startup_hc32f460.o(RESET) refers to hc32f460_interrupts.o(i.IRQ031_Handler) for IRQ031_Handler
    startup_hc32f460.o(RESET) refers to hc32f460_interrupts.o(i.IRQ032_Handler) for IRQ032_Handler
    startup_hc32f460.o(RESET) refers to hc32f460_interrupts.o(i.IRQ033_Handler) for IRQ033_Handler
    startup_hc32f460.o(RESET) refers to hc32f460_interrupts.o(i.IRQ034_Handler) for IRQ034_Handler
    startup_hc32f460.o(RESET) refers to hc32f460_interrupts.o(i.IRQ035_Handler) for IRQ035_Handler
    startup_hc32f460.o(RESET) refers to hc32f460_interrupts.o(i.IRQ036_Handler) for IRQ036_Handler
[...]
    ev_hc32f460_lqfp100_v2.o(i.BSP_KEY_ROW_Init) refers to ev_hc32f460_lqfp100_v2.o(.constdata) for BSP_KEYIN_PORT_PIN
    ev_hc32f460_lqfp100_v2.o(i.BSP_LED_Init) refers to hc32f460_gpio.o(i.PORT_Init) for PORT_Init
    ev_hc32f460_lqfp100_v2.o(i.BSP_LED_Off) refers to hc32f460_gpio.o(i.PORT_ResetBits) for PORT_ResetBits
    ev_hc32f460_lqfp100_v2.o(i.BSP_LED_Off) refers to ev_hc32f460_lqfp100_v2.o(.constdata) for BSP_LED_PORT_PIN
    ev_hc32f460_lqfp100_v2.o(i.BSP_LED_On) refers to hc32f460_gpio.o(i.PORT_SetBits) for PORT_SetBits
    ev_hc32f460_lqfp100_v2.o(i.BSP_LED_On) refers to ev_hc32f460_lqfp100_v2.o(.constdata) for BSP_LED_PORT_PIN
    ev_hc32f460_lqfp100_v2.o(i.BSP_LED_Toggle) refers to hc32f460_gpio.o(i.PORT_Toggle) for PORT_Toggle
    ev_hc32f460_lqfp100_v2.o(i.BSP_LED_Toggle) refers to ev_hc32f460_lqfp100_v2.o(.constdata) for BSP_LED_PORT_PIN
    ev_hc32f460_lqfp100_v2.o(i.BSP_PRINTF_PortInit) refers to hc32f460_gpio.o(i.PORT_SetFunc) for PORT_SetFunc
    ev_hc32f460_lqfp100_v2.o(i.ExtInt01_Callback) refers to hc32f460_exint_nmi_swi.o(i.EXINT_IrqFlgGet) for EXINT_IrqFlgGet
    ev_hc32f460_lqfp100_v2.o(i.ExtInt01_Callback) refers to hc32f460_exint_nmi_swi.o(i.EXINT_IrqFlgClr) for EXINT_IrqFlgClr
    ev_hc32f460_lqfp100_v2.o(i.ExtInt01_Callback) refers to ev_hc32f460_lqfp100_v2.o(.data) for PowerDownFlag
    ev_hc32f460_lqfp100_v2.o(.constdata) refers to ev_hc32f460_lqfp100_v2.o(i.BSP_KEY_ROW0_IrqCallback) for BSP_KEY_ROW0_IrqCallback
    ev_hc32f460_lqfp100_v2.o(.constdata) refers to ev_hc32f460_lqfp100_v2.o(i.BSP_KEY_ROW1_IrqCallback) for BSP_KEY_ROW1_IrqCallback
    ev_hc32f460_lqfp100_v2.o(.constdata) refers to ev_hc32f460_lqfp100_v2.o(i.BSP_KEY_ROW2_IrqCallback) for BSP_KEY_ROW2_IrqCallback
    entry.o(.ARM.Collect$$$$00000000) refers (Special) to entry10a.o(.ARM.Collect$$$$0000000D) for __rt_final_cpp
    entry.o(.ARM.Collect$$$$00000000) refers (Special) to entry11a.o(.ARM.Collect$$$$0000000F) for __rt_final_exit
    entry.o(.ARM.Collect$$$$00000000) refers (Special) to entry7b.o(.ARM.Collect$$$$00000008) for _main_clock
    entry.o(.ARM.Collect$$$$00000000) refers (Special) to entry8b.o(.ARM.Collect$$$$0000000A) for _main_cpp_init
    entry.o(.ARM.Collect$$$$00000000) refers (Special) to entry9a.o(.ARM.Collect$$$$0000000B) for _main_init
    entry.o(.ARM.Collect$$$$00000000) refers (Special) to entry5.o(.ARM.Collect$$$$00000004) for _main_scatterload
    entry.o(.ARM.Collect$$$$00000000) refers (Special) to entry2.o(.ARM.Collect$$$$00000001) for _main_stk
    entry2.o(.ARM.Collect$$$$00000001) refers to entry2.o(.ARM.Collect$$$$00002712) for __lit__00000000
    entry2.o(.ARM.Collect$$$$00002712) refers to startup_hc32f460.o(STACK) for __initial_sp
    entry2.o(__vectab_stack_and_reset_area) refers to startup_hc32f460.o(STACK) for __initial_sp
    entry2.o(__vectab_stack_and_reset_area) refers to entry.o(.ARM.Collect$$$$00000000) for __main
    entry5.o(.ARM.Collect$$$$00000004) refers to init.o(.text) for __scatterload
    entry9a.o(.ARM.Collect$$$$0000000B) refers to main.o(i.main) for main
    entry9b.o(.ARM.Collect$$$$0000000C) refers to main.o(i.main) for main
    init.o(.text) refers to entry5.o(.ARM.Collect$$$$00000004) for __main_after_scatterload


==============================================================================

Removing Unused input sections from the image.

    Removing startup_hc32f460.o(HEAP), (512 bytes).
    Removing system_hc32f460.o(.rev16_text), (4 bytes).
    Removing system_hc32f460.o(.revsh_text), (4 bytes).
    Removing system_hc32f460.o(.rrx_text), (6 bytes).
    Removing main.o(.rev16_text), (4 bytes).
    Removing main.o(.revsh_text), (4 bytes).
    Removing main.o(.rrx_text), (6 bytes).
    Removing hc32f460_utility.o(.rev16_text), (4 bytes).
    Removing hc32f460_utility.o(.revsh_text), (4 bytes).
    Removing hc32f460_utility.o(.rrx_text), (6 bytes).
    Removing hc32f460_utility.o(i.Ddl_Delay1us), (68 bytes).
    Removing hc32f460_utility.o(i.SysTick_Delay), (84 bytes).
    Removing hc32f460_utility.o(i.SysTick_GetTick), (12 bytes).
    Removing hc32f460_utility.o(i.SysTick_IncTick), (24 bytes).
    Removing hc32f460_utility.o(i.SysTick_Init), (128 bytes).
    Removing hc32f460_utility.o(i.SysTick_Resume), (18 bytes).
    Removing hc32f460_utility.o(i.SysTick_Suspend), (18 bytes).
    Removing hc32f460_utility.o(.data), (8 bytes).
    Removing hc32f460_pwc.o(.rev16_text), (4 bytes).
    Removing hc32f460_pwc.o(.revsh_text), (4 bytes).
    Removing hc32f460_pwc.o(.rrx_text), (6 bytes).
    Removing hc32f460_pwc.o(i.PWC_ClearPvdFlag), (96 bytes).
    Removing hc32f460_pwc.o(i.PWC_ClearWakeup1Flag), (120 bytes).
    Removing hc32f460_pwc.o(i.PWC_ClkBackup), (24 bytes).
    Removing hc32f460_pwc.o(i.PWC_ClkRecover), (24 bytes).
    Removing hc32f460_pwc.o(i.PWC_EnterSleepMd), (76 bytes).
    Removing hc32f460_pwc.o(i.PWC_EnterStopMd), (96 bytes).
    Removing hc32f460_pwc.o(i.PWC_ExVccCmd), (132 bytes).
    Removing hc32f460_pwc.o(i.PWC_Fcg0PeriphClockCmd), (136 bytes).
    Removing hc32f460_pwc.o(i.PWC_Fcg1PeriphClockCmd), (120 bytes).
    Removing hc32f460_pwc.o(i.PWC_Fcg2PeriphClockCmd), (120 bytes).
    Removing hc32f460_pwc.o(i.PWC_Fcg3PeriphClockCmd), (120 bytes).
    Removing hc32f460_pwc.o(i.PWC_GetPvdFlag), (52 bytes).
    Removing hc32f460_pwc.o(i.PWC_GetPvdStatus), (52 bytes).
    Removing hc32f460_pwc.o(i.PWC_GetWakeup0Flag), (80 bytes).
    Removing hc32f460_pwc.o(i.PWC_GetWakeup1Flag), (84 bytes).
    Removing hc32f460_pwc.o(i.PWC_HP2HS), (72 bytes).
    Removing hc32f460_pwc.o(i.PWC_HP2LS), (204 bytes).
    Removing hc32f460_pwc.o(i.PWC_HS2LS), (200 bytes).
    Removing hc32f460_pwc.o(i.PWC_HrcPwrCmd), (132 bytes).
    Removing hc32f460_pwc.o(i.PWC_IrqClkBackup), (44 bytes).
    Removing hc32f460_pwc.o(i.PWC_IrqClkRecover), (36 bytes).
    Removing hc32f460_pwc.o(i.PWC_LS2HP), (192 bytes).
    Removing hc32f460_pwc.o(i.PWC_LS2HS), (192 bytes).
    Removing hc32f460_pwc.o(i.PWC_PdWakeup1Cmd), (164 bytes).
    Removing hc32f460_pwc.o(i.PWC_PdWakeup2Cmd), (164 bytes).
    Removing hc32f460_pwc.o(i.PWC_PllPwrCmd), (132 bytes).
    Removing hc32f460_pwc.o(i.PWC_Pvd1Cmd), (132 bytes).
    Removing hc32f460_pwc.o(i.PWC_Pvd2Cmd), (132 bytes).
    Removing hc32f460_pwc.o(i.PWC_PvdCfg), (636 bytes).
    Removing hc32f460_pwc.o(i.PWC_PwrMonitorCmd), (132 bytes).
    Removing hc32f460_pwc.o(i.PWC_RamOpMdConfig), (120 bytes).
    Removing hc32f460_pwc.o(i.PWC_RamPwrdownCmd), (132 bytes).
    Removing hc32f460_pwc.o(i.PWC_SetSysClk), (172 bytes).
    Removing hc32f460_pwc.o(i.PWC_StopModeCfg), (252 bytes).
    Removing hc32f460_pwc.o(i.PWC_StopWkupCmd), (92 bytes).
    Removing hc32f460_pwc.o(i.PWC_WktmControl), (192 bytes).
    Removing hc32f460_pwc.o(i.PWC_Xtal32CsCmd), (132 bytes).
    Removing hc32f460_pwc.o(i.PWC_enClockBackup), (196 bytes).
    Removing hc32f460_pwc.o(i.PWC_enClockRecover), (124 bytes).
    Removing hc32f460_pwc.o(i.PWC_enNvicBackup), (736 bytes).
    Removing hc32f460_pwc.o(i.PWC_enNvicRecover), (36 bytes).
    Removing hc32f460_pwc.o(i.__NVIC_DisableIRQ), (60 bytes).
    Removing hc32f460_pwc.o(.bss), (20 bytes).
    Removing hc32f460_pwc.o(.data), (5 bytes).
    Removing hc32f460_interrupts.o(.rev16_text), (4 bytes).
    Removing hc32f460_interrupts.o(.revsh_text), (4 bytes).
    Removing hc32f460_interrupts.o(.rrx_text), (6 bytes).
    Removing hc32f460_interrupts.o(i.enEventDisable), (28 bytes).
    Removing hc32f460_interrupts.o(i.enEventEnable), (28 bytes).
    Removing hc32f460_interrupts.o(i.enIntDisable), (28 bytes).
    Removing hc32f460_interrupts.o(i.enIntEnable), (28 bytes).
    Removing hc32f460_interrupts.o(i.enIntWakeupDisable), (32 bytes).
    Removing hc32f460_interrupts.o(i.enIntWakeupEnable), (32 bytes).
    Removing hc32f460_interrupts.o(i.enIrqResign), (56 bytes).
    Removing hc32f460_interrupts.o(i.enShareIrqDisable), (36 bytes).
    Removing hc32f460_interrupts.o(i.enShareIrqEnable), (36 bytes).
    Removing hc32f460_clk.o(.rev16_text), (4 bytes).
    Removing hc32f460_clk.o(.revsh_text), (4 bytes).
    Removing hc32f460_clk.o(.rrx_text), (6 bytes).
    Removing hc32f460_clk.o(i.CLK_ClearFcmFlag), (132 bytes).
    Removing hc32f460_clk.o(i.CLK_ClearXtalStdFlag), (72 bytes).
    Removing hc32f460_clk.o(i.CLK_FcmCmd), (68 bytes).
    Removing hc32f460_clk.o(i.CLK_FcmConfig), (812 bytes).
    Removing hc32f460_clk.o(i.CLK_GetClockFreq), (300 bytes).
    Removing hc32f460_clk.o(i.CLK_GetFcmCounter), (12 bytes).
    Removing hc32f460_clk.o(i.CLK_GetFcmFlag), (116 bytes).
    Removing hc32f460_clk.o(i.CLK_GetI2sClkSource), (88 bytes).
    Removing hc32f460_clk.o(i.CLK_GetPllClockFreq), (592 bytes).
    Removing hc32f460_clk.o(i.CLK_GetSysClkSource), (16 bytes).
    Removing hc32f460_clk.o(i.CLK_HrcCmd), (244 bytes).
    Removing hc32f460_clk.o(i.CLK_HrcTrim), (52 bytes).
    Removing hc32f460_clk.o(i.CLK_LrcCmd), (184 bytes).
    Removing hc32f460_clk.o(i.CLK_LrcTrim), (52 bytes).
    Removing hc32f460_clk.o(i.CLK_MrcCmd), (184 bytes).
    Removing hc32f460_clk.o(i.CLK_MrcTrim), (52 bytes).
    Removing hc32f460_clk.o(i.CLK_OutputClkCmd), (156 bytes).
    Removing hc32f460_clk.o(i.CLK_OutputClkConfig), (312 bytes).
    Removing hc32f460_clk.o(i.CLK_SetI2sClkSource), (204 bytes).
    Removing hc32f460_clk.o(i.CLK_SetPeriClkSource), (120 bytes).
    Removing hc32f460_clk.o(i.CLK_SetUsbClkSource), (132 bytes).
    Removing hc32f460_clk.o(i.CLK_TpiuClkCmd), (120 bytes).
    Removing hc32f460_clk.o(i.CLK_TpiuClkConfig), (124 bytes).
    Removing hc32f460_clk.o(i.CLK_UpllCmd), (176 bytes).
    Removing hc32f460_clk.o(i.CLK_UpllConfig), (444 bytes).
    Removing hc32f460_clk.o(i.CLK_Xtal32Cmd), (184 bytes).
    Removing hc32f460_clk.o(i.CLK_Xtal32Config), (84 bytes).
    Removing hc32f460_clk.o(i.CLK_XtalStbConfig), (124 bytes).
    Removing hc32f460_clk.o(i.CLK_XtalStpConfig), (120 bytes).
    Removing hc32f460_icg.o(.rev16_text), (4 bytes).
    Removing hc32f460_icg.o(.revsh_text), (4 bytes).
    Removing hc32f460_icg.o(.rrx_text), (6 bytes).
    Removing hc32f460_efm.o(.rev16_text), (4 bytes).
    Removing hc32f460_efm.o(.revsh_text), (4 bytes).
    Removing hc32f460_efm.o(.rrx_text), (6 bytes).
    Removing hc32f460_efm.o(i.EFM_ClearFlag), (12 bytes).
    Removing hc32f460_efm.o(i.EFM_DataCacheRstCmd), (76 bytes).
    Removing hc32f460_efm.o(i.EFM_ErasePgmCmd), (76 bytes).
    Removing hc32f460_efm.o(i.EFM_FlashCmd), (84 bytes).
    Removing hc32f460_efm.o(i.EFM_GetFlagStatus), (104 bytes).
    Removing hc32f460_efm.o(i.EFM_GetStatus), (104 bytes).
    Removing hc32f460_efm.o(i.EFM_GetSwitchStatus), (20 bytes).
    Removing hc32f460_efm.o(i.EFM_InstructionCacheCmd), (76 bytes).
    Removing hc32f460_efm.o(i.EFM_InterruptCmd), (152 bytes).
    Removing hc32f460_efm.o(i.EFM_MassErase), (208 bytes).
    Removing hc32f460_efm.o(i.EFM_Memcpy), (108 bytes).
    Removing hc32f460_efm.o(i.EFM_OtpLock), (160 bytes).
    Removing hc32f460_efm.o(i.EFM_ReadUID), (40 bytes).
    Removing hc32f460_efm.o(i.EFM_SectorErase), (208 bytes).
    Removing hc32f460_efm.o(i.EFM_SequenceProgram), (340 bytes).
    Removing hc32f460_efm.o(i.EFM_SetBusState), (20 bytes).
    Removing hc32f460_efm.o(i.EFM_SetErasePgmMode), (156 bytes).
    Removing hc32f460_efm.o(i.EFM_SetReadMode), (76 bytes).
    Removing hc32f460_efm.o(i.EFM_SetWinProtectAddr), (40 bytes).
    Removing hc32f460_efm.o(i.EFM_SingleProgram), (220 bytes).
    Removing hc32f460_efm.o(i.EFM_SingleProgramRB), (220 bytes).
    Removing hc32f460_sram.o(.rev16_text), (4 bytes).
    Removing hc32f460_sram.o(.revsh_text), (4 bytes).
    Removing hc32f460_sram.o(.rrx_text), (6 bytes).
    Removing hc32f460_sram.o(i.SRAM_ClrStatus), (92 bytes).
    Removing hc32f460_sram.o(i.SRAM_DeInit), (52 bytes).
    Removing hc32f460_sram.o(i.SRAM_GetStatus), (104 bytes).
    Removing hc32f460_gpio.o(.rev16_text), (4 bytes).
    Removing hc32f460_gpio.o(.revsh_text), (4 bytes).
    Removing hc32f460_gpio.o(.rrx_text), (6 bytes).
    Removing hc32f460_gpio.o(i.PORT_AlwaysOn), (156 bytes).
    Removing hc32f460_gpio.o(i.PORT_DeInit), (136 bytes).
    Removing hc32f460_gpio.o(i.PORT_DebugPortSetting), (136 bytes).
    Removing hc32f460_gpio.o(i.PORT_GetBit), (204 bytes).
    Removing hc32f460_gpio.o(i.PORT_GetData), (96 bytes).
    Removing hc32f460_gpio.o(i.PORT_OE), (120 bytes).
    Removing hc32f460_gpio.o(i.PORT_PubSetting), (180 bytes).
    Removing hc32f460_gpio.o(i.PORT_ResetPortData), (104 bytes).
    Removing hc32f460_gpio.o(i.PORT_SetFunc), (244 bytes).
    Removing hc32f460_gpio.o(i.PORT_SetPortData), (104 bytes).
    Removing hc32f460_gpio.o(i.PORT_SetSubFunc), (152 bytes).
    Removing hc32f460_gpio.o(i.PORT_Toggle), (104 bytes).
    Removing hc32f460_exint_nmi_swi.o(.rev16_text), (4 bytes).
    Removing hc32f460_exint_nmi_swi.o(.revsh_text), (4 bytes).
    Removing hc32f460_exint_nmi_swi.o(.rrx_text), (6 bytes).
    Removing hc32f460_exint_nmi_swi.o(i.NMI_DeInit), (24 bytes).
    Removing hc32f460_exint_nmi_swi.o(i.NMI_Init), (72 bytes).
    Removing hc32f460_exint_nmi_swi.o(i.NMI_IrqFlgClr), (20 bytes).
    Removing hc32f460_exint_nmi_swi.o(i.NMI_IrqFlgGet), (260 bytes).
    Removing hc32f460_exint_nmi_swi.o(i.SWI_Disable), (28 bytes).
    Removing hc32f460_exint_nmi_swi.o(i.SWI_Enable), (28 bytes).
    Removing hc32f460_keyscan.o(.rev16_text), (4 bytes).
    Removing hc32f460_keyscan.o(.revsh_text), (4 bytes).
    Removing hc32f460_keyscan.o(.rrx_text), (6 bytes).
    Removing hc32f460_keyscan.o(i.KEYSCAN_DeInit), (16 bytes).
    Removing hc32f460_keyscan.o(i.KEYSCAN_GetColIdx), (16 bytes).
    Removing hc32f460_keyscan.o(i.KEYSCAN_Init), (448 bytes).
    Removing hc32f460_keyscan.o(i.KEYSCAN_Start), (24 bytes).
    Removing hc32f460_keyscan.o(i.KEYSCAN_Stop), (20 bytes).
    Removing ev_hc32f460_lqfp100_v2.o(.rev16_text), (4 bytes).
    Removing ev_hc32f460_lqfp100_v2.o(.revsh_text), (4 bytes).
    Removing ev_hc32f460_lqfp100_v2.o(.rrx_text), (6 bytes).
    Removing ev_hc32f460_lqfp100_v2.o(i.BSP_KEY_COL_Init), (132 bytes).
    Removing ev_hc32f460_lqfp100_v2.o(i.BSP_KEY_GetStatus), (32 bytes).
    Removing ev_hc32f460_lqfp100_v2.o(i.BSP_KEY_Init), (48 bytes).
    Removing ev_hc32f460_lqfp100_v2.o(i.BSP_KEY_ROW0_IrqCallback), (72 bytes).
    Removing ev_hc32f460_lqfp100_v2.o(i.BSP_KEY_ROW1_IrqCallback), (72 bytes).
    Removing ev_hc32f460_lqfp100_v2.o(i.BSP_KEY_ROW2_IrqCallback), (80 bytes).
    Removing ev_hc32f460_lqfp100_v2.o(i.BSP_KEY_ROW_Init), (204 bytes).
    Removing ev_hc32f460_lqfp100_v2.o(i.BSP_LED_Off), (52 bytes).
    Removing ev_hc32f460_lqfp100_v2.o(i.BSP_LED_On), (52 bytes).
    Removing ev_hc32f460_lqfp100_v2.o(i.BSP_LED_Toggle), (52 bytes).
    Removing ev_hc32f460_lqfp100_v2.o(i.BSP_PRINTF_PortInit), (16 bytes).
    Removing ev_hc32f460_lqfp100_v2.o(.constdata), (76 bytes).

189 unused section(s) (total 19127 bytes) removed from the image.

==============================================================================

Image Symbol Table

    Local Symbols

    Symbol Name                              Value     Ov Type        Size  Object(Section)

    RESET                                    0x00000000   Section      640  startup_hc32f460.o(RESET)
    ../clib/microlib/init/entry.s            0x00000000   Number         0  entry7b.o ABSOLUTE
    ../clib/microlib/init/entry.s            0x00000000   Number         0  entry8a.o ABSOLUTE
    ../clib/microlib/init/entry.s            0x00000000   Number         0  entry8b.o ABSOLUTE
    ../clib/microlib/init/entry.s            0x00000000   Number         0  entry2.o ABSOLUTE
    ../clib/microlib/init/entry.s            0x00000000   Number         0  entry9a.o ABSOLUTE
    ../clib/microlib/init/entry.s            0x00000000   Number         0  entry5.o ABSOLUTE
    ../clib/microlib/init/entry.s            0x00000000   Number         0  entry.o ABSOLUTE
    ../clib/microlib/init/entry.s            0x00000000   Number         0  entry9b.o ABSOLUTE
    ../clib/microlib/init/entry.s            0x00000000   Number         0  entry10a.o ABSOLUTE
    ../clib/microlib/init/entry.s            0x00000000   Number         0  entry10b.o ABSOLUTE
    ../clib/microlib/init/entry.s            0x00000000   Number         0  entry11a.o ABSOLUTE
    ../clib/microlib/init/entry.s            0x00000000   Number         0  entry11b.o ABSOLUTE
    ../clib/microlib/init/entry.s            0x00000000   Number         0  entry7a.o ABSOLUTE
    ../clib/microlib/string/memset.c         0x00000000   Number         0  memseta.o ABSOLUTE
    ..\..\bsp\ev_hc32f460_lqfp100_v2\ev_hc32f460_lqfp100_v2.c 0x00000000   Number         0  ev_hc32f460_lqfp100_v2.o ABSOLUTE
    ..\..\driver\src\hc32f460_clk.c          0x00000000   Number         0  hc32f460_clk.o ABSOLUTE
    ..\..\driver\src\hc32f460_efm.c          0x00000000   Number         0  hc32f460_efm.o ABSOLUTE
    ..\..\driver\src\hc32f460_exint_nmi_swi.c 0x00000000   Number         0  hc32f460_exint_nmi_swi.o ABSOLUTE
    ..\..\driver\src\hc32f460_gpio.c         0x00000000   Number         0  hc32f460_gpio.o ABSOLUTE
    ..\..\driver\src\hc32f460_icg.c          0x00000000   Number         0  hc32f460_icg.o ABSOLUTE
    ..\..\driver\src\hc32f460_interrupts.c   0x00000000   Number         0  hc32f460_interrupts.o ABSOLUTE
    ..\..\driver\src\hc32f460_keyscan.c      0x00000000   Number         0  hc32f460_keyscan.o ABSOLUTE
    ..\..\driver\src\hc32f460_pwc.c          0x00000000   Number         0  hc32f460_pwc.o ABSOLUTE
    ..\..\driver\src\hc32f460_sram.c         0x00000000   Number         0  hc32f460_sram.o ABSOLUTE
    ..\..\driver\src\hc32f460_utility.c      0x00000000   Number         0  hc32f460_utility.o ABSOLUTE
    ..\..\mcu\common\system_hc32f460.c       0x00000000   Number         0  system_hc32f460.o ABSOLUTE
    ..\\..\\bsp\\ev_hc32f460_lqfp100_v2\\ev_hc32f460_lqfp100_v2.c 0x00000000   Number         0  ev_hc32f460_lqfp100_v2.o ABSOLUTE
    ..\\..\\driver\\src\\hc32f460_clk.c      0x00000000   Number         0  hc32f460_clk.o ABSOLUTE
    ..\\..\\driver\\src\\hc32f460_efm.c      0x00000000   Number         0  hc32f460_efm.o ABSOLUTE
    ..\\..\\driver\\src\\hc32f460_exint_nmi_swi.c 0x00000000   Number         0  hc32f460_exint_nmi_swi.o ABSOLUTE
    ..\\..\\driver\\src\\hc32f460_gpio.c     0x00000000   Number         0  hc32f460_gpio.o ABSOLUTE
    ..\\..\\driver\\src\\hc32f460_icg.c      0x00000000   Number         0  hc32f460_icg.o ABSOLUTE
    ..\\..\\driver\\src\\hc32f460_interrupts.c 0x00000000   Number         0  hc32f460_interrupts.o ABSOLUTE
    ..\\..\\driver\\src\\hc32f460_keyscan.c  0x00000000   Number         0  hc32f460_keyscan.o ABSOLUTE
    ..\\..\\driver\\src\\hc32f460_pwc.c      0x00000000   Number         0  hc32f460_pwc.o ABSOLUTE
    ..\\..\\driver\\src\\hc32f460_sram.c     0x00000000   Number         0  hc32f460_sram.o ABSOLUTE
    ..\\..\\driver\\src\\hc32f460_utility.c  0x00000000   Number         0  hc32f460_utility.o ABSOLUTE
    ..\\..\\mcu\\common\\system_hc32f460.c   0x00000000   Number         0  system_hc32f460.o ABSOLUTE
    ..\\source\\main.c                       0x00000000   Number         0  main.o ABSOLUTE
    ..\source\main.c                         0x00000000   Number         0  main.o ABSOLUTE
    dc.s                                     0x00000000   Number         0  dc.o ABSOLUTE
    handlers.s                               0x00000000   Number         0  handlers.o ABSOLUTE
    init.s                                   0x00000000   Number         0  init.o ABSOLUTE
    startup_hc32f460.s                       0x00000000   Number         0  startup_hc32f460.o ABSOLUTE
    .ARM.Collect$$$$00000000                 0x00000280   Section        0  entry.o(.ARM.Collect$$$$00000000)
    .ARM.Collect$$$$00000001                 0x00000280   Section        4  entry2.o(.ARM.Collect$$$$00000001)
    .ARM.Collect$$$$00000004                 0x00000284   Section        4  entry5.o(.ARM.Collect$$$$00000004)
    .ARM.Collect$$$$00000008                 0x00000288   Section        0  entry7b.o(.ARM.Collect$$$$00000008)
    .ARM.Collect$$$$0000000A                 0x00000288   Section        0  entry8b.o(.ARM.Collect$$$$0000000A)
    .ARM.Collect$$$$0000000B                 0x00000288   Section        8  entry9a.o(.ARM.Collect$$$$0000000B)
    .ARM.Collect$$$$0000000D                 0x00000290   Section        0  entry10a.o(.ARM.Collect$$$$0000000D)
    .ARM.Collect$$$$0000000F                 0x00000290   Section        0  entry11a.o(.ARM.Collect$$$$0000000F)
    .ARM.Collect$$$$00002712                 0x00000290   Section        4  entry2.o(.ARM.Collect$$$$00002712)
    __lit__00000000                          0x00000290   Data           4  entry2.o(.ARM.Collect$$$$00002712)
    .text                                    0x00000294   Section       88  startup_hc32f460.o(.text)
    .text                                    0x000002ec   Section        0  memseta.o(.text)
    .text                                    0x00000310   Section       36  init.o(.text)
    i.BSP_ExIni_Init                         0x00000334   Section        0  ev_hc32f460_lqfp100_v2.o(i.BSP_ExIni_Init)
    i.BSP_LED_Init                           0x000003bc   Section        0  ev_hc32f460_lqfp100_v2.o(i.BSP_LED_Init)
    i.BusFault_Handler                       0x000003d8   Section        0  hc32f460_interrupts.o(i.BusFault_Handler)
    i.Ddl_AssertHandler                      0x000003e0   Section        0  hc32f460_utility.o(i.Ddl_AssertHandler)
    i.DebugMon_Handler                       0x000003e4   Section        0  hc32f460_interrupts.o(i.DebugMon_Handler)
    i.EFM_Unlock                             0x000003ec   Section        0  hc32f460_efm.o(i.EFM_Unlock)
    .ARM.__AT_0x00000400                     0x00000400   Section       32  hc32f460_icg.o(.ARM.__AT_0x00000400)
    i.BSP_CLK_Init                           0x00000420   Section        0  ev_hc32f460_lqfp100_v2.o(i.BSP_CLK_Init)
    i.CLK_GetFlagStatus                      0x000004f4   Section        0  hc32f460_clk.o(i.CLK_GetFlagStatus)
    i.CLK_MpllCmd                            0x000005b0   Section        0  hc32f460_clk.o(i.CLK_MpllCmd)
    i.CLK_MpllConfig                         0x00000674   Section        0  hc32f460_clk.o(i.CLK_MpllConfig)
    i.CLK_SetPllSource                       0x00000828   Section        0  hc32f460_clk.o(i.CLK_SetPllSource)
    i.CLK_SetSysClkSource                    0x000008a0   Section        0  hc32f460_clk.o(i.CLK_SetSysClkSource)
    i.CLK_SysClkConfig                       0x000009c4   Section        0  hc32f460_clk.o(i.CLK_SysClkConfig)
    i.CLK_XtalCmd                            0x00000b68   Section        0  hc32f460_clk.o(i.CLK_XtalCmd)
    i.CLK_XtalConfig                         0x00000c74   Section        0  hc32f460_clk.o(i.CLK_XtalConfig)
    i.Ddl_Delay1ms                           0x00000cd8   Section        0  hc32f460_utility.o(i.Ddl_Delay1ms)
    i.EFM_Lock                               0x00000d04   Section        0  hc32f460_efm.o(i.EFM_Lock)
    i.EFM_SetLatency                         0x00000d1c   Section        0  hc32f460_efm.o(i.EFM_SetLatency)
    i.EXINT_Init                             0x00000da0   Section        0  hc32f460_exint_nmi_swi.o(i.EXINT_Init)
    i.EXINT_IrqFlgClr                        0x00000e6c   Section        0  hc32f460_exint_nmi_swi.o(i.EXINT_IrqFlgClr)
    i.EXINT_IrqFlgGet                        0x00000e84   Section        0  hc32f460_exint_nmi_swi.o(i.EXINT_IrqFlgGet)
    i.ExtInt01_Callback                      0x00000f20   Section        0  ev_hc32f460_lqfp100_v2.o(i.ExtInt01_Callback)
    i.HardFault_Handler                      0x00000f3c   Section        0  hc32f460_interrupts.o(i.HardFault_Handler)
    i.IRQ000_Handler                         0x00000f44   Section        0  hc32f460_interrupts.o(i.IRQ000_Handler)
    i.IRQ001_Handler                         0x00000f58   Section        0  hc32f460_interrupts.o(i.IRQ001_Handler)
    i.IRQ002_Handler                         0x00000f6c   Section        0  hc32f460_interrupts.o(i.IRQ002_Handler)
    i.IRQ003_Handler                         0x00000f80   Section        0  hc32f460_interrupts.o(i.IRQ003_Handler)
    i.IRQ004_Handler                         0x00000f94   Section        0  hc32f460_interrupts.o(i.IRQ004_Handler)
    i.IRQ005_Handler                         0x00000fa8   Section        0  hc32f460_interrupts.o(i.IRQ005_Handler)
    i.IRQ006_Handler                         0x00000fbc   Section        0  hc32f460_interrupts.o(i.IRQ006_Handler)
    i.IRQ007_Handler                         0x00000fd0   Section        0  hc32f460_interrupts.o(i.IRQ007_Handler)
    i.IRQ008_Handler                         0x00000fe4   Section        0  hc32f460_interrupts.o(i.IRQ008_Handler)
    i.IRQ009_Handler                         0x00000ff8   Section        0  hc32f460_interrupts.o(i.IRQ009_Handler)
    i.IRQ010_Handler                         0x0000100c   Section        0  hc32f460_interrupts.o(i.IRQ010_Handler)
    i.IRQ011_Handler                         0x00001020   Section        0  hc32f460_interrupts.o(i.IRQ011_Handler)
    i.IRQ012_Handler                         0x00001034   Section        0  hc32f460_interrupts.o(i.IRQ012_Handler)
    i.IRQ013_Handler                         0x00001048   Section        0  hc32f460_interrupts.o(i.IRQ013_Handler)
    i.IRQ014_Handler                         0x0000105c   Section        0  hc32f460_interrupts.o(i.IRQ014_Handler)
    i.IRQ015_Handler                         0x00001070   Section        0  hc32f460_interrupts.o(i.IRQ015_Handler)
    i.IRQ016_Handler                         0x00001084   Section        0  hc32f460_interrupts.o(i.IRQ016_Handler)
    i.IRQ017_Handler                         0x00001098   Section        0  hc32f460_interrupts.o(i.IRQ017_Handler)
    i.IRQ018_Handler                         0x000010ac   Section        0  hc32f460_interrupts.o(i.IRQ018_Handler)
    i.IRQ019_Handler                         0x000010c0   Section        0  hc32f460_interrupts.o(i.IRQ019_Handler)
    i.IRQ020_Handler                         0x000010d4   Section        0  hc32f460_interrupts.o(i.IRQ020_Handler)
    i.IRQ021_Handler                         0x000010e8   Section        0  hc32f460_interrupts.o(i.IRQ021_Handler)
    i.IRQ022_Handler                         0x000010fc   Section        0  hc32f460_interrupts.o(i.IRQ022_Handler)
    i.IRQ023_Handler                         0x00001110   Section        0  hc32f460_interrupts.o(i.IRQ023_Handler)
    i.IRQ024_Handler                         0x00001124   Section        0  hc32f460_interrupts.o(i.IRQ024_Handler)
    i.IRQ025_Handler                         0x00001138   Section        0  hc32f460_interrupts.o(i.IRQ025_Handler)
    i.IRQ026_Handler                         0x0000114c   Section        0  hc32f460_interrupts.o(i.IRQ026_Handler)
    i.IRQ027_Handler                         0x00001160   Section        0  hc32f460_interrupts.o(i.IRQ027_Handler)
    i.IRQ028_Handler                         0x00001174   Section        0  hc32f460_interrupts.o(i.IRQ028_Handler)
    i.IRQ029_Handler                         0x00001188   Section        0  hc32f460_interrupts.o(i.IRQ029_Handler)
    i.IRQ030_Handler                         0x0000119c   Section        0  hc32f460_interrupts.o(i.IRQ030_Handler)
    i.IRQ031_Handler                         0x000011b0   Section        0  hc32f460_interrupts.o(i.IRQ031_Handler)
    i.IRQ032_Handler                         0x000011c4   Section        0  hc32f460_interrupts.o(i.IRQ032_Handler)
    i.IRQ033_Handler                         0x000011dc   Section        0  hc32f460_interrupts.o(i.IRQ033_Handler)
    i.IRQ034_Handler                         0x000011f4   Section        0  hc32f460_interrupts.o(i.IRQ034_Handler)
    i.IRQ035_Handler                         0x0000120c   Section        0  hc32f460_interrupts.o(i.IRQ035_Handler)
    i.IRQ036_Handler                         0x00001224   Section        0  hc32f460_interrupts.o(i.IRQ036_Handler)
    i.IRQ037_Handler                         0x0000123c   Section        0  hc32f460_interrupts.o(i.IRQ037_Handler)
    i.IRQ038_Handler                         0x00001254   Section        0  hc32f460_interrupts.o(i.IRQ038_Handler)
    i.IRQ039_Handler                         0x0000126c   Section        0  hc32f460_interrupts.o(i.IRQ039_Handler)
    i.IRQ040_Handler                         0x00001284   Section        0  hc32f460_interrupts.o(i.IRQ040_Handler)
    i.IRQ041_Handler                         0x0000129c   Section        0  hc32f460_interrupts.o(i.IRQ041_Handler)
    i.IRQ042_Handler                         0x000012b4   Section        0  hc32f460_interrupts.o(i.IRQ042_Handler)
    i.IRQ043_Handler                         0x000012cc   Section        0  hc32f460_interrupts.o(i.IRQ043_Handler)
    i.IRQ044_Handler                         0x000012e4   Section        0  hc32f460_interrupts.o(i.IRQ044_Handler)
    i.IRQ045_Handler                         0x000012fc   Section        0  hc32f460_interrupts.o(i.IRQ045_Handler)
    i.IRQ046_Handler                         0x00001314   Section        0  hc32f460_interrupts.o(i.IRQ046_Handler)
    i.IRQ047_Handler                         0x0000132c   Section        0  hc32f460_interrupts.o(i.IRQ047_Handler)
    i.IRQ048_Handler                         0x00001344   Section        0  hc32f460_interrupts.o(i.IRQ048_Handler)
    i.IRQ049_Handler                         0x0000135c   Section        0  hc32f460_interrupts.o(i.IRQ049_Handler)
    i.IRQ050_Handler                         0x00001374   Section        0  hc32f460_interrupts.o(i.IRQ050_Handler)
    i.IRQ051_Handler                         0x0000138c   Section        0  hc32f460_interrupts.o(i.IRQ051_Handler)
    i.IRQ052_Handler                         0x000013a4   Section        0  hc32f460_interrupts.o(i.IRQ052_Handler)
    i.IRQ053_Handler                         0x000013bc   Section        0  hc32f460_interrupts.o(i.IRQ053_Handler)
    i.IRQ054_Handler                         0x000013d4   Section        0  hc32f460_interrupts.o(i.IRQ054_Handler)
    i.IRQ055_Handler                         0x000013ec   Section        0  hc32f460_interrupts.o(i.IRQ055_Handler)
    i.IRQ056_Handler                         0x00001404   Section        0  hc32f460_interrupts.o(i.IRQ056_Handler)
    i.IRQ057_Handler                         0x0000141c   Section        0  hc32f460_interrupts.o(i.IRQ057_Handler)
    i.IRQ058_Handler                         0x00001434   Section        0  hc32f460_interrupts.o(i.IRQ058_Handler)
    i.IRQ059_Handler                         0x0000144c   Section        0  hc32f460_interrupts.o(i.IRQ059_Handler)
    i.IRQ060_Handler                         0x00001464   Section        0  hc32f460_interrupts.o(i.IRQ060_Handler)
    i.IRQ061_Handler                         0x0000147c   Section        0  hc32f460_interrupts.o(i.IRQ061_Handler)
    i.IRQ062_Handler                         0x00001494   Section        0  hc32f460_interrupts.o(i.IRQ062_Handler)
    i.IRQ063_Handler                         0x000014ac   Section        0  hc32f460_interrupts.o(i.IRQ063_Handler)
    i.IRQ064_Handler                         0x000014c4   Section        0  hc32f460_interrupts.o(i.IRQ064_Handler)
    i.IRQ065_Handler                         0x000014dc   Section        0  hc32f460_interrupts.o(i.IRQ065_Handler)
    i.IRQ066_Handler                         0x000014f4   Section        0  hc32f460_interrupts.o(i.IRQ066_Handler)
    i.IRQ067_Handler                         0x0000150c   Section        0  hc32f460_interrupts.o(i.IRQ067_Handler)
    i.IRQ068_Handler                         0x00001524   Section        0  hc32f460_interrupts.o(i.IRQ068_Handler)
    i.IRQ069_Handler                         0x0000153c   Section        0  hc32f460_interrupts.o(i.IRQ069_Handler)
    i.IRQ070_Handler                         0x00001554   Section        0  hc32f460_interrupts.o(i.IRQ070_Handler)
    i.IRQ071_Handler                         0x0000156c   Section        0  hc32f460_interrupts.o(i.IRQ071_Handler)
    i.IRQ072_Handler                         0x00001584   Section        0  hc32f460_interrupts.o(i.IRQ072_Handler)
    i.IRQ073_Handler                         0x0000159c   Section        0  hc32f460_interrupts.o(i.IRQ073_Handler)
    i.IRQ074_Handler                         0x000015b4   Section        0  hc32f460_interrupts.o(i.IRQ074_Handler)
    i.IRQ075_Handler                         0x000015cc   Section        0  hc32f460_interrupts.o(i.IRQ075_Handler)
    i.IRQ076_Handler                         0x000015e4   Section        0  hc32f460_interrupts.o(i.IRQ076_Handler)
    i.IRQ077_Handler                         0x000015fc   Section        0  hc32f460_interrupts.o(i.IRQ077_Handler)
    i.IRQ078_Handler                         0x00001614   Section        0  hc32f460_interrupts.o(i.IRQ078_Handler)
    i.IRQ079_Handler                         0x0000162c   Section        0  hc32f460_interrupts.o(i.IRQ079_Handler)
    i.IRQ080_Handler                         0x00001644   Section        0  hc32f460_interrupts.o(i.IRQ080_Handler)
    i.IRQ081_Handler                         0x0000165c   Section        0  hc32f460_interrupts.o(i.IRQ081_Handler)
    i.IRQ082_Handler                         0x00001674   Section        0  hc32f460_interrupts.o(i.IRQ082_Handler)
    i.IRQ083_Handler                         0x0000168c   Section        0  hc32f460_interrupts.o(i.IRQ083_Handler)
    i.IRQ084_Handler                         0x000016a4   Section        0  hc32f460_interrupts.o(i.IRQ084_Handler)
    i.IRQ085_Handler                         0x000016bc   Section        0  hc32f460_interrupts.o(i.IRQ085_Handler)
    i.IRQ086_Handler                         0x000016d4   Section        0  hc32f460_interrupts.o(i.IRQ086_Handler)
    i.IRQ087_Handler                         0x000016ec   Section        0  hc32f460_interrupts.o(i.IRQ087_Handler)
    i.IRQ088_Handler                         0x00001704   Section        0  hc32f460_interrupts.o(i.IRQ088_Handler)
    i.IRQ089_Handler                         0x0000171c   Section        0  hc32f460_interrupts.o(i.IRQ089_Handler)
    i.IRQ090_Handler                         0x00001734   Section        0  hc32f460_interrupts.o(i.IRQ090_Handler)
    i.IRQ091_Handler                         0x0000174c   Section        0  hc32f460_interrupts.o(i.IRQ091_Handler)
    i.IRQ092_Handler                         0x00001764   Section        0  hc32f460_interrupts.o(i.IRQ092_Handler)
    i.IRQ093_Handler                         0x0000177c   Section        0  hc32f460_interrupts.o(i.IRQ093_Handler)
    i.IRQ094_Handler                         0x00001794   Section        0  hc32f460_interrupts.o(i.IRQ094_Handler)
    i.IRQ095_Handler                         0x000017ac   Section        0  hc32f460_interrupts.o(i.IRQ095_Handler)
    i.IRQ096_Handler                         0x000017c4   Section        0  hc32f460_interrupts.o(i.IRQ096_Handler)
    i.IRQ097_Handler                         0x000017dc   Section        0  hc32f460_interrupts.o(i.IRQ097_Handler)
    i.IRQ098_Handler                         0x000017f4   Section        0  hc32f460_interrupts.o(i.IRQ098_Handler)
    i.IRQ099_Handler                         0x0000180c   Section        0  hc32f460_interrupts.o(i.IRQ099_Handler)
    i.IRQ100_Handler                         0x00001824   Section        0  hc32f460_interrupts.o(i.IRQ100_Handler)
    i.IRQ101_Handler                         0x0000183c   Section        0  hc32f460_interrupts.o(i.IRQ101_Handler)
    i.IRQ102_Handler                         0x00001854   Section        0  hc32f460_interrupts.o(i.IRQ102_Handler)
    i.IRQ103_Handler                         0x0000186c   Section        0  hc32f460_interrupts.o(i.IRQ103_Handler)
    i.IRQ104_Handler                         0x00001884   Section        0  hc32f460_interrupts.o(i.IRQ104_Handler)
    i.IRQ105_Handler                         0x0000189c   Section        0  hc32f460_interrupts.o(i.IRQ105_Handler)
    i.IRQ106_Handler                         0x000018b4   Section        0  hc32f460_interrupts.o(i.IRQ106_Handler)
    i.IRQ107_Handler                         0x000018cc   Section        0  hc32f460_interrupts.o(i.IRQ107_Handler)
    i.IRQ108_Handler                         0x000018e4   Section        0  hc32f460_interrupts.o(i.IRQ108_Handler)
    i.IRQ109_Handler                         0x000018fc   Section        0  hc32f460_interrupts.o(i.IRQ109_Handler)
    i.IRQ110_Handler                         0x00001914   Section        0  hc32f460_interrupts.o(i.IRQ110_Handler)
    i.IRQ111_Handler                         0x0000192c   Section        0  hc32f460_interrupts.o(i.IRQ111_Handler)
    i.IRQ112_Handler                         0x00001944   Section        0  hc32f460_interrupts.o(i.IRQ112_Handler)
    i.IRQ113_Handler                         0x0000195c   Section        0  hc32f460_interrupts.o(i.IRQ113_Handler)
    i.IRQ114_Handler                         0x00001974   Section        0  hc32f460_interrupts.o(i.IRQ114_Handler)
    i.IRQ115_Handler                         0x0000198c   Section        0  hc32f460_interrupts.o(i.IRQ115_Handler)
    i.IRQ116_Handler                         0x000019a4   Section        0  hc32f460_interrupts.o(i.IRQ116_Handler)
    i.IRQ117_Handler                         0x000019bc   Section        0  hc32f460_interrupts.o(i.IRQ117_Handler)
    i.IRQ118_Handler                         0x000019d4   Section        0  hc32f460_interrupts.o(i.IRQ118_Handler)
    i.IRQ119_Handler                         0x000019ec   Section        0  hc32f460_interrupts.o(i.IRQ119_Handler)
    i.IRQ120_Handler                         0x00001a04   Section        0  hc32f460_interrupts.o(i.IRQ120_Handler)
    i.IRQ121_Handler                         0x00001a1c   Section        0  hc32f460_interrupts.o(i.IRQ121_Handler)
    i.IRQ122_Handler                         0x00001a34   Section        0  hc32f460_interrupts.o(i.IRQ122_Handler)
    i.IRQ123_Handler                         0x00001a4c   Section        0  hc32f460_interrupts.o(i.IRQ123_Handler)
    i.IRQ124_Handler                         0x00001a64   Section        0  hc32f460_interrupts.o(i.IRQ124_Handler)
    i.IRQ125_Handler                         0x00001a7c   Section        0  hc32f460_interrupts.o(i.IRQ125_Handler)
    i.IRQ126_Handler                         0x00001a94   Section        0  hc32f460_interrupts.o(i.IRQ126_Handler)
    i.IRQ127_Handler                         0x00001aac   Section        0  hc32f460_interrupts.o(i.IRQ127_Handler)
    i.MemManage_Handler                      0x00001ac4   Section        0  hc32f460_interrupts.o(i.MemManage_Handler)
    i.NMI_Handler                            0x00001acc   Section        0  hc32f460_interrupts.o(i.NMI_Handler)
    i.NMI_IrqHandler                         0x00001ad4   Section        0  hc32f460_exint_nmi_swi.o(i.NMI_IrqHandler)
    i.PORT_Init                              0x00001b24   Section        0  hc32f460_gpio.o(i.PORT_Init)
    i.PORT_Lock                              0x00001d14   Section        0  hc32f460_gpio.o(i.PORT_Lock)
    i.PORT_ResetBits                         0x00001d24   Section        0  hc32f460_gpio.o(i.PORT_ResetBits)
    i.PORT_SetBits                           0x00001d8c   Section        0  hc32f460_gpio.o(i.PORT_SetBits)
    i.PORT_Unlock                            0x00001df4   Section        0  hc32f460_gpio.o(i.PORT_Unlock)
    i.PWC_ClearWakeup0Flag                   0x00001e04   Section        0  hc32f460_pwc.o(i.PWC_ClearWakeup0Flag)
    i.PWC_EnterPowerDownMd                   0x00001e7c   Section        0  hc32f460_pwc.o(i.PWC_EnterPowerDownMd)
    i.PWC_HS2HP                              0x00001f14   Section        0  hc32f460_pwc.o(i.PWC_HS2HP)
    i.PWC_PdWakeup0Cmd                       0x00001f5c   Section        0  hc32f460_pwc.o(i.PWC_PdWakeup0Cmd)
    i.PWC_PdWakeupEvtEdgeCfg                 0x00002000   Section        0  hc32f460_pwc.o(i.PWC_PdWakeupEvtEdgeCfg)
    i.PWC_PowerModeCfg                       0x000020a4   Section        0  hc32f460_pwc.o(i.PWC_PowerModeCfg)
    i.PendSV_Handler                         0x000021c0   Section        0  hc32f460_interrupts.o(i.PendSV_Handler)
    i.SRAM_CK_Disable                        0x000021c8   Section        0  hc32f460_sram.o(i.SRAM_CK_Disable)
    i.SRAM_CK_Enable                         0x000021d8   Section        0  hc32f460_sram.o(i.SRAM_CK_Enable)
    i.SRAM_Init                              0x000021e8   Section        0  hc32f460_sram.o(i.SRAM_Init)
    i.SRAM_WT_Disable                        0x00002370   Section        0  hc32f460_sram.o(i.SRAM_WT_Disable)
    i.SRAM_WT_Enable                         0x00002380   Section        0  hc32f460_sram.o(i.SRAM_WT_Enable)
    i.SVC_Handler                            0x00002390   Section        0  hc32f460_interrupts.o(i.SVC_Handler)
    i.SysTick_Handler                        0x00002398   Section        0  hc32f460_interrupts.o(i.SysTick_Handler)
    i.SystemCoreClockUpdate                  0x000023a0   Section        0  system_hc32f460.o(i.SystemCoreClockUpdate)
    i.SystemInit                             0x0000248c   Section        0  system_hc32f460.o(i.SystemInit)
    i.UsageFault_Handler                     0x00002494   Section        0  hc32f460_interrupts.o(i.UsageFault_Handler)
    i.__NVIC_ClearPendingIRQ                 0x0000249c   Section        0  ev_hc32f460_lqfp100_v2.o(i.__NVIC_ClearPendingIRQ)
    __NVIC_ClearPendingIRQ                   0x0000249d   Thumb Code    22  ev_hc32f460_lqfp100_v2.o(i.__NVIC_ClearPendingIRQ)
    i.__NVIC_EnableIRQ                       0x000024b8   Section        0  ev_hc32f460_lqfp100_v2.o(i.__NVIC_EnableIRQ)
    __NVIC_EnableIRQ                         0x000024b9   Thumb Code    26  ev_hc32f460_lqfp100_v2.o(i.__NVIC_EnableIRQ)
    i.__NVIC_SetPriority                     0x000024d4   Section        0  ev_hc32f460_lqfp100_v2.o(i.__NVIC_SetPriority)
    __NVIC_SetPriority                       0x000024d5   Thumb Code    32  ev_hc32f460_lqfp100_v2.o(i.__NVIC_SetPriority)
    i.__scatterload_copy                     0x000024fc   Section       14  handlers.o(i.__scatterload_copy)
    i.__scatterload_null                     0x0000250a   Section        2  handlers.o(i.__scatterload_null)
    i.__scatterload_zeroinit                 0x0000250c   Section       14  handlers.o(i.__scatterload_zeroinit)
    i.enIrqRegistration                      0x0000251c   Section        0  hc32f460_interrupts.o(i.enIrqRegistration)
    i.main                                   0x000025e0   Section        0  main.o(i.main)
    .data                                    0x1fff8000   Section        8  system_hc32f460.o(.data)
    .data                                    0x1fff8008   Section        4  hc32f460_exint_nmi_swi.o(.data)
    pfnNmiCallback                           0x1fff8008   Data           4  hc32f460_exint_nmi_swi.o(.data)
    .data                                    0x1fff800c   Section        8  ev_hc32f460_lqfp100_v2.o(.data)
    gu32GlobalKey                            0x1fff8010   Data           4  ev_hc32f460_lqfp100_v2.o(.data)
    .bss                                     0x1fff8014   Section      512  hc32f460_interrupts.o(.bss)
    STACK                                    0x1fff8218   Section     1024  startup_hc32f460.o(STACK)

    Global Symbols

    Symbol Name                              Value     Ov Type        Size  Object(Section)

    BuildAttributes$$THM_ISAv4$E$P$D$K$B$S$7EM$PE$A:L22UL41UL21$X:L11$S22US41US21$IEEE1$IW$USESV6$~STKCKD$USESV7$~SHL$OSPACE$EBA8$MICROLIB$REQ8$PRES8$EABIv2 0x00000000   Number         0  anon$$obj.o ABSOLUTE
    __ARM_use_no_argv                        0x00000000   Number         0  main.o ABSOLUTE
    __Vectors                                0x00000000   Data           4  startup_hc32f460.o(RESET)
    BusFault_IrqHandler                       - Undefined Weak Reference
    DebugMon_IrqHandler                       - Undefined Weak Reference
    HardFault_IrqHandler                      - Undefined Weak Reference
    MemManage_IrqHandler                      - Undefined Weak Reference
    PendSV_IrqHandler                         - Undefined Weak Reference
    SVC_IrqHandler                            - Undefined Weak Reference
    SysTick_IrqHandler                        - Undefined Weak Reference
    UsageFault_IrqHandler                     - Undefined Weak Reference
    __cpp_initialize__aeabi_                  - Undefined Weak Reference
    __cxa_finalize                            - Undefined Weak Reference
    __decompress                              - Undefined Weak Reference
    _clock_init                               - Undefined Weak Reference
    _microlib_exit                            - Undefined Weak Reference
    __Vectors_End                            0x00000280   Data           0  startup_hc32f460.o(RESET)
    __Vectors_Size                           0x00000280   Number         0  startup_hc32f460.o ABSOLUTE
    __main                                   0x00000281   Thumb Code     0  entry.o(.ARM.Collect$$$$00000000)
    _main_stk                                0x00000281   Thumb Code     0  entry2.o(.ARM.Collect$$$$00000001)
    _main_scatterload                        0x00000285   Thumb Code     0  entry5.o(.ARM.Collect$$$$00000004)
    __main_after_scatterload                 0x00000289   Thumb Code     0  entry5.o(.ARM.Collect$$$$00000004)
    _main_clock                              0x00000289   Thumb Code     0  entry7b.o(.ARM.Collect$$$$00000008)
    _main_cpp_init                           0x00000289   Thumb Code     0  entry8b.o(.ARM.Collect$$$$0000000A)
    _main_init                               0x00000289   Thumb Code     0  entry9a.o(.ARM.Collect$$$$0000000B)
    __rt_final_cpp                           0x00000291   Thumb Code     0  entry10a.o(.ARM.Collect$$$$0000000D)
    __rt_final_exit                          0x00000291   Thumb Code     0  entry11a.o(.ARM.Collect$$$$0000000F)
    Reset_Handler                            0x00000295   Thumb Code    48  startup_hc32f460.o(.text)
    IRQ128_Handler                           0x000002d7   Thumb Code     0  startup_hc32f460.o(.text)
    IRQ129_Handler                           0x000002d7   Thumb Code     0  startup_hc32f460.o(.text)
    IRQ130_Handler                           0x000002d7   Thumb Code     0  startup_hc32f460.o(.text)
    IRQ131_Handler                           0x000002d7   Thumb Code     0  startup_hc32f460.o(.text)
    IRQ132_Handler                           0x000002d7   Thumb Code     0  startup_hc32f460.o(.text)
    IRQ133_Handler                           0x000002d7   Thumb Code     0  startup_hc32f460.o(.text)
    IRQ134_Handler                           0x000002d7   Thumb Code     0  startup_hc32f460.o(.text)
    IRQ135_Handler                           0x000002d7   Thumb Code     0  startup_hc32f460.o(.text)
    IRQ136_Handler                           0x000002d7   Thumb Code     0  startup_hc32f460.o(.text)
    IRQ137_Handler                           0x000002d7   Thumb Code     0  startup_hc32f460.o(.text)
    IRQ138_Handler                           0x000002d7   Thumb Code     0  startup_hc32f460.o(.text)
    IRQ139_Handler                           0x000002d7   Thumb Code     0  startup_hc32f460.o(.text)
    IRQ140_Handler                           0x000002d7   Thumb Code     0  startup_hc32f460.o(.text)
    IRQ141_Handler                           0x000002d7   Thumb Code     0  startup_hc32f460.o(.text)
    IRQ142_Handler                           0x000002d7   Thumb Code     0  startup_hc32f460.o(.text)
    IRQ143_Handler                           0x000002d7   Thumb Code     0  startup_hc32f460.o(.text)
    __aeabi_memset                           0x000002ed   Thumb Code    14  memseta.o(.text)
    __aeabi_memset4                          0x000002ed   Thumb Code     0  memseta.o(.text)
    __aeabi_memset8                          0x000002ed   Thumb Code     0  memseta.o(.text)
    __aeabi_memclr                           0x000002fb   Thumb Code     4  memseta.o(.text)
    __aeabi_memclr4                          0x000002fb   Thumb Code     0  memseta.o(.text)
    __aeabi_memclr8                          0x000002fb   Thumb Code     0  memseta.o(.text)
    _memset$wrapper                          0x000002ff   Thumb Code    18  memseta.o(.text)
    __scatterload                            0x00000311   Thumb Code    28  init.o(.text)
    __scatterload_rt2                        0x00000311   Thumb Code     0  init.o(.text)
    BSP_ExIni_Init                           0x00000335   Thumb Code   130  ev_hc32f460_lqfp100_v2.o(i.BSP_ExIni_Init)
    BSP_LED_Init                             0x000003bd   Thumb Code    28  ev_hc32f460_lqfp100_v2.o(i.BSP_LED_Init)
    BusFault_Handler                         0x000003d9   Thumb Code     8  hc32f460_interrupts.o(i.BusFault_Handler)
    Ddl_AssertHandler                        0x000003e1   Thumb Code     4  hc32f460_utility.o(i.Ddl_AssertHandler)
    DebugMon_Handler                         0x000003e5   Thumb Code     8  hc32f460_interrupts.o(i.DebugMon_Handler)
    EFM_Unlock                               0x000003ed   Thumb Code    16  hc32f460_efm.o(i.EFM_Unlock)
    u32ICG                                   0x00000400   Data          32  hc32f460_icg.o(.ARM.__AT_0x00000400)
    BSP_CLK_Init                             0x00000421   Thumb Code   212  ev_hc32f460_lqfp100_v2.o(i.BSP_CLK_Init)
    CLK_GetFlagStatus                        0x000004f5   Thumb Code   152  hc32f460_clk.o(i.CLK_GetFlagStatus)
    CLK_MpllCmd                              0x000005b1   Thumb Code   156  hc32f460_clk.o(i.CLK_MpllCmd)
    CLK_MpllConfig                           0x00000675   Thumb Code   372  hc32f460_clk.o(i.CLK_MpllConfig)
    CLK_SetPllSource                         0x00000829   Thumb Code    80  hc32f460_clk.o(i.CLK_SetPllSource)
    CLK_SetSysClkSource                      0x000008a1   Thumb Code   240  hc32f460_clk.o(i.CLK_SetSysClkSource)
    CLK_SysClkConfig                         0x000009c5   Thumb Code   366  hc32f460_clk.o(i.CLK_SysClkConfig)
    CLK_XtalCmd                              0x00000b69   Thumb Code   224  hc32f460_clk.o(i.CLK_XtalCmd)
    CLK_XtalConfig                           0x00000c75   Thumb Code    92  hc32f460_clk.o(i.CLK_XtalConfig)
    Ddl_Delay1ms                             0x00000cd9   Thumb Code    40  hc32f460_utility.o(i.Ddl_Delay1ms)
    EFM_Lock                                 0x00000d05   Thumb Code    20  hc32f460_efm.o(i.EFM_Lock)
    EFM_SetLatency                           0x00000d1d   Thumb Code    94  hc32f460_efm.o(i.EFM_SetLatency)
    EXINT_Init                               0x00000da1   Thumb Code   156  hc32f460_exint_nmi_swi.o(i.EXINT_Init)
    EXINT_IrqFlgClr                          0x00000e6d   Thumb Code    20  hc32f460_exint_nmi_swi.o(i.EXINT_IrqFlgClr)
    EXINT_IrqFlgGet                          0x00000e85   Thumb Code   106  hc32f460_exint_nmi_swi.o(i.EXINT_IrqFlgGet)
    ExtInt01_Callback                        0x00000f21   Thumb Code    22  ev_hc32f460_lqfp100_v2.o(i.ExtInt01_Callback)
    HardFault_Handler                        0x00000f3d   Thumb Code     8  hc32f460_interrupts.o(i.HardFault_Handler)
    IRQ000_Handler                           0x00000f45   Thumb Code    16  hc32f460_interrupts.o(i.IRQ000_Handler)
    IRQ001_Handler                           0x00000f59   Thumb Code    16  hc32f460_interrupts.o(i.IRQ001_Handler)
    IRQ002_Handler                           0x00000f6d   Thumb Code    16  hc32f460_interrupts.o(i.IRQ002_Handler)
    IRQ003_Handler                           0x00000f81   Thumb Code    16  hc32f460_interrupts.o(i.IRQ003_Handler)
    IRQ004_Handler                           0x00000f95   Thumb Code    16  hc32f460_interrupts.o(i.IRQ004_Handler)
    IRQ005_Handler                           0x00000fa9   Thumb Code    16  hc32f460_interrupts.o(i.IRQ005_Handler)
    IRQ006_Handler                           0x00000fbd   Thumb Code    16  hc32f460_interrupts.o(i.IRQ006_Handler)
    IRQ007_Handler                           0x00000fd1   Thumb Code    16  hc32f460_interrupts.o(i.IRQ007_Handler)
    IRQ008_Handler                           0x00000fe5   Thumb Code    16  hc32f460_interrupts.o(i.IRQ008_Handler)
    IRQ009_Handler                           0x00000ff9   Thumb Code    16  hc32f460_interrupts.o(i.IRQ009_Handler)
    IRQ010_Handler                           0x0000100d   Thumb Code    16  hc32f460_interrupts.o(i.IRQ010_Handler)
    IRQ011_Handler                           0x00001021   Thumb Code    16  hc32f460_interrupts.o(i.IRQ011_Handler)
    IRQ012_Handler                           0x00001035   Thumb Code    16  hc32f460_interrupts.o(i.IRQ012_Handler)
    IRQ013_Handler                           0x00001049   Thumb Code    16  hc32f460_interrupts.o(i.IRQ013_Handler)
    IRQ014_Handler                           0x0000105d   Thumb Code    16  hc32f460_interrupts.o(i.IRQ014_Handler)
    IRQ015_Handler                           0x00001071   Thumb Code    16  hc32f460_interrupts.o(i.IRQ015_Handler)
    IRQ016_Handler                           0x00001085   Thumb Code    16  hc32f460_interrupts.o(i.IRQ016_Handler)
    IRQ017_Handler                           0x00001099   Thumb Code    16  hc32f460_interrupts.o(i.IRQ017_Handler)
    IRQ018_Handler                           0x000010ad   Thumb Code    16  hc32f460_interrupts.o(i.IRQ018_Handler)
    IRQ019_Handler                           0x000010c1   Thumb Code    16  hc32f460_interrupts.o(i.IRQ019_Handler)
    IRQ020_Handler                           0x000010d5   Thumb Code    16  hc32f460_interrupts.o(i.IRQ020_Handler)
    IRQ021_Handler                           0x000010e9   Thumb Code    16  hc32f460_interrupts.o(i.IRQ021_Handler)
    IRQ022_Handler                           0x000010fd   Thumb Code    16  hc32f460_interrupts.o(i.IRQ022_Handler)
    IRQ023_Handler                           0x00001111   Thumb Code    16  hc32f460_interrupts.o(i.IRQ023_Handler)
    IRQ024_Handler                           0x00001125   Thumb Code    16  hc32f460_interrupts.o(i.IRQ024_Handler)
    IRQ025_Handler                           0x00001139   Thumb Code    16  hc32f460_interrupts.o(i.IRQ025_Handler)
    IRQ026_Handler                           0x0000114d   Thumb Code    16  hc32f460_interrupts.o(i.IRQ026_Handler)
    IRQ027_Handler                           0x00001161   Thumb Code    16  hc32f460_interrupts.o(i.IRQ027_Handler)
    IRQ028_Handler                           0x00001175   Thumb Code    16  hc32f460_interrupts.o(i.IRQ028_Handler)
    IRQ029_Handler                           0x00001189   Thumb Code    16  hc32f460_interrupts.o(i.IRQ029_Handler)
    IRQ030_Handler                           0x0000119d   Thumb Code    16  hc32f460_interrupts.o(i.IRQ030_Handler)
    IRQ031_Handler                           0x000011b1   Thumb Code    16  hc32f460_interrupts.o(i.IRQ031_Handler)
    IRQ032_Handler                           0x000011c5   Thumb Code    20  hc32f460_interrupts.o(i.IRQ032_Handler)
    IRQ033_Handler                           0x000011dd   Thumb Code    20  hc32f460_interrupts.o(i.IRQ033_Handler)
    IRQ034_Handler                           0x000011f5   Thumb Code    20  hc32f460_interrupts.o(i.IRQ034_Handler)
    IRQ035_Handler                           0x0000120d   Thumb Code    20  hc32f460_interrupts.o(i.IRQ035_Handler)
    IRQ036_Handler                           0x00001225   Thumb Code    20  hc32f460_interrupts.o(i.IRQ036_Handler)
    IRQ037_Handler                           0x0000123d   Thumb Code    20  hc32f460_interrupts.o(i.IRQ037_Handler)
    IRQ038_Handler                           0x00001255   Thumb Code    20  hc32f460_interrupts.o(i.IRQ038_Handler)
    IRQ039_Handler                           0x0000126d   Thumb Code    20  hc32f460_interrupts.o(i.IRQ039_Handler)
    IRQ040_Handler                           0x00001285   Thumb Code    20  hc32f460_interrupts.o(i.IRQ040_Handler)
    IRQ041_Handler                           0x0000129d   Thumb Code    20  hc32f460_interrupts.o(i.IRQ041_Handler)
    IRQ042_Handler                           0x000012b5   Thumb Code    20  hc32f460_interrupts.o(i.IRQ042_Handler)
    IRQ043_Handler                           0x000012cd   Thumb Code    20  hc32f460_interrupts.o(i.IRQ043_Handler)
    IRQ044_Handler                           0x000012e5   Thumb Code    20  hc32f460_interrupts.o(i.IRQ044_Handler)
    IRQ045_Handler                           0x000012fd   Thumb Code    20  hc32f460_interrupts.o(i.IRQ045_Handler)
    IRQ046_Handler                           0x00001315   Thumb Code    20  hc32f460_interrupts.o(i.IRQ046_Handler)
    IRQ047_Handler                           0x0000132d   Thumb Code    20  hc32f460_interrupts.o(i.IRQ047_Handler)
    IRQ048_Handler                           0x00001345   Thumb Code    20  hc32f460_interrupts.o(i.IRQ048_Handler)
    IRQ049_Handler                           0x0000135d   Thumb Code    20  hc32f460_interrupts.o(i.IRQ049_Handler)
    IRQ050_Handler                           0x00001375   Thumb Code    20  hc32f460_interrupts.o(i.IRQ050_Handler)
    IRQ051_Handler                           0x0000138d   Thumb Code    20  hc32f460_interrupts.o(i.IRQ051_Handler)
    IRQ052_Handler                           0x000013a5   Thumb Code    20  hc32f460_interrupts.o(i.IRQ052_Handler)
    IRQ053_Handler                           0x000013bd   Thumb Code    20  hc32f460_interrupts.o(i.IRQ053_Handler)
    IRQ054_Handler                           0x000013d5   Thumb Code    20  hc32f460_interrupts.o(i.IRQ054_Handler)
    IRQ055_Handler                           0x000013ed   Thumb Code    20  hc32f460_interrupts.o(i.IRQ055_Handler)
    IRQ056_Handler                           0x00001405   Thumb Code    20  hc32f460_interrupts.o(i.IRQ056_Handler)
    IRQ057_Handler                           0x0000141d   Thumb Code    20  hc32f460_interrupts.o(i.IRQ057_Handler)
    IRQ058_Handler                           0x00001435   Thumb Code    20  hc32f460_interrupts.o(i.IRQ058_Handler)
    IRQ059_Handler                           0x0000144d   Thumb Code    20  hc32f460_interrupts.o(i.IRQ059_Handler)
    IRQ060_Handler                           0x00001465   Thumb Code    20  hc32f460_interrupts.o(i.IRQ060_Handler)
    IRQ061_Handler                           0x0000147d   Thumb Code    20  hc32f460_interrupts.o(i.IRQ061_Handler)
    IRQ062_Handler                           0x00001495   Thumb Code    20  hc32f460_interrupts.o(i.IRQ062_Handler)
    IRQ063_Handler                           0x000014ad   Thumb Code    20  hc32f460_interrupts.o(i.IRQ063_Handler)
    IRQ064_Handler                           0x000014c5   Thumb Code    20  hc32f460_interrupts.o(i.IRQ064_Handler)
    IRQ065_Handler                           0x000014dd   Thumb Code    20  hc32f460_interrupts.o(i.IRQ065_Handler)
    IRQ066_Handler                           0x000014f5   Thumb Code    20  hc32f460_interrupts.o(i.IRQ066_Handler)
    IRQ067_Handler                           0x0000150d   Thumb Code    20  hc32f460_interrupts.o(i.IRQ067_Handler)
    IRQ068_Handler                           0x00001525   Thumb Code    20  hc32f460_interrupts.o(i.IRQ068_Handler)
    IRQ069_Handler                           0x0000153d   Thumb Code    20  hc32f460_interrupts.o(i.IRQ069_Handler)
    IRQ070_Handler                           0x00001555   Thumb Code    20  hc32f460_interrupts.o(i.IRQ070_Handler)
    IRQ071_Handler                           0x0000156d   Thumb Code    20  hc32f460_interrupts.o(i.IRQ071_Handler)
    IRQ072_Handler                           0x00001585   Thumb Code    20  hc32f460_interrupts.o(i.IRQ072_Handler)
    IRQ073_Handler                           0x0000159d   Thumb Code    20  hc32f460_interrupts.o(i.IRQ073_Handler)
    IRQ074_Handler                           0x000015b5   Thumb Code    20  hc32f460_interrupts.o(i.IRQ074_Handler)
    IRQ075_Handler                           0x000015cd   Thumb Code    20  hc32f460_interrupts.o(i.IRQ075_Handler)
    IRQ076_Handler                           0x000015e5   Thumb Code    20  hc32f460_interrupts.o(i.IRQ076_Handler)
    IRQ077_Handler                           0x000015fd   Thumb Code    20  hc32f460_interrupts.o(i.IRQ077_Handler)
    IRQ078_Handler                           0x00001615   Thumb Code    20  hc32f460_interrupts.o(i.IRQ078_Handler)
    IRQ079_Handler                           0x0000162d   Thumb Code    20  hc32f460_interrupts.o(i.IRQ079_Handler)
    IRQ080_Handler                           0x00001645   Thumb Code    20  hc32f460_interrupts.o(i.IRQ080_Handler)
    IRQ081_Handler                           0x0000165d   Thumb Code    20  hc32f460_interrupts.o(i.IRQ081_Handler)
    IRQ082_Handler                           0x00001675   Thumb Code    20  hc32f460_interrupts.o(i.IRQ082_Handler)
    IRQ083_Handler                           0x0000168d   Thumb Code    20  hc32f460_interrupts.o(i.IRQ083_Handler)
    IRQ084_Handler                           0x000016a5   Thumb Code    20  hc32f460_interrupts.o(i.IRQ084_Handler)
    IRQ085_Handler                           0x000016bd   Thumb Code    20  hc32f460_interrupts.o(i.IRQ085_Handler)
    IRQ086_Handler                           0x000016d5   Thumb Code    20  hc32f460_interrupts.o(i.IRQ086_Handler)
    IRQ087_Handler                           0x000016ed   Thumb Code    20  hc32f460_interrupts.o(i.IRQ087_Handler)
    IRQ088_Handler                           0x00001705   Thumb Code    20  hc32f460_interrupts.o(i.IRQ088_Handler)
    IRQ089_Handler                           0x0000171d   Thumb Code    20  hc32f460_interrupts.o(i.IRQ089_Handler)
    IRQ090_Handler                           0x00001735   Thumb Code    20  hc32f460_interrupts.o(i.IRQ090_Handler)
    IRQ091_Handler                           0x0000174d   Thumb Code    20  hc32f460_interrupts.o(i.IRQ091_Handler)
    IRQ092_Handler                           0x00001765   Thumb Code    20  hc32f460_interrupts.o(i.IRQ092_Handler)
    IRQ093_Handler                           0x0000177d   Thumb Code    20  hc32f460_interrupts.o(i.IRQ093_Handler)
    IRQ094_Handler                           0x00001795   Thumb Code    20  hc32f460_interrupts.o(i.IRQ094_Handler)
    IRQ095_Handler                           0x000017ad   Thumb Code    20  hc32f460_interrupts.o(i.IRQ095_Handler)
    IRQ096_Handler                           0x000017c5   Thumb Code    20  hc32f460_interrupts.o(i.IRQ096_Handler)
    IRQ097_Handler                           0x000017dd   Thumb Code    20  hc32f460_interrupts.o(i.IRQ097_Handler)
    IRQ098_Handler                           0x000017f5   Thumb Code    20  hc32f460_interrupts.o(i.IRQ098_Handler)
    IRQ099_Handler                           0x0000180d   Thumb Code    20  hc32f460_interrupts.o(i.IRQ099_Handler)
    IRQ100_Handler                           0x00001825   Thumb Code    20  hc32f460_interrupts.o(i.IRQ100_Handler)
    IRQ101_Handler                           0x0000183d   Thumb Code    20  hc32f460_interrupts.o(i.IRQ101_Handler)
    IRQ102_Handler                           0x00001855   Thumb Code    20  hc32f460_interrupts.o(i.IRQ102_Handler)
    IRQ103_Handler                           0x0000186d   Thumb Code    20  hc32f460_interrupts.o(i.IRQ103_Handler)
    IRQ104_Handler                           0x00001885   Thumb Code    20  hc32f460_interrupts.o(i.IRQ104_Handler)
    IRQ105_Handler                           0x0000189d   Thumb Code    20  hc32f460_interrupts.o(i.IRQ105_Handler)
    IRQ106_Handler                           0x000018b5   Thumb Code    20  hc32f460_interrupts.o(i.IRQ106_Handler)
    IRQ107_Handler                           0x000018cd   Thumb Code    20  hc32f460_interrupts.o(i.IRQ107_Handler)
    IRQ108_Handler                           0x000018e5   Thumb Code    20  hc32f460_interrupts.o(i.IRQ108_Handler)
    IRQ109_Handler                           0x000018fd   Thumb Code    20  hc32f460_interrupts.o(i.IRQ109_Handler)
    IRQ110_Handler                           0x00001915   Thumb Code    20  hc32f460_interrupts.o(i.IRQ110_Handler)
    IRQ111_Handler                           0x0000192d   Thumb Code    20  hc32f460_interrupts.o(i.IRQ111_Handler)
    IRQ112_Handler                           0x00001945   Thumb Code    20  hc32f460_interrupts.o(i.IRQ112_Handler)
    IRQ113_Handler                           0x0000195d   Thumb Code    20  hc32f460_interrupts.o(i.IRQ113_Handler)
    IRQ114_Handler                           0x00001975   Thumb Code    20  hc32f460_interrupts.o(i.IRQ114_Handler)
    IRQ115_Handler                           0x0000198d   Thumb Code    20  hc32f460_interrupts.o(i.IRQ115_Handler)
    IRQ116_Handler                           0x000019a5   Thumb Code    20  hc32f460_interrupts.o(i.IRQ116_Handler)
    IRQ117_Handler                           0x000019bd   Thumb Code    20  hc32f460_interrupts.o(i.IRQ117_Handler)
    IRQ118_Handler                           0x000019d5   Thumb Code    20  hc32f460_interrupts.o(i.IRQ118_Handler)
    IRQ119_Handler                           0x000019ed   Thumb Code    20  hc32f460_interrupts.o(i.IRQ119_Handler)
    IRQ120_Handler                           0x00001a05   Thumb Code    20  hc32f460_interrupts.o(i.IRQ120_Handler)
    IRQ121_Handler                           0x00001a1d   Thumb Code    20  hc32f460_interrupts.o(i.IRQ121_Handler)
    IRQ122_Handler                           0x00001a35   Thumb Code    20  hc32f460_interrupts.o(i.IRQ122_Handler)
    IRQ123_Handler                           0x00001a4d   Thumb Code    20  hc32f460_interrupts.o(i.IRQ123_Handler)
    IRQ124_Handler                           0x00001a65   Thumb Code    20  hc32f460_interrupts.o(i.IRQ124_Handler)
    IRQ125_Handler                           0x00001a7d   Thumb Code    20  hc32f460_interrupts.o(i.IRQ125_Handler)
    IRQ126_Handler                           0x00001a95   Thumb Code    20  hc32f460_interrupts.o(i.IRQ126_Handler)
    IRQ127_Handler                           0x00001aad   Thumb Code    20  hc32f460_interrupts.o(i.IRQ127_Handler)
    MemManage_Handler                        0x00001ac5   Thumb Code     8  hc32f460_interrupts.o(i.MemManage_Handler)
    NMI_Handler                              0x00001acd   Thumb Code     8  hc32f460_interrupts.o(i.NMI_Handler)
    NMI_IrqHandler                           0x00001ad5   Thumb Code    32  hc32f460_exint_nmi_swi.o(i.NMI_IrqHandler)
    PORT_Init                                0x00001b25   Thumb Code   456  hc32f460_gpio.o(i.PORT_Init)
    PORT_Lock                                0x00001d15   Thumb Code    10  hc32f460_gpio.o(i.PORT_Lock)
    PORT_ResetBits                           0x00001d25   Thumb Code    62  hc32f460_gpio.o(i.PORT_ResetBits)
    PORT_SetBits                             0x00001d8d   Thumb Code    62  hc32f460_gpio.o(i.PORT_SetBits)
    PORT_Unlock                              0x00001df5   Thumb Code    10  hc32f460_gpio.o(i.PORT_Unlock)
    PWC_ClearWakeup0Flag                     0x00001e05   Thumb Code    78  hc32f460_pwc.o(i.PWC_ClearWakeup0Flag)
    PWC_EnterPowerDownMd                     0x00001e7d   Thumb Code   142  hc32f460_pwc.o(i.PWC_EnterPowerDownMd)
    PWC_HS2HP                                0x00001f15   Thumb Code    64  hc32f460_pwc.o(i.PWC_HS2HP)
    PWC_PdWakeup0Cmd                         0x00001f5d   Thumb Code   122  hc32f460_pwc.o(i.PWC_PdWakeup0Cmd)
    PWC_PdWakeupEvtEdgeCfg                   0x00002001   Thumb Code   122  hc32f460_pwc.o(i.PWC_PdWakeupEvtEdgeCfg)
    PWC_PowerModeCfg                         0x000020a5   Thumb Code   244  hc32f460_pwc.o(i.PWC_PowerModeCfg)
    PendSV_Handler                           0x000021c1   Thumb Code     8  hc32f460_interrupts.o(i.PendSV_Handler)
    SRAM_CK_Disable                          0x000021c9   Thumb Code    10  hc32f460_sram.o(i.SRAM_CK_Disable)
    SRAM_CK_Enable                           0x000021d9   Thumb Code    10  hc32f460_sram.o(i.SRAM_CK_Enable)
    SRAM_Init                                0x000021e9   Thumb Code   350  hc32f460_sram.o(i.SRAM_Init)
    SRAM_WT_Disable                          0x00002371   Thumb Code    10  hc32f460_sram.o(i.SRAM_WT_Disable)
    SRAM_WT_Enable                           0x00002381   Thumb Code    10  hc32f460_sram.o(i.SRAM_WT_Enable)
    SVC_Handler                              0x00002391   Thumb Code     8  hc32f460_interrupts.o(i.SVC_Handler)
    SysTick_Handler                          0x00002399   Thumb Code     8  hc32f460_interrupts.o(i.SysTick_Handler)
    SystemCoreClockUpdate                    0x000023a1   Thumb Code   206  system_hc32f460.o(i.SystemCoreClockUpdate)
    SystemInit                               0x0000248d   Thumb Code     8  system_hc32f460.o(i.SystemInit)
    UsageFault_Handler                       0x00002495   Thumb Code     8  hc32f460_interrupts.o(i.UsageFault_Handler)
    __scatterload_copy                       0x000024fd   Thumb Code    14  handlers.o(i.__scatterload_copy)
    __scatterload_null                       0x0000250b   Thumb Code     2  handlers.o(i.__scatterload_null)
    __scatterload_zeroinit                   0x0000250d   Thumb Code    14  handlers.o(i.__scatterload_zeroinit)
    enIrqRegistration                        0x0000251d   Thumb Code   146  hc32f460_interrupts.o(i.enIrqRegistration)
    main                                     0x000025e1   Thumb Code   168  main.o(i.main)
    Region$$Table$$Base                      0x0000268c   Number         0  anon$$obj.o(Region$$Table)
    Region$$Table$$Limit                     0x000026ac   Number         0  anon$$obj.o(Region$$Table)
    HRC_VALUE                                0x1fff8000   Data           4  system_hc32f460.o(.data)
    SystemCoreClock                          0x1fff8004   Data           4  system_hc32f460.o(.data)
    PowerDownFlag                            0x1fff800c   Data           1  ev_hc32f460_lqfp100_v2.o(.data)
    IrqHandler                               0x1fff8014   Data         512  hc32f460_interrupts.o(.bss)
    __initial_sp                             0x1fff8618   Data           0  startup_hc32f460.o(STACK)



==============================================================================

Memory Map of the image

  Image Entry point : 0x00000281

  Load Region LR_IROM1 (Base: 0x00000000, Size: 0x000026c0, Max: 0x00080000, ABSOLUTE)

    Execution Region ER_IROM1 (Base: 0x00000000, Size: 0x000026ac, Max: 0x00080000, ABSOLUTE)

    Base Addr    Size         Type   Attr      Idx    E Section Name        Object

    0x00000000   0x00000280   Data   RO            3    RESET               startup_hc32f460.o
    0x00000280   0x00000000   Code   RO         2299  * .ARM.Collect$$$$00000000  mc_w.l(entry.o)
    0x00000280   0x00000004   Code   RO         2304    .ARM.Collect$$$$00000001  mc_w.l(entry2.o)
    0x00000284   0x00000004   Code   RO         2307    .ARM.Collect$$$$00000004  mc_w.l(entry5.o)
    0x00000288   0x00000000   Code   RO         2309    .ARM.Collect$$$$00000008  mc_w.l(entry7b.o)
    0x00000288   0x00000000   Code   RO         2311    .ARM.Collect$$$$0000000A  mc_w.l(entry8b.o)
    0x00000288   0x00000008   Code   RO         2312    .ARM.Collect$$$$0000000B  mc_w.l(entry9a.o)
    0x00000290   0x00000000   Code   RO         2314    .ARM.Collect$$$$0000000D  mc_w.l(entry10a.o)
    0x00000290   0x00000000   Code   RO         2316    .ARM.Collect$$$$0000000F  mc_w.l(entry11a.o)
    0x00000290   0x00000004   Code   RO         2305    .ARM.Collect$$$$00002712  mc_w.l(entry2.o)
    0x00000294   0x00000058   Code   RO            4    .text               startup_hc32f460.o
    0x000002ec   0x00000024   Code   RO         2302    .text               mc_w.l(memseta.o)
    0x00000310   0x00000024   Code   RO         2318    .text               mc_w.l(init.o)
    0x00000334   0x00000088   Code   RO         2174    i.BSP_ExIni_Init    ev_hc32f460_lqfp100_v2.o
    0x000003bc   0x0000001c   Code   RO         2182    i.BSP_LED_Init      ev_hc32f460_lqfp100_v2.o
    0x000003d8   0x00000008   Code   RO          534    i.BusFault_Handler  hc32f460_interrupts.o
    0x000003e0   0x00000004   Code   RO          146    i.Ddl_AssertHandler  hc32f460_utility.o
    0x000003e4   0x00000008   Code   RO          535    i.DebugMon_Handler  hc32f460_interrupts.o
    0x000003ec   0x00000014   Code   RO         1721    i.EFM_Unlock        hc32f460_efm.o
    0x00000400   0x00000020   Data   RO         1677    .ARM.__AT_0x00000400  hc32f460_icg.o
    0x00000420   0x000000d4   Code   RO         2173    i.BSP_CLK_Init      ev_hc32f460_lqfp100_v2.o
    0x000004f4   0x000000bc   Code   RO         1444    i.CLK_GetFlagStatus  hc32f460_clk.o
    0x000005b0   0x000000c4   Code   RO         1452    i.CLK_MpllCmd       hc32f460_clk.o
    0x00000674   0x000001b4   Code   RO         1453    i.CLK_MpllConfig    hc32f460_clk.o
    0x00000828   0x00000078   Code   RO         1460    i.CLK_SetPllSource  hc32f460_clk.o
    0x000008a0   0x00000124   Code   RO         1461    i.CLK_SetSysClkSource  hc32f460_clk.o
    0x000009c4   0x000001a4   Code   RO         1463    i.CLK_SysClkConfig  hc32f460_clk.o
    0x00000b68   0x0000010c   Code   RO         1470    i.CLK_XtalCmd       hc32f460_clk.o
    0x00000c74   0x00000064   Code   RO         1471    i.CLK_XtalConfig    hc32f460_clk.o
    0x00000cd8   0x0000002c   Code   RO          147    i.Ddl_Delay1ms      hc32f460_utility.o
    0x00000d04   0x00000018   Code   RO         1707    i.EFM_Lock          hc32f460_efm.o
    0x00000d1c   0x00000084   Code   RO         1716    i.EFM_SetLatency    hc32f460_efm.o
    0x00000da0   0x000000cc   Code   RO         2045    i.EXINT_Init        hc32f460_exint_nmi_swi.o
    0x00000e6c   0x00000018   Code   RO         2046    i.EXINT_IrqFlgClr   hc32f460_exint_nmi_swi.o
    0x00000e84   0x0000009c   Code   RO         2047    i.EXINT_IrqFlgGet   hc32f460_exint_nmi_swi.o
    0x00000f20   0x0000001c   Code   RO         2187    i.ExtInt01_Callback  ev_hc32f460_lqfp100_v2.o
    0x00000f3c   0x00000008   Code   RO          536    i.HardFault_Handler  hc32f460_interrupts.o
    0x00000f44   0x00000014   Code   RO          537    i.IRQ000_Handler    hc32f460_interrupts.o
    0x00000f58   0x00000014   Code   RO          538    i.IRQ001_Handler    hc32f460_interrupts.o
    0x00000f6c   0x00000014   Code   RO          539    i.IRQ002_Handler    hc32f460_interrupts.o
    0x00000f80   0x00000014   Code   RO          540    i.IRQ003_Handler    hc32f460_interrupts.o
    0x00000f94   0x00000014   Code   RO          541    i.IRQ004_Handler    hc32f460_interrupts.o
    0x00000fa8   0x00000014   Code   RO          542    i.IRQ005_Handler    hc32f460_interrupts.o
    0x00000fbc   0x00000014   Code   RO          543    i.IRQ006_Handler    hc32f460_interrupts.o
    0x00000fd0   0x00000014   Code   RO          544    i.IRQ007_Handler    hc32f460_interrupts.o
    0x00000fe4   0x00000014   Code   RO          545    i.IRQ008_Handler    hc32f460_interrupts.o
    0x00000ff8   0x00000014   Code   RO          546    i.IRQ009_Handler    hc32f460_interrupts.o
    0x0000100c   0x00000014   Code   RO          547    i.IRQ010_Handler    hc32f460_interrupts.o
    0x00001020   0x00000014   Code   RO          548    i.IRQ011_Handler    hc32f460_interrupts.o
    0x00001034   0x00000014   Code   RO          549    i.IRQ012_Handler    hc32f460_interrupts.o
    0x00001048   0x00000014   Code   RO          550    i.IRQ013_Handler    hc32f460_interrupts.o
    0x0000105c   0x00000014   Code   RO          551    i.IRQ014_Handler    hc32f460_interrupts.o
    0x00001070   0x00000014   Code   RO          552    i.IRQ015_Handler    hc32f460_interrupts.o
    0x00001084   0x00000014   Code   RO          553    i.IRQ016_Handler    hc32f460_interrupts.o
    0x00001098   0x00000014   Code   RO          554    i.IRQ017_Handler    hc32f460_interrupts.o
    0x000010ac   0x00000014   Code   RO          555    i.IRQ018_Handler    hc32f460_interrupts.o
    0x000010c0   0x00000014   Code   RO          556    i.IRQ019_Handler    hc32f460_interrupts.o
    0x000010d4   0x00000014   Code   RO          557    i.IRQ020_Handler    hc32f460_interrupts.o
    0x000010e8   0x00000014   Code   RO          558    i.IRQ021_Handler    hc32f460_interrupts.o
    0x000010fc   0x00000014   Code   RO          559    i.IRQ022_Handler    hc32f460_interrupts.o
    0x00001110   0x00000014   Code   RO          560    i.IRQ023_Handler    hc32f460_interrupts.o
    0x00001124   0x00000014   Code   RO          561    i.IRQ024_Handler    hc32f460_interrupts.o
    0x00001138   0x00000014   Code   RO          562    i.IRQ025_Handler    hc32f460_interrupts.o
    0x0000114c   0x00000014   Code   RO          563    i.IRQ026_Handler    hc32f460_interrupts.o
    0x00001160   0x00000014   Code   RO          564    i.IRQ027_Handler    hc32f460_interrupts.o
    0x00001174   0x00000014   Code   RO          565    i.IRQ028_Handler    hc32f460_interrupts.o
    0x00001188   0x00000014   Code   RO          566    i.IRQ029_Handler    hc32f460_interrupts.o
    0x0000119c   0x00000014   Code   RO          567    i.IRQ030_Handler    hc32f460_interrupts.o
    0x000011b0   0x00000014   Code   RO          568    i.IRQ031_Handler    hc32f460_interrupts.o
    0x000011c4   0x00000018   Code   RO          569    i.IRQ032_Handler    hc32f460_interrupts.o
    0x000011dc   0x00000018   Code   RO          570    i.IRQ033_Handler    hc32f460_interrupts.o
    0x000011f4   0x00000018   Code   RO          571    i.IRQ034_Handler    hc32f460_interrupts.o
    0x0000120c   0x00000018   Code   RO          572    i.IRQ035_Handler    hc32f460_interrupts.o
    0x00001224   0x00000018   Code   RO          573    i.IRQ036_Handler    hc32f460_interrupts.o
    0x0000123c   0x00000018   Code   RO          574    i.IRQ037_Handler    hc32f460_interrupts.o
    0x00001254   0x00000018   Code   RO          575    i.IRQ038_Handler    hc32f460_interrupts.o
    0x0000126c   0x00000018   Code   RO          576    i.IRQ039_Handler    hc32f460_interrupts.o
    0x00001284   0x00000018   Code   RO          577    i.IRQ040_Handler    hc32f460_interrupts.o
    0x0000129c   0x00000018   Code   RO          578    i.IRQ041_Handler    hc32f460_interrupts.o
    0x000012b4   0x00000018   Code   RO          579    i.IRQ042_Handler    hc32f460_interrupts.o
    0x000012cc   0x00000018   Code   RO          580    i.IRQ043_Handler    hc32f460_interrupts.o
    0x000012e4   0x00000018   Code   RO          581    i.IRQ044_Handler    hc32f460_interrupts.o
    0x000012fc   0x00000018   Code   RO          582    i.IRQ045_Handler    hc32f460_interrupts.o
    0x00001314   0x00000018   Code   RO          583    i.IRQ046_Handler    hc32f460_interrupts.o
    0x0000132c   0x00000018   Code   RO          584    i.IRQ047_Handler    hc32f460_interrupts.o
    0x00001344   0x00000018   Code   RO          585    i.IRQ048_Handler    hc32f460_interrupts.o
    0x0000135c   0x00000018   Code   RO          586    i.IRQ049_Handler    hc32f460_interrupts.o
    0x00001374   0x00000018   Code   RO          587    i.IRQ050_Handler    hc32f460_interrupts.o
    0x0000138c   0x00000018   Code   RO          588    i.IRQ051_Handler    hc32f460_interrupts.o
    0x000013a4   0x00000018   Code   RO          589    i.IRQ052_Handler    hc32f460_interrupts.o
    0x000013bc   0x00000018   Code   RO          590    i.IRQ053_Handler    hc32f460_interrupts.o
    0x000013d4   0x00000018   Code   RO          591    i.IRQ054_Handler    hc32f460_interrupts.o
    0x000013ec   0x00000018   Code   RO          592    i.IRQ055_Handler    hc32f460_interrupts.o
    0x00001404   0x00000018   Code   RO          593    i.IRQ056_Handler    hc32f460_interrupts.o
    0x0000141c   0x00000018   Code   RO          594    i.IRQ057_Handler    hc32f460_interrupts.o
    0x00001434   0x00000018   Code   RO          595    i.IRQ058_Handler    hc32f460_interrupts.o
    0x0000144c   0x00000018   Code   RO          596    i.IRQ059_Handler    hc32f460_interrupts.o
    0x00001464   0x00000018   Code   RO          597    i.IRQ060_Handler    hc32f460_interrupts.o
    0x0000147c   0x00000018   Code   RO          598    i.IRQ061_Handler    hc32f460_interrupts.o
    0x00001494   0x00000018   Code   RO          599    i.IRQ062_Handler    hc32f460_interrupts.o
    0x000014ac   0x00000018   Code   RO          600    i.IRQ063_Handler    hc32f460_interrupts.o
    0x000014c4   0x00000018   Code   RO          601    i.IRQ064_Handler    hc32f460_interrupts.o
    0x000014dc   0x00000018   Code   RO          602    i.IRQ065_Handler    hc32f460_interrupts.o
    0x000014f4   0x00000018   Code   RO          603    i.IRQ066_Handler    hc32f460_interrupts.o
    0x0000150c   0x00000018   Code   RO          604    i.IRQ067_Handler    hc32f460_interrupts.o
    0x00001524   0x00000018   Code   RO          605    i.IRQ068_Handler    hc32f460_interrupts.o
    0x0000153c   0x00000018   Code   RO          606    i.IRQ069_Handler    hc32f460_interrupts.o
    0x00001554   0x00000018   Code   RO          607    i.IRQ070_Handler    hc32f460_interrupts.o
    0x0000156c   0x00000018   Code   RO          608    i.IRQ071_Handler    hc32f460_interrupts.o
    0x00001584   0x00000018   Code   RO          609    i.IRQ072_Handler    hc32f460_interrupts.o
    0x0000159c   0x00000018   Code   RO          610    i.IRQ073_Handler    hc32f460_interrupts.o
    0x000015b4   0x00000018   Code   RO          611    i.IRQ074_Handler    hc32f460_interrupts.o
    0x000015cc   0x00000018   Code   RO          612    i.IRQ075_Handler    hc32f460_interrupts.o
    0x000015e4   0x00000018   Code   RO          613    i.IRQ076_Handler    hc32f460_interrupts.o
    0x000015fc   0x00000018   Code   RO          614    i.IRQ077_Handler    hc32f460_interrupts.o
    0x00001614   0x00000018   Code   RO          615    i.IRQ078_Handler    hc32f460_interrupts.o
    0x0000162c   0x00000018   Code   RO          616    i.IRQ079_Handler    hc32f460_interrupts.o
    0x00001644   0x00000018   Code   RO          617    i.IRQ080_Handler    hc32f460_interrupts.o
    0x0000165c   0x00000018   Code   RO          618    i.IRQ081_Handler    hc32f460_interrupts.o
    0x00001674   0x00000018   Code   RO          619    i.IRQ082_Handler    hc32f460_interrupts.o
    0x0000168c   0x00000018   Code   RO          620    i.IRQ083_Handler    hc32f460_interrupts.o
    0x000016a4   0x00000018   Code   RO          621    i.IRQ084_Handler    hc32f460_interrupts.o
    0x000016bc   0x00000018   Code   RO          622    i.IRQ085_Handler    hc32f460_interrupts.o
    0x000016d4   0x00000018   Code   RO          623    i.IRQ086_Handler    hc32f460_interrupts.o
    0x000016ec   0x00000018   Code   RO          624    i.IRQ087_Handler    hc32f460_interrupts.o
    0x00001704   0x00000018   Code   RO          625    i.IRQ088_Handler    hc32f460_interrupts.o
    0x0000171c   0x00000018   Code   RO          626    i.IRQ089_Handler    hc32f460_interrupts.o
    0x00001734   0x00000018   Code   RO          627    i.IRQ090_Handler    hc32f460_interrupts.o
    0x0000174c   0x00000018   Code   RO          628    i.IRQ091_Handler    hc32f460_interrupts.o
    0x00001764   0x00000018   Code   RO          629    i.IRQ092_Handler    hc32f460_interrupts.o
    0x0000177c   0x00000018   Code   RO          630    i.IRQ093_Handler    hc32f460_interrupts.o
    0x00001794   0x00000018   Code   RO          631    i.IRQ094_Handler    hc32f460_interrupts.o
    0x000017ac   0x00000018   Code   RO          632    i.IRQ095_Handler    hc32f460_interrupts.o
    0x000017c4   0x00000018   Code   RO          633    i.IRQ096_Handler    hc32f460_interrupts.o
    0x000017dc   0x00000018   Code   RO          634    i.IRQ097_Handler    hc32f460_interrupts.o
    0x000017f4   0x00000018   Code   RO          635    i.IRQ098_Handler    hc32f460_interrupts.o
    0x0000180c   0x00000018   Code   RO          636    i.IRQ099_Handler    hc32f460_interrupts.o
    0x00001824   0x00000018   Code   RO          637    i.IRQ100_Handler    hc32f460_interrupts.o
    0x0000183c   0x00000018   Code   RO          638    i.IRQ101_Handler    hc32f460_interrupts.o
    0x00001854   0x00000018   Code   RO          639    i.IRQ102_Handler    hc32f460_interrupts.o
    0x0000186c   0x00000018   Code   RO          640    i.IRQ103_Handler    hc32f460_interrupts.o
    0x00001884   0x00000018   Code   RO          641    i.IRQ104_Handler    hc32f460_interrupts.o
    0x0000189c   0x00000018   Code   RO          642    i.IRQ105_Handler    hc32f460_interrupts.o
    0x000018b4   0x00000018   Code   RO          643    i.IRQ106_Handler    hc32f460_interrupts.o
    0x000018cc   0x00000018   Code   RO          644    i.IRQ107_Handler    hc32f460_interrupts.o
    0x000018e4   0x00000018   Code   RO          645    i.IRQ108_Handler    hc32f460_interrupts.o
    0x000018fc   0x00000018   Code   RO          646    i.IRQ109_Handler    hc32f460_interrupts.o
    0x00001914   0x00000018   Code   RO          647    i.IRQ110_Handler    hc32f460_interrupts.o
    0x0000192c   0x00000018   Code   RO          648    i.IRQ111_Handler    hc32f460_interrupts.o
    0x00001944   0x00000018   Code   RO          649    i.IRQ112_Handler    hc32f460_interrupts.o
    0x0000195c   0x00000018   Code   RO          650    i.IRQ113_Handler    hc32f460_interrupts.o
    0x00001974   0x00000018   Code   RO          651    i.IRQ114_Handler    hc32f460_interrupts.o
    0x0000198c   0x00000018   Code   RO          652    i.IRQ115_Handler    hc32f460_interrupts.o
    0x000019a4   0x00000018   Code   RO          653    i.IRQ116_Handler    hc32f460_interrupts.o
    0x000019bc   0x00000018   Code   RO          654    i.IRQ117_Handler    hc32f460_interrupts.o
    0x000019d4   0x00000018   Code   RO          655    i.IRQ118_Handler    hc32f460_interrupts.o
    0x000019ec   0x00000018   Code   RO          656    i.IRQ119_Handler    hc32f460_interrupts.o
    0x00001a04   0x00000018   Code   RO          657    i.IRQ120_Handler    hc32f460_interrupts.o
    0x00001a1c   0x00000018   Code   RO          658    i.IRQ121_Handler    hc32f460_interrupts.o
    0x00001a34   0x00000018   Code   RO          659    i.IRQ122_Handler    hc32f460_interrupts.o
    0x00001a4c   0x00000018   Code   RO          660    i.IRQ123_Handler    hc32f460_interrupts.o
    0x00001a64   0x00000018   Code   RO          661    i.IRQ124_Handler    hc32f460_interrupts.o
    0x00001a7c   0x00000018   Code   RO          662    i.IRQ125_Handler    hc32f460_interrupts.o
    0x00001a94   0x00000018   Code   RO          663    i.IRQ126_Handler    hc32f460_interrupts.o
    0x00001aac   0x00000018   Code   RO          664    i.IRQ127_Handler    hc32f460_interrupts.o
    0x00001ac4   0x00000008   Code   RO          665    i.MemManage_Handler  hc32f460_interrupts.o
    0x00001acc   0x00000008   Code   RO          666    i.NMI_Handler       hc32f460_interrupts.o
    0x00001ad4   0x00000050   Code   RO         2052    i.NMI_IrqHandler    hc32f460_exint_nmi_swi.o
    0x00001b24   0x000001f0   Code   RO         1930    i.PORT_Init         hc32f460_gpio.o
    0x00001d14   0x00000010   Code   RO         1931    i.PORT_Lock         hc32f460_gpio.o
    0x00001d24   0x00000068   Code   RO         1934    i.PORT_ResetBits    hc32f460_gpio.o
    0x00001d8c   0x00000068   Code   RO         1936    i.PORT_SetBits      hc32f460_gpio.o
    0x00001df4   0x00000010   Code   RO         1941    i.PORT_Unlock       hc32f460_gpio.o
    0x00001e04   0x00000078   Code   RO          225    i.PWC_ClearWakeup0Flag  hc32f460_pwc.o
    0x00001e7c   0x00000098   Code   RO          229    i.PWC_EnterPowerDownMd  hc32f460_pwc.o
    0x00001f14   0x00000048   Code   RO          243    i.PWC_HS2HP         hc32f460_pwc.o
    0x00001f5c   0x000000a4   Code   RO          250    i.PWC_PdWakeup0Cmd  hc32f460_pwc.o
    0x00002000   0x000000a4   Code   RO          253    i.PWC_PdWakeupEvtEdgeCfg  hc32f460_pwc.o
    0x000020a4   0x0000011c   Code   RO          255    i.PWC_PowerModeCfg  hc32f460_pwc.o
    0x000021c0   0x00000008   Code   RO          667    i.PendSV_Handler    hc32f460_interrupts.o
    0x000021c8   0x00000010   Code   RO         1859    i.SRAM_CK_Disable   hc32f460_sram.o
    0x000021d8   0x00000010   Code   RO         1860    i.SRAM_CK_Enable    hc32f460_sram.o
    0x000021e8   0x00000188   Code   RO         1864    i.SRAM_Init         hc32f460_sram.o
    0x00002370   0x00000010   Code   RO         1865    i.SRAM_WT_Disable   hc32f460_sram.o
    0x00002380   0x00000010   Code   RO         1866    i.SRAM_WT_Enable    hc32f460_sram.o
    0x00002390   0x00000008   Code   RO          668    i.SVC_Handler       hc32f460_interrupts.o
    0x00002398   0x00000008   Code   RO          669    i.SysTick_Handler   hc32f460_interrupts.o
    0x000023a0   0x000000ec   Code   RO           13    i.SystemCoreClockUpdate  system_hc32f460.o
    0x0000248c   0x00000008   Code   RO           14    i.SystemInit        system_hc32f460.o
    0x00002494   0x00000008   Code   RO          670    i.UsageFault_Handler  hc32f460_interrupts.o
    0x0000249c   0x0000001c   Code   RO         2188    i.__NVIC_ClearPendingIRQ  ev_hc32f460_lqfp100_v2.o
    0x000024b8   0x0000001a   Code   RO         2189    i.__NVIC_EnableIRQ  ev_hc32f460_lqfp100_v2.o
    0x000024d2   0x00000002   PAD
    0x000024d4   0x00000028   Code   RO         2190    i.__NVIC_SetPriority  ev_hc32f460_lqfp100_v2.o
    0x000024fc   0x0000000e   Code   RO         2322    i.__scatterload_copy  mc_w.l(handlers.o)
    0x0000250a   0x00000002   Code   RO         2323    i.__scatterload_null  mc_w.l(handlers.o)
    0x0000250c   0x0000000e   Code   RO         2324    i.__scatterload_zeroinit  mc_w.l(handlers.o)
    0x0000251a   0x00000002   PAD
    0x0000251c   0x000000c4   Code   RO          677    i.enIrqRegistration  hc32f460_interrupts.o
    0x000025e0   0x000000ac   Code   RO           78    i.main              main.o
    0x0000268c   0x00000020   Data   RO         2320    Region$$Table       anon$$obj.o


    Execution Region RW_IRAM1 (Base: 0x1fff8000, Size: 0x00000618, Max: 0x0002f000, ABSOLUTE)

    Base Addr    Size         Type   Attr      Idx    E Section Name        Object

    0x1fff8000   0x00000008   Data   RW           15    .data               system_hc32f460.o
    0x1fff8008   0x00000004   Data   RW         2055    .data               hc32f460_exint_nmi_swi.o
    0x1fff800c   0x00000008   Data   RW         2192    .data               ev_hc32f460_lqfp100_v2.o
    0x1fff8014   0x00000200   Zero   RW          681    .bss                hc32f460_interrupts.o
    0x1fff8214   0x00000004   PAD
    0x1fff8218   0x00000400   Zero   RW            1    STACK               startup_hc32f460.o


==============================================================================

Image component sizes


      Code (inc. data)   RO Data    RW Data    ZI Data      Debug   Object Name

       498         26          0          8          0      34770   ev_hc32f460_lqfp100_v2.o
      2020        338          0          0          0      11394   hc32f460_clk.o
       176         46          0          0          0       1501   hc32f460_efm.o
       464        150          0          4          0       3778   hc32f460_exint_nmi_swi.o
       736        136          0          0          0       5254   hc32f460_gpio.o
         0          0         32          0          0        573   hc32f460_icg.o
      3212        562          0          0        512      69959   hc32f460_interrupts.o
       956        184          0          0          0       7621   hc32f460_pwc.o
       456         66          0          0          0       3742   hc32f460_sram.o
        48          4          0          0          0       1411   hc32f460_utility.o
       172          4          0          0          0      24163   main.o
        88         20        640          0       1024        824   startup_hc32f460.o
       244         36          0          8          0    1513097   system_hc32f460.o

    ----------------------------------------------------------------------
      9072       1572        704         20       1540    1678087   Object Totals
         0          0         32          0          0          0   (incl. Generated)
         2          0          0          0          4          0   (incl. Padding)

    ----------------------------------------------------------------------

      Code (inc. data)   RO Data    RW Data    ZI Data      Debug   Library Member Name

         0          0          0          0          0          0   entry.o
         0          0          0          0          0          0   entry10a.o
         0          0          0          0          0          0   entry11a.o
         8          4          0          0          0          0   entry2.o
         4          0          0          0          0          0   entry5.o
         0          0          0          0          0          0   entry7b.o
         0          0          0          0          0          0   entry8b.o
         8          4          0          0          0          0   entry9a.o
        30          0          0          0          0          0   handlers.o
        36          8          0          0          0         68   init.o
        36          0          0          0          0        108   memseta.o

    ----------------------------------------------------------------------
       124         16          0          0          0        176   Library Totals
         2          0          0          0          0          0   (incl. Padding)

    ----------------------------------------------------------------------

      Code (inc. data)   RO Data    RW Data    ZI Data      Debug   Library Name

       122         16          0          0          0        176   mc_w.l

    ----------------------------------------------------------------------
       124         16          0          0          0        176   Library Totals

    ----------------------------------------------------------------------

==============================================================================


      Code (inc. data)   RO Data    RW Data    ZI Data      Debug   

      9196       1588        704         20       1540    1669159   Grand Totals
      9196       1588        704         20       1540    1669159   ELF Image Totals
      9196       1588        704         20          0          0   ROM Totals

==============================================================================

    Total RO  Size (Code + RO Data)                 9900 (   9.67kB)
    Total RW  Size (RW Data + ZI Data)              1560 (   1.52kB)
    Total ROM Size (Code + RO Data + RW Data)       9920 (   9.69kB)

==============================================================================

