<html>
<body>
<pre>
<h1>礦ision Build Log</h1>
<h2>Tool Versions:</h2>
IDE-Version: μVision V5.23.0.0
Copyright (C) 2017 ARM Ltd and ARM Germany GmbH. All rights reserved.
License Information: 1 Microsoft, Microsoft, LIC=R4HY8-3742C-SG07K-ZBVFK-IRF7I-2UX5I
 
Tool Versions:
Toolchain:       MDK-ARM Professional  Version: 5.23
Toolchain Path:  C:\Keil_v5\ARM\ARMCC\Bin
C Compiler:      Armcc.exe V5.06 update 4 (build 422)
Assembler:       Armasm.exe V5.06 update 4 (build 422)
Linker/Locator:  ArmLink.exe V5.06 update 4 (build 422)
Library Manager: ArmAr.exe V5.06 update 4 (build 422)
Hex Converter:   FromElf.exe V5.06 update 4 (build 422)
CPU DLL:         SARMCM3.DLL V5.23
Dialog DLL:      DCM.DLL V1.15.0.0
Target DLL:      Segger\JL2CM3.dll V2.99.23.0
Dialog DLL:      TCM.DLL V1.27.0.0
 
<h2>Project:</h2>
D:\SVN\trunk\3.Project\Eric820\software\calculateV1\ERIC800calculate_V1.0\Project\MDK-ARM(uV4)\project.uvproj
Project File Date:  09/03/2019

<h2>Output:</h2>
*** Using Compiler 'V5.06 update 4 (build 422)', folder: 'C:\Keil_v5\ARM\ARMCC\Bin'
Rebuild target 'Flash'
assembling cr4_fft_256_stm32.s...
assembling cr4_fft_64_stm32.s...
compiling main.c...
compiling mydefine.c...
compiling arithmetic.c...
..\..\User\arithmetic\arithmetic.c(2169): warning:  #177-D: function "FaskGnd3U0bt"  was declared but never referenced
  static u16 FaskGnd3U0bt(u16 bt3U0)
..\..\User\arithmetic\arithmetic.c: 1 warning, 0 errors
compiling bsp.c...
compiling bsp_dwt.c...
compiling bsp_timer.c...
compiling bsp_ext_io.c...
compiling stm32f4xx_it.c...
compiling bsp_tim_pwm.c...
compiling stm32f4xx_assert.c...
compiling bsp_fmc_sdram.c...
compiling bsp_i2c_gpio.c...
compiling bsp_sdio_sd.c...
compiling bsp_InOut.c...
compiling bsp_rtc.c...
compiling bsp_ad7606.c...
compiling bsp_spi_bus.c...
compiling bsp_spi_flash.c...
compiling bsp_fi.c...
assembling startup_stm32f429_439xx.s...
compiling bsp_nand_flash.c...
compiling bsp_moduletomodule.c...
compiling bsp_RS485.c...
compiling misc.c...
compiling stm32f4xx_rcc.c...
compiling stm32f4xx_gpio.c...
compiling stm32f4xx_fmc.c...
compiling stm32f4xx_tim.c...
compiling stm32f4xx_ltdc.c...
compiling stm32f4xx_usart.c...
compiling stm32f4xx_syscfg.c...
compiling stm32f4xx_rtc.c...
compiling stm32f4xx_dma.c...
compiling stm32f4xx_sdio.c...
compiling stm32f4xx_spi.c...
compiling stm32f4xx_exti.c...
compiling stm32f4xx_pwr.c...
compiling ff.c...
compiling stm32f4xx_iwdg.c...
compiling cc936.c...
compiling system_stm32f4xx.c...
compiling diskio.c...
linking...
Program Size: Code=63296 RO-data=176560 RW-data=4432 ZI-data=28728  
FromELF: creating hex file...
After Build - User command #1: CopyHex_Flash.bat
D:\SVN\trunk\3.Project\Eric820\software\calculateV1\ERIC800calculate_V1.0\Project\MDK-ARM(uV4)>copy Flash\Obj\output.hex ..\output(mdk).hex 
系统找不到指定的文件。
".\Flash\Obj\Eric800Calculate.axf" - 0 Error(s), 1 Warning(s).
Build Time Elapsed:  00:00:22
</pre>
</body>
</html>
