Component: ARM Compiler 5.06 update 4 (build 422) Tool: armlink [4d35d2]

==============================================================================

Section Cross References

    main.o(i.main) refers to bsp.o(i.bsp_Init) for bsp_Init
    main.o(i.main) refers to mydefine.o(i.TestPinInit) for TestPinInit
    main.o(i.main) refers to stm32f4xx_iwdg.o(i.IWDG_WriteAccessCmd) for IWDG_WriteAccessCmd
    main.o(i.main) refers to stm32f4xx_iwdg.o(i.IWDG_SetPrescaler) for IWDG_SetPrescaler
    main.o(i.main) refers to stm32f4xx_iwdg.o(i.IWDG_SetReload) for IWDG_SetReload
    main.o(i.main) refers to stm32f4xx_iwdg.o(i.IWDG_Enable) for IWDG_Enable
    main.o(i.main) refers to bsp_led.o(i.bsp_LedOff) for bsp_LedOff
    main.o(i.main) refers to bsp_led.o(i.bsp_LedOn) for bsp_LedOn
    main.o(i.main) refers to stm32f4xx_dma.o(i.DMA_GetCurrDataCounter) for DMA_GetCurrDataCounter
    main.o(i.main) refers to mydefine.o(i.FIFO_length) for FIFO_length
    main.o(i.main) refers to mydefine.o(i.FIFO_pointer) for FIFO_pointer
    main.o(i.main) refers to stm32f4xx_iwdg.o(i.IWDG_ReloadCounter) for IWDG_ReloadCounter
    main.o(i.main) refers to arithmetic.o(i.CalRMS) for CalRMS
    main.o(i.main) refers to mydefine.o(i.FlashWrite) for FlashWrite
    main.o(i.main) refers to arithmetic.o(i.CalVerify) for CalVerify
    main.o(i.main) refers to can_network.o(i.can_SetTask) for can_SetTask
    main.o(i.main) refers to can_network.o(i.CanBreath) for CanBreath
    main.o(i.main) refers to can_network.o(i.CanSendWave) for CanSendWave
    main.o(i.main) refers to can_network.o(i.can_Task) for can_Task
    main.o(i.main) refers to arithmetic.o(i.SelCalRMS) for SelCalRMS
    main.o(i.main) refers to main.o(.data) for MainDelayTime
    main.o(i.main) refers to bsp_adc.o(.bss) for ADCFifo
    main.o(i.main) refers to mydefine.o(.data) for TimData
    main.o(i.main) refers to can_network.o(.data) for CanDelayTim
    main.o(i.main) refers to arithmetic.o(.data) for VerifyFlag
    can_network.o(i.CanBreath) refers to mydefine.o(i.CRC_GetModbus16) for CRC_GetModbus16
    can_network.o(i.CanBreath) refers to can_network.o(i.SendCanbuf) for SendCanbuf
    can_network.o(i.CanBreath) refers to bsp_led.o(i.bsp_LedOff) for bsp_LedOff
    can_network.o(i.CanBreath) refers to bsp_led.o(i.bsp_LedOn) for bsp_LedOn
    can_network.o(i.CanBreath) refers to mydefine.o(.data) for CanComData
    can_network.o(i.CanBreath) refers to can_network.o(.data) for DelayTim
    can_network.o(i.CanSendWave) refers to memcpya.o(.text) for __aeabi_memcpy
    can_network.o(i.CanSendWave) refers to mydefine.o(i.CRC_GetModbus16) for CRC_GetModbus16
    can_network.o(i.CanSendWave) refers to can_network.o(i.SendCanbuf) for SendCanbuf
    can_network.o(i.CanSendWave) refers to can_network.o(.data) for step
    can_network.o(i.CanSendWave) refers to mydefine.o(.data) for CanComData
    can_network.o(i.SendCan1Msg) refers to memcpya.o(.text) for __aeabi_memcpy
    can_network.o(i.SendCan1Msg) refers to stm32f4xx_can.o(i.myCAN_Transmit) for myCAN_Transmit
    can_network.o(i.SendCan1Msg) refers to can_network.o(.bss) for g_tCanTxMsg
    can_network.o(i.SendCanMsg) refers to memcpya.o(.text) for __aeabi_memcpy
    can_network.o(i.SendCanMsg) refers to stm32f4xx_can.o(i.CAN_Transmit) for CAN_Transmit
    can_network.o(i.SendCanMsg) refers to can_network.o(.bss) for g_tCanTxMsg
    can_network.o(i.SendCanbuf) refers to can_network.o(i.SendCan1Msg) for SendCan1Msg
    can_network.o(i.SendCanbuf) refers to stm32f4xx_iwdg.o(i.IWDG_ReloadCounter) for IWDG_ReloadCounter
    can_network.o(i.can_ISR) refers to stm32f4xx_can.o(i.CAN_Receive) for CAN_Receive
    can_network.o(i.can_ISR) refers to mydefine.o(i.FIFO_pointer) for FIFO_pointer
    can_network.o(i.can_ISR) refers to can_network.o(.bss) for g_tCanRxMsg
    can_network.o(i.can_ISR) refers to mydefine.o(.data) for CanComData
    can_network.o(i.can_Init) refers to stm32f4xx_rcc.o(i.RCC_AHB1PeriphClockCmd) for RCC_AHB1PeriphClockCmd
    can_network.o(i.can_Init) refers to stm32f4xx_gpio.o(i.GPIO_PinAFConfig) for GPIO_PinAFConfig
    can_network.o(i.can_Init) refers to stm32f4xx_gpio.o(i.GPIO_Init) for GPIO_Init
    can_network.o(i.can_Init) refers to stm32f4xx_rcc.o(i.RCC_APB1PeriphClockCmd) for RCC_APB1PeriphClockCmd
    can_network.o(i.can_Init) refers to stm32f4xx_can.o(i.CAN_DeInit) for CAN_DeInit
    can_network.o(i.can_Init) refers to stm32f4xx_can.o(i.CAN_Init) for CAN_Init
    can_network.o(i.can_Init) refers to stm32f4xx_can.o(i.CAN_FilterInit) for CAN_FilterInit
    can_network.o(i.can_Init) refers to can_network.o(.bss) for g_tCanTxMsg
    can_network.o(i.can_Init) refers to mydefine.o(.data) for CanComData
    can_network.o(i.can_NVIC_Config) refers to misc.o(i.NVIC_PriorityGroupConfig) for NVIC_PriorityGroupConfig
    can_network.o(i.can_NVIC_Config) refers to misc.o(i.NVIC_Init) for NVIC_Init
    can_network.o(i.can_NVIC_Config) refers to stm32f4xx_can.o(i.CAN_ITConfig) for CAN_ITConfig
[...]
    Removing stm32f4xx_dma.o(i.DMA_GetCmdStatus), (20 bytes).
    Removing stm32f4xx_dma.o(i.DMA_GetCurrentMemoryTarget), (20 bytes).
    Removing stm32f4xx_dma.o(i.DMA_GetFIFOStatus), (12 bytes).
    Removing stm32f4xx_dma.o(i.DMA_GetFlagStatus), (68 bytes).
    Removing stm32f4xx_dma.o(i.DMA_GetITStatus), (100 bytes).
    Removing stm32f4xx_dma.o(i.DMA_ITConfig), (58 bytes).
    Removing stm32f4xx_dma.o(i.DMA_MemoryTargetConfig), (10 bytes).
    Removing stm32f4xx_dma.o(i.DMA_PeriphIncOffsetSizeConfig), (22 bytes).
    Removing stm32f4xx_dma.o(i.DMA_SetCurrDataCounter), (4 bytes).
    Removing stm32f4xx_dma.o(i.DMA_StructInit), (34 bytes).
    Removing stm32f4xx_tim.o(.rev16_text), (4 bytes).
    Removing stm32f4xx_tim.o(.revsh_text), (4 bytes).
    Removing stm32f4xx_tim.o(i.TI1_Config), (58 bytes).
    Removing stm32f4xx_tim.o(i.TI2_Config), (80 bytes).
    Removing stm32f4xx_tim.o(i.TI3_Config), (72 bytes).
    Removing stm32f4xx_tim.o(i.TI4_Config), (80 bytes).
    Removing stm32f4xx_tim.o(i.TIM_BDTRConfig), (32 bytes).
    Removing stm32f4xx_tim.o(i.TIM_BDTRStructInit), (18 bytes).
    Removing stm32f4xx_tim.o(i.TIM_CCPreloadControl), (24 bytes).
    Removing stm32f4xx_tim.o(i.TIM_CCxCmd), (30 bytes).
    Removing stm32f4xx_tim.o(i.TIM_CCxNCmd), (30 bytes).
    Removing stm32f4xx_tim.o(i.TIM_ClearFlag), (6 bytes).
    Removing stm32f4xx_tim.o(i.TIM_ClearITPendingBit), (6 bytes).
    Removing stm32f4xx_tim.o(i.TIM_ClearOC1Ref), (18 bytes).
    Removing stm32f4xx_tim.o(i.TIM_ClearOC2Ref), (24 bytes).
    Removing stm32f4xx_tim.o(i.TIM_ClearOC3Ref), (18 bytes).
    Removing stm32f4xx_tim.o(i.TIM_ClearOC4Ref), (24 bytes).
    Removing stm32f4xx_tim.o(i.TIM_CounterModeConfig), (18 bytes).
    Removing stm32f4xx_tim.o(i.TIM_CtrlPWMOutputs), (30 bytes).
    Removing stm32f4xx_tim.o(i.TIM_DMACmd), (18 bytes).
    Removing stm32f4xx_tim.o(i.TIM_DMAConfig), (10 bytes).
    Removing stm32f4xx_tim.o(i.TIM_DeInit), (400 bytes).
    Removing stm32f4xx_tim.o(i.TIM_ETRClockMode1Config), (54 bytes).
    Removing stm32f4xx_tim.o(i.TIM_ETRClockMode2Config), (32 bytes).
    Removing stm32f4xx_tim.o(i.TIM_ETRConfig), (28 bytes).
    Removing stm32f4xx_tim.o(i.TIM_EncoderInterfaceConfig), (66 bytes).
    Removing stm32f4xx_tim.o(i.TIM_ForcedOC1Config), (18 bytes).
    Removing stm32f4xx_tim.o(i.TIM_ForcedOC2Config), (26 bytes).
    Removing stm32f4xx_tim.o(i.TIM_ForcedOC3Config), (18 bytes).
    Removing stm32f4xx_tim.o(i.TIM_ForcedOC4Config), (26 bytes).
    Removing stm32f4xx_tim.o(i.TIM_GenerateEvent), (4 bytes).
    Removing stm32f4xx_tim.o(i.TIM_GetCapture1), (6 bytes).
    Removing stm32f4xx_tim.o(i.TIM_GetCapture2), (6 bytes).
    Removing stm32f4xx_tim.o(i.TIM_GetCapture3), (6 bytes).
    Removing stm32f4xx_tim.o(i.TIM_GetCapture4), (6 bytes).
    Removing stm32f4xx_tim.o(i.TIM_GetFlagStatus), (18 bytes).
    Removing stm32f4xx_tim.o(i.TIM_GetITStatus), (34 bytes).
    Removing stm32f4xx_tim.o(i.TIM_GetPrescaler), (6 bytes).
    Removing stm32f4xx_tim.o(i.TIM_ICInit), (110 bytes).
    Removing stm32f4xx_tim.o(i.TIM_ICStructInit), (18 bytes).
    Removing stm32f4xx_tim.o(i.TIM_ITRxExternalClockConfig), (24 bytes).
    Removing stm32f4xx_tim.o(i.TIM_InternalClockConfig), (12 bytes).
    Removing stm32f4xx_tim.o(i.TIM_OC1FastConfig), (18 bytes).
    Removing stm32f4xx_tim.o(i.TIM_OC1Init), (124 bytes).
    Removing stm32f4xx_tim.o(i.TIM_OC1NPolarityConfig), (18 bytes).
    Removing stm32f4xx_tim.o(i.TIM_OC1PolarityConfig), (18 bytes).
    Removing stm32f4xx_tim.o(i.TIM_OC1PreloadConfig), (18 bytes).
    Removing stm32f4xx_tim.o(i.TIM_OC2FastConfig), (26 bytes).
    Removing stm32f4xx_tim.o(i.TIM_OC2Init), (164 bytes).
    Removing stm32f4xx_tim.o(i.TIM_OC2NPolarityConfig), (26 bytes).
    Removing stm32f4xx_tim.o(i.TIM_OC2PolarityConfig), (26 bytes).
    Removing stm32f4xx_tim.o(i.TIM_OC2PreloadConfig), (26 bytes).
    Removing stm32f4xx_tim.o(i.TIM_OC3FastConfig), (18 bytes).
    Removing stm32f4xx_tim.o(i.TIM_OC3Init), (160 bytes).
    Removing stm32f4xx_tim.o(i.TIM_OC3NPolarityConfig), (26 bytes).
    Removing stm32f4xx_tim.o(i.TIM_OC3PolarityConfig), (26 bytes).
    Removing stm32f4xx_tim.o(i.TIM_OC3PreloadConfig), (18 bytes).
    Removing stm32f4xx_tim.o(i.TIM_OC4FastConfig), (26 bytes).
    Removing stm32f4xx_tim.o(i.TIM_OC4Init), (120 bytes).
    Removing stm32f4xx_tim.o(i.TIM_OC4PolarityConfig), (26 bytes).
    Removing stm32f4xx_tim.o(i.TIM_OC4PreloadConfig), (26 bytes).
    Removing stm32f4xx_tim.o(i.TIM_OCStructInit), (20 bytes).
    Removing stm32f4xx_tim.o(i.TIM_PWMIConfig), (124 bytes).
    Removing stm32f4xx_tim.o(i.TIM_PrescalerConfig), (6 bytes).
    Removing stm32f4xx_tim.o(i.TIM_RemapConfig), (6 bytes).
    Removing stm32f4xx_tim.o(i.TIM_SelectCCDMA), (24 bytes).
    Removing stm32f4xx_tim.o(i.TIM_SelectCOM), (24 bytes).
    Removing stm32f4xx_tim.o(i.TIM_SelectHallSensor), (24 bytes).
    Removing stm32f4xx_tim.o(i.TIM_SelectInputTrigger), (18 bytes).
    Removing stm32f4xx_tim.o(i.TIM_SelectMasterSlaveMode), (18 bytes).
    Removing stm32f4xx_tim.o(i.TIM_SelectOCxM), (86 bytes).
    Removing stm32f4xx_tim.o(i.TIM_SelectOnePulseMode), (18 bytes).
    Removing stm32f4xx_tim.o(i.TIM_SelectSlaveMode), (18 bytes).
    Removing stm32f4xx_tim.o(i.TIM_SetAutoreload), (4 bytes).
    Removing stm32f4xx_tim.o(i.TIM_SetClockDivision), (18 bytes).
    Removing stm32f4xx_tim.o(i.TIM_SetCompare1), (4 bytes).
    Removing stm32f4xx_tim.o(i.TIM_SetCompare2), (4 bytes).
    Removing stm32f4xx_tim.o(i.TIM_SetCompare3), (4 bytes).
    Removing stm32f4xx_tim.o(i.TIM_SetCompare4), (4 bytes).
    Removing stm32f4xx_tim.o(i.TIM_SetCounter), (4 bytes).
    Removing stm32f4xx_tim.o(i.TIM_SetIC1Prescaler), (18 bytes).
    Removing stm32f4xx_tim.o(i.TIM_SetIC2Prescaler), (26 bytes).
    Removing stm32f4xx_tim.o(i.TIM_SetIC3Prescaler), (18 bytes).
    Removing stm32f4xx_tim.o(i.TIM_SetIC4Prescaler), (26 bytes).
    Removing stm32f4xx_tim.o(i.TIM_TIxExternalClockConfig), (62 bytes).
    Removing stm32f4xx_tim.o(i.TIM_TimeBaseStructInit), (18 bytes).
    Removing stm32f4xx_tim.o(i.TIM_UpdateDisableConfig), (24 bytes).
    Removing stm32f4xx_tim.o(i.TIM_UpdateRequestConfig), (24 bytes).
    Removing stm32f4xx_iwdg.o(.rev16_text), (4 bytes).
    Removing stm32f4xx_iwdg.o(.revsh_text), (4 bytes).
    Removing stm32f4xx_iwdg.o(i.IWDG_GetFlagStatus), (24 bytes).
    Removing stm32f4xx_pwr.o(.rev16_text), (4 bytes).
    Removing stm32f4xx_pwr.o(.revsh_text), (4 bytes).
    Removing stm32f4xx_pwr.o(i.PWR_BackupRegulatorCmd), (12 bytes).
    Removing stm32f4xx_pwr.o(i.PWR_ClearFlag), (20 bytes).
    Removing stm32f4xx_pwr.o(i.PWR_DeInit), (22 bytes).
    Removing stm32f4xx_pwr.o(i.PWR_EnterSTANDBYMode), (52 bytes).
    Removing stm32f4xx_pwr.o(i.PWR_EnterSTOPMode), (68 bytes).
    Removing stm32f4xx_pwr.o(i.PWR_EnterUnderDriveSTOPMode), (68 bytes).
    Removing stm32f4xx_pwr.o(i.PWR_FlashPowerDownCmd), (12 bytes).
    Removing stm32f4xx_pwr.o(i.PWR_GetFlagStatus), (24 bytes).
    Removing stm32f4xx_pwr.o(i.PWR_MainRegulatorModeConfig), (24 bytes).
    Removing stm32f4xx_pwr.o(i.PWR_OverDriveCmd), (12 bytes).
    Removing stm32f4xx_pwr.o(i.PWR_OverDriveSWCmd), (12 bytes).
    Removing stm32f4xx_pwr.o(i.PWR_PVDCmd), (12 bytes).
    Removing stm32f4xx_pwr.o(i.PWR_PVDLevelConfig), (24 bytes).
    Removing stm32f4xx_pwr.o(i.PWR_UnderDriveCmd), (36 bytes).
    Removing stm32f4xx_pwr.o(i.PWR_WakeUpPinCmd), (12 bytes).
    Removing system_stm32f4xx.o(.rev16_text), (4 bytes).
    Removing system_stm32f4xx.o(.revsh_text), (4 bytes).
    Removing system_stm32f4xx.o(i.SystemCoreClockUpdate), (192 bytes).
    Removing system_stm32f4xx.o(.data), (20 bytes).
    Removing dadd.o(.text), (334 bytes).
    Removing dmul.o(.text), (228 bytes).
    Removing ddiv.o(.text), (222 bytes).
    Removing dfixul.o(.text), (48 bytes).
    Removing cdcmple.o(.text), (48 bytes).
    Removing cdrcmple.o(.text), (48 bytes).

420 unused section(s) (total 18050 bytes) removed from the image.

==============================================================================

Image Symbol Table

    Local Symbols

    Symbol Name                              Value     Ov Type        Size  Object(Section)

    ../clib/microlib/division.c              0x00000000   Number         0  uidiv.o ABSOLUTE
    ../clib/microlib/division.c              0x00000000   Number         0  uldiv.o ABSOLUTE
    ../clib/microlib/errno.c                 0x00000000   Number         0  errno.o ABSOLUTE
    ../clib/microlib/init/entry.s            0x00000000   Number         0  entry10a.o ABSOLUTE
    ../clib/microlib/init/entry.s            0x00000000   Number         0  entry7b.o ABSOLUTE
    ../clib/microlib/init/entry.s            0x00000000   Number         0  entry5.o ABSOLUTE
    ../clib/microlib/init/entry.s            0x00000000   Number         0  entry9b.o ABSOLUTE
    ../clib/microlib/init/entry.s            0x00000000   Number         0  entry8b.o ABSOLUTE
    ../clib/microlib/init/entry.s            0x00000000   Number         0  entry9a.o ABSOLUTE
    ../clib/microlib/init/entry.s            0x00000000   Number         0  entry8a.o ABSOLUTE
    ../clib/microlib/init/entry.s            0x00000000   Number         0  entry7a.o ABSOLUTE
    ../clib/microlib/init/entry.s            0x00000000   Number         0  entry2.o ABSOLUTE
    ../clib/microlib/init/entry.s            0x00000000   Number         0  entry11b.o ABSOLUTE
    ../clib/microlib/init/entry.s            0x00000000   Number         0  entry11a.o ABSOLUTE
    ../clib/microlib/init/entry.s            0x00000000   Number         0  entry10b.o ABSOLUTE
    ../clib/microlib/init/entry.s            0x00000000   Number         0  entry.o ABSOLUTE
    ../clib/microlib/longlong.c              0x00000000   Number         0  llushr.o ABSOLUTE
    ../clib/microlib/longlong.c              0x00000000   Number         0  llshl.o ABSOLUTE
    ../clib/microlib/longlong.c              0x00000000   Number         0  llsshr.o ABSOLUTE
    ../clib/microlib/printf/printf.c         0x00000000   Number         0  printf2.o ABSOLUTE
    ../clib/microlib/printf/printf.c         0x00000000   Number         0  printf3.o ABSOLUTE
    ../clib/microlib/printf/printf.c         0x00000000   Number         0  printf5.o ABSOLUTE
    ../clib/microlib/printf/printf.c         0x00000000   Number         0  printf4.o ABSOLUTE
    ../clib/microlib/printf/printf.c         0x00000000   Number         0  printf7.o ABSOLUTE
    ../clib/microlib/printf/printf.c         0x00000000   Number         0  printf8.o ABSOLUTE
    ../clib/microlib/printf/printf.c         0x00000000   Number         0  printfa.o ABSOLUTE
    ../clib/microlib/printf/printf.c         0x00000000   Number         0  printf6.o ABSOLUTE
    ../clib/microlib/printf/printf.c         0x00000000   Number         0  printfb.o ABSOLUTE
    ../clib/microlib/printf/printf.c         0x00000000   Number         0  printf0.o ABSOLUTE
    ../clib/microlib/printf/printf.c         0x00000000   Number         0  printf1.o ABSOLUTE
    ../clib/microlib/printf/stubs.s          0x00000000   Number         0  stubs.o ABSOLUTE
    ../clib/microlib/stdio/streams.c         0x00000000   Number         0  stdout.o ABSOLUTE
    ../clib/microlib/string/memcpy.c         0x00000000   Number         0  memcpya.o ABSOLUTE
    ../clib/microlib/string/memcpy.c         0x00000000   Number         0  memcpyb.o ABSOLUTE
    ../clib/microlib/string/memset.c         0x00000000   Number         0  memseta.o ABSOLUTE
    ../clib/microlib/stubs.s                 0x00000000   Number         0  iusefp.o ABSOLUTE
    ../fplib/microlib/d2f.c                  0x00000000   Number         0  d2f.o ABSOLUTE
    ../fplib/microlib/f2d.c                  0x00000000   Number         0  f2d.o ABSOLUTE
    ../fplib/microlib/fpadd.c                0x00000000   Number         0  dadd.o ABSOLUTE
    ../fplib/microlib/fpdiv.c                0x00000000   Number         0  ddiv.o ABSOLUTE
    ../fplib/microlib/fpepilogue.c           0x00000000   Number         0  fepilogue.o ABSOLUTE
    ../fplib/microlib/fpepilogue.c           0x00000000   Number         0  depilogue.o ABSOLUTE
    ../fplib/microlib/fpfix.c                0x00000000   Number         0  dfixul.o ABSOLUTE
    ../fplib/microlib/fpmul.c                0x00000000   Number         0  dmul.o ABSOLUTE
    ../fplib/microlib/fpsqrt.c               0x00000000   Number         0  dsqrt.o ABSOLUTE
    ../mathlib/sqrt.c                        0x00000000   Number         0  sqrt.o ABSOLUTE
    ../mathlib/sqrt.c                        0x00000000   Number         0  sqrt_x.o ABSOLUTE
    ..\..\Libraries\CMSIS\Device\ST\STM32F4xx\Source\Templates\arm\startup_stm32f40_41xxx.s 0x00000000   Number         0  startup_stm32f40_41xxx.o ABSOLUTE
    ..\..\Libraries\STM32F4xx_StdPeriph_Driver\src\misc.c 0x00000000   Number         0  misc.o ABSOLUTE
    ..\..\Libraries\STM32F4xx_StdPeriph_Driver\src\stm32f4xx_adc.c 0x00000000   Number         0  stm32f4xx_adc.o ABSOLUTE
    ..\..\Libraries\STM32F4xx_StdPeriph_Driver\src\stm32f4xx_can.c 0x00000000   Number         0  stm32f4xx_can.o ABSOLUTE
    ..\..\Libraries\STM32F4xx_StdPeriph_Driver\src\stm32f4xx_dma.c 0x00000000   Number         0  stm32f4xx_dma.o ABSOLUTE
    ..\..\Libraries\STM32F4xx_StdPeriph_Driver\src\stm32f4xx_flash.c 0x00000000   Number         0  stm32f4xx_flash.o ABSOLUTE
    ..\..\Libraries\STM32F4xx_StdPeriph_Driver\src\stm32f4xx_gpio.c 0x00000000   Number         0  stm32f4xx_gpio.o ABSOLUTE
    ..\..\Libraries\STM32F4xx_StdPeriph_Driver\src\stm32f4xx_iwdg.c 0x00000000   Number         0  stm32f4xx_iwdg.o ABSOLUTE
    ..\..\Libraries\STM32F4xx_StdPeriph_Driver\src\stm32f4xx_pwr.c 0x00000000   Number         0  stm32f4xx_pwr.o ABSOLUTE
    ..\..\Libraries\STM32F4xx_StdPeriph_Driver\src\stm32f4xx_rcc.c 0x00000000   Number         0  stm32f4xx_rcc.o ABSOLUTE
    ..\..\Libraries\STM32F4xx_StdPeriph_Driver\src\stm32f4xx_rtc.c 0x00000000   Number         0  stm32f4xx_rtc.o ABSOLUTE
    ..\..\Libraries\STM32F4xx_StdPeriph_Driver\src\stm32f4xx_syscfg.c 0x00000000   Number         0  stm32f4xx_syscfg.o ABSOLUTE
    ..\..\Libraries\STM32F4xx_StdPeriph_Driver\src\stm32f4xx_tim.c 0x00000000   Number         0  stm32f4xx_tim.o ABSOLUTE
    ..\..\Libraries\STM32F4xx_StdPeriph_Driver\src\stm32f4xx_usart.c 0x00000000   Number         0  stm32f4xx_usart.o ABSOLUTE
    ..\..\User\arithmetic\arithmetic.c       0x00000000   Number         0  arithmetic.o ABSOLUTE
    ..\..\User\bsp_stm32f4xx\bsp.c           0x00000000   Number         0  bsp.o ABSOLUTE
    ..\..\User\bsp_stm32f4xx\src\bsp_adc.c   0x00000000   Number         0  bsp_adc.o ABSOLUTE
    ..\..\User\bsp_stm32f4xx\src\bsp_led.c   0x00000000   Number         0  bsp_led.o ABSOLUTE
    ..\..\User\bsp_stm32f4xx\src\bsp_rtc.c   0x00000000   Number         0  bsp_rtc.o ABSOLUTE
    ..\..\User\bsp_stm32f4xx\src\bsp_timer.c 0x00000000   Number         0  bsp_timer.o ABSOLUTE
    ..\..\User\bsp_stm32f4xx\src\bsp_uart_fifo.c 0x00000000   Number         0  bsp_uart_fifo.o ABSOLUTE
    ..\..\User\bsp_stm32f4xx\stm32f4xx_assert.c 0x00000000   Number         0  stm32f4xx_assert.o ABSOLUTE
    ..\..\User\bsp_stm32f4xx\stm32f4xx_it.c  0x00000000   Number         0  stm32f4xx_it.o ABSOLUTE
    ..\..\User\bsp_stm32f4xx\system_stm32f4xx.c 0x00000000   Number         0  system_stm32f4xx.o ABSOLUTE
    ..\..\User\can_network.c                 0x00000000   Number         0  can_network.o ABSOLUTE
    ..\..\User\fft\cr4_fft_256_stm32.s       0x00000000   Number         0  cr4_fft_256_stm32.o ABSOLUTE
    ..\..\User\main.c                        0x00000000   Number         0  main.o ABSOLUTE
    ..\..\User\mydefine.c                    0x00000000   Number         0  mydefine.o ABSOLUTE
    ..\\..\\Libraries\\STM32F4xx_StdPeriph_Driver\\src\\misc.c 0x00000000   Number         0  misc.o ABSOLUTE
    ..\\..\\Libraries\\STM32F4xx_StdPeriph_Driver\\src\\stm32f4xx_adc.c 0x00000000   Number         0  stm32f4xx_adc.o ABSOLUTE
    ..\\..\\Libraries\\STM32F4xx_StdPeriph_Driver\\src\\stm32f4xx_can.c 0x00000000   Number         0  stm32f4xx_can.o ABSOLUTE
    ..\\..\\Libraries\\STM32F4xx_StdPeriph_Driver\\src\\stm32f4xx_dma.c 0x00000000   Number         0  stm32f4xx_dma.o ABSOLUTE
    ..\\..\\Libraries\\STM32F4xx_StdPeriph_Driver\\src\\stm32f4xx_flash.c 0x00000000   Number         0  stm32f4xx_flash.o ABSOLUTE
    ..\\..\\Libraries\\STM32F4xx_StdPeriph_Driver\\src\\stm32f4xx_gpio.c 0x00000000   Number         0  stm32f4xx_gpio.o ABSOLUTE
    ..\\..\\Libraries\\STM32F4xx_StdPeriph_Driver\\src\\stm32f4xx_iwdg.c 0x00000000   Number         0  stm32f4xx_iwdg.o ABSOLUTE
    ..\\..\\Libraries\\STM32F4xx_StdPeriph_Driver\\src\\stm32f4xx_pwr.c 0x00000000   Number         0  stm32f4xx_pwr.o ABSOLUTE
    ..\\..\\Libraries\\STM32F4xx_StdPeriph_Driver\\src\\stm32f4xx_rcc.c 0x00000000   Number         0  stm32f4xx_rcc.o ABSOLUTE
    ..\\..\\Libraries\\STM32F4xx_StdPeriph_Driver\\src\\stm32f4xx_rtc.c 0x00000000   Number         0  stm32f4xx_rtc.o ABSOLUTE
    ..\\..\\Libraries\\STM32F4xx_StdPeriph_Driver\\src\\stm32f4xx_syscfg.c 0x00000000   Number         0  stm32f4xx_syscfg.o ABSOLUTE
    ..\\..\\Libraries\\STM32F4xx_StdPeriph_Driver\\src\\stm32f4xx_tim.c 0x00000000   Number         0  stm32f4xx_tim.o ABSOLUTE
    ..\\..\\Libraries\\STM32F4xx_StdPeriph_Driver\\src\\stm32f4xx_usart.c 0x00000000   Number         0  stm32f4xx_usart.o ABSOLUTE
    ..\\..\\User\\arithmetic\\arithmetic.c   0x00000000   Number         0  arithmetic.o ABSOLUTE
    ..\\..\\User\\bsp_stm32f4xx\\bsp.c       0x00000000   Number         0  bsp.o ABSOLUTE
    ..\\..\\User\\bsp_stm32f4xx\\src\\bsp_adc.c 0x00000000   Number         0  bsp_adc.o ABSOLUTE
    ..\\..\\User\\bsp_stm32f4xx\\src\\bsp_led.c 0x00000000   Number         0  bsp_led.o ABSOLUTE
    ..\\..\\User\\bsp_stm32f4xx\\src\\bsp_rtc.c 0x00000000   Number         0  bsp_rtc.o ABSOLUTE
    ..\\..\\User\\bsp_stm32f4xx\\src\\bsp_timer.c 0x00000000   Number         0  bsp_timer.o ABSOLUTE
    ..\\..\\User\\bsp_stm32f4xx\\src\\bsp_uart_fifo.c 0x00000000   Number         0  bsp_uart_fifo.o ABSOLUTE
    ..\\..\\User\\bsp_stm32f4xx\\stm32f4xx_assert.c 0x00000000   Number         0  stm32f4xx_assert.o ABSOLUTE
    ..\\..\\User\\bsp_stm32f4xx\\stm32f4xx_it.c 0x00000000   Number         0  stm32f4xx_it.o ABSOLUTE
    ..\\..\\User\\bsp_stm32f4xx\\system_stm32f4xx.c 0x00000000   Number         0  system_stm32f4xx.o ABSOLUTE
    ..\\..\\User\\can_network.c              0x00000000   Number         0  can_network.o ABSOLUTE
    ..\\..\\User\\main.c                     0x00000000   Number         0  main.o ABSOLUTE
    ..\\..\\User\\mydefine.c                 0x00000000   Number         0  mydefine.o ABSOLUTE
    cdcmple.s                                0x00000000   Number         0  cdcmple.o ABSOLUTE
    cdrcmple.s                               0x00000000   Number         0  cdrcmple.o ABSOLUTE
    dc.s                                     0x00000000   Number         0  dc.o ABSOLUTE
    handlers.s                               0x00000000   Number         0  handlers.o ABSOLUTE
    init.s                                   0x00000000   Number         0  init.o ABSOLUTE
    RESET                                    0x08000000   Section      392  startup_stm32f40_41xxx.o(RESET)
    .ARM.Collect$$$$00000000                 0x08000188   Section        0  entry.o(.ARM.Collect$$$$00000000)
    .ARM.Collect$$$$00000001                 0x08000188   Section        4  entry2.o(.ARM.Collect$$$$00000001)
    .ARM.Collect$$$$00000004                 0x0800018c   Section        4  entry5.o(.ARM.Collect$$$$00000004)
    .ARM.Collect$$$$00000008                 0x08000190   Section        0  entry7b.o(.ARM.Collect$$$$00000008)
    .ARM.Collect$$$$0000000A                 0x08000190   Section        0  entry8b.o(.ARM.Collect$$$$0000000A)
    .ARM.Collect$$$$0000000B                 0x08000190   Section        8  entry9a.o(.ARM.Collect$$$$0000000B)
    .ARM.Collect$$$$0000000D                 0x08000198   Section        0  entry10a.o(.ARM.Collect$$$$0000000D)
    .ARM.Collect$$$$0000000F                 0x08000198   Section        0  entry11a.o(.ARM.Collect$$$$0000000F)
    .ARM.Collect$$$$00002712                 0x08000198   Section        4  entry2.o(.ARM.Collect$$$$00002712)
    __lit__00000000                          0x08000198   Data           4  entry2.o(.ARM.Collect$$$$00002712)
    .text                                    0x0800019c   Section       36  startup_stm32f40_41xxx.o(.text)
    $v0                                      0x0800019c   Number         0  startup_stm32f40_41xxx.o(.text)
    .text                                    0x080001c0   Section        0  memcpya.o(.text)
    .text                                    0x080001e4   Section        0  memseta.o(.text)
    .text                                    0x08000208   Section        0  f2d.o(.text)
    .text                                    0x0800022e   Section        0  d2f.o(.text)
    .text                                    0x08000266   Section        0  fepilogue.o(.text)
    .text                                    0x08000266   Section        0  iusefp.o(.text)
    .text                                    0x080002d4   Section        0  dsqrt.o(.text)
    .text                                    0x08000378   Section       36  init.o(.text)
    .text                                    0x0800039c   Section        0  llshl.o(.text)
    .text                                    0x080003ba   Section        0  llushr.o(.text)
    .text                                    0x080003da   Section        0  depilogue.o(.text)
    i.ADCInit                                0x08000494   Section        0  bsp_adc.o(i.ADCInit)
    i.ADC_Cmd                                0x0800060c   Section        0  stm32f4xx_adc.o(i.ADC_Cmd)
    i.ADC_CommonInit                         0x08000624   Section        0  stm32f4xx_adc.o(i.ADC_CommonInit)
    i.ADC_DMACmd                             0x08000654   Section        0  stm32f4xx_adc.o(i.ADC_DMACmd)
    i.ADC_DMARequestAfterLastTransferCmd     0x0800066a   Section        0  stm32f4xx_adc.o(i.ADC_DMARequestAfterLastTransferCmd)
    i.ADC_Init                               0x08000680   Section        0  stm32f4xx_adc.o(i.ADC_Init)
    i.ADC_RegularChannelConfig               0x080006d4   Section        0  stm32f4xx_adc.o(i.ADC_RegularChannelConfig)
    i.BusFault_Handler                       0x0800078c   Section        0  stm32f4xx_it.o(i.BusFault_Handler)
    i.CAN1_RX0_IRQHandler                    0x08000790   Section        0  stm32f4xx_it.o(i.CAN1_RX0_IRQHandler)
    i.CAN_DeInit                             0x08000798   Section        0  stm32f4xx_can.o(i.CAN_DeInit)
    i.CAN_FilterInit                         0x080007d0   Section        0  stm32f4xx_can.o(i.CAN_FilterInit)
    i.CAN_ITConfig                           0x080008d8   Section        0  stm32f4xx_can.o(i.CAN_ITConfig)
    i.CAN_Init                               0x080008ea   Section        0  stm32f4xx_can.o(i.CAN_Init)
    i.CAN_Receive                            0x080009fe   Section        0  stm32f4xx_can.o(i.CAN_Receive)
    i.CRC_GetModbus16                        0x08000af0   Section        0  mydefine.o(i.CRC_GetModbus16)
    i.CalRMS                                 0x08000b20   Section        0  arithmetic.o(i.CalRMS)
    i.CalVerify                              0x08000c10   Section        0  arithmetic.o(i.CalVerify)
    i.CanBreath                              0x08000ce4   Section        0  can_network.o(i.CanBreath)
    i.CanSendWave                            0x08000dfc   Section        0  can_network.o(i.CanSendWave)
    i.ConfigUartNVIC                         0x080010b0   Section        0  bsp_uart_fifo.o(i.ConfigUartNVIC)
    ConfigUartNVIC                           0x080010b1   Thumb Code    60  bsp_uart_fifo.o(i.ConfigUartNVIC)
    i.DMA_Cmd                                0x080010ec   Section        0  stm32f4xx_dma.o(i.DMA_Cmd)
    i.DMA_GetCurrDataCounter                 0x08001102   Section        0  stm32f4xx_dma.o(i.DMA_GetCurrDataCounter)
    i.DMA_Init                               0x0800110c   Section        0  stm32f4xx_dma.o(i.DMA_Init)
    i.DebugMon_Handler                       0x08001164   Section        0  stm32f4xx_it.o(i.DebugMon_Handler)
    i.EepromDataInit                         0x08001168   Section        0  mydefine.o(i.EepromDataInit)
    i.FIFO_Backpointer                       0x080011a8   Section        0  mydefine.o(i.FIFO_Backpointer)
    i.FIFO_length                            0x080011ba   Section        0  mydefine.o(i.FIFO_length)
    i.FIFO_pointer                           0x080011ce   Section        0  mydefine.o(i.FIFO_pointer)
    i.FLASH_ClearFlag                        0x080011e4   Section        0  stm32f4xx_flash.o(i.FLASH_ClearFlag)
    i.FLASH_EraseSector                      0x080011f0   Section        0  stm32f4xx_flash.o(i.FLASH_EraseSector)
    i.FLASH_GetStatus                        0x08001278   Section        0  stm32f4xx_flash.o(i.FLASH_GetStatus)
    i.FLASH_Lock                             0x080012cc   Section        0  stm32f4xx_flash.o(i.FLASH_Lock)
    i.FLASH_ProgramByte                      0x080012e0   Section        0  stm32f4xx_flash.o(i.FLASH_ProgramByte)
    i.FLASH_Unlock                           0x0800132c   Section        0  stm32f4xx_flash.o(i.FLASH_Unlock)
    i.FLASH_WaitForLastOperation             0x08001350   Section        0  stm32f4xx_flash.o(i.FLASH_WaitForLastOperation)
    i.FlashWrite                             0x08001374   Section        0  mydefine.o(i.FlashWrite)
    i.GPIO_Init                              0x080013c0   Section        0  stm32f4xx_gpio.o(i.GPIO_Init)
    i.GPIO_PinAFConfig                       0x08001450   Section        0  stm32f4xx_gpio.o(i.GPIO_PinAFConfig)
    i.GPIO_ResetBits                         0x08001496   Section        0  stm32f4xx_gpio.o(i.GPIO_ResetBits)
    i.GPIO_SetBits                           0x0800149a   Section        0  stm32f4xx_gpio.o(i.GPIO_SetBits)
    i.GetRevCrc_16                           0x0800149e   Section        0  mydefine.o(i.GetRevCrc_16)
    GetRevCrc_16                             0x0800149f   Thumb Code    36  mydefine.o(i.GetRevCrc_16)
    i.HardFault_Handler                      0x080014c4   Section        0  stm32f4xx_it.o(i.HardFault_Handler)
    i.IWDG_Enable                            0x0800151c   Section        0  stm32f4xx_iwdg.o(i.IWDG_Enable)
    i.IWDG_ReloadCounter                     0x0800152c   Section        0  stm32f4xx_iwdg.o(i.IWDG_ReloadCounter)
    i.IWDG_SetPrescaler                      0x0800153c   Section        0  stm32f4xx_iwdg.o(i.IWDG_SetPrescaler)
    i.IWDG_SetReload                         0x08001548   Section        0  stm32f4xx_iwdg.o(i.IWDG_SetReload)
    i.IWDG_WriteAccessCmd                    0x08001554   Section        0  stm32f4xx_iwdg.o(i.IWDG_WriteAccessCmd)
    i.InitHardUart                           0x08001560   Section        0  bsp_uart_fifo.o(i.InitHardUart)
    InitHardUart                             0x08001561   Thumb Code   362  bsp_uart_fifo.o(i.InitHardUart)
    i.MemManage_Handler                      0x080016dc   Section        0  stm32f4xx_it.o(i.MemManage_Handler)
    i.My_RTC_Init                            0x080016e0   Section        0  bsp_rtc.o(i.My_RTC_Init)
    i.NMI_Handler                            0x080017a4   Section        0  stm32f4xx_it.o(i.NMI_Handler)
    i.NVIC_Init                              0x080017a8   Section        0  misc.o(i.NVIC_Init)
    i.NVIC_PriorityGroupConfig               0x08001820   Section        0  misc.o(i.NVIC_PriorityGroupConfig)
    i.PWR_BackupAccessCmd                    0x08001834   Section        0  stm32f4xx_pwr.o(i.PWR_BackupAccessCmd)
    i.PendSV_Handler                         0x08001840   Section        0  stm32f4xx_it.o(i.PendSV_Handler)
    i.RCC_AHB1PeriphClockCmd                 0x08001844   Section        0  stm32f4xx_rcc.o(i.RCC_AHB1PeriphClockCmd)
    i.RCC_APB1PeriphClockCmd                 0x08001864   Section        0  stm32f4xx_rcc.o(i.RCC_APB1PeriphClockCmd)
    i.RCC_APB1PeriphResetCmd                 0x08001884   Section        0  stm32f4xx_rcc.o(i.RCC_APB1PeriphResetCmd)
    i.RCC_APB2PeriphClockCmd                 0x080018a4   Section        0  stm32f4xx_rcc.o(i.RCC_APB2PeriphClockCmd)
    i.RCC_APB2PeriphResetCmd                 0x080018c4   Section        0  stm32f4xx_rcc.o(i.RCC_APB2PeriphResetCmd)
    i.RCC_GetClocksFreq                      0x080018e4   Section        0  stm32f4xx_rcc.o(i.RCC_GetClocksFreq)
    i.RCC_GetFlagStatus                      0x080019cc   Section        0  stm32f4xx_rcc.o(i.RCC_GetFlagStatus)
    i.RCC_LSEConfig                          0x08001a0c   Section        0  stm32f4xx_rcc.o(i.RCC_LSEConfig)
    i.RCC_RTCCLKCmd                          0x08001a38   Section        0  stm32f4xx_rcc.o(i.RCC_RTCCLKCmd)
    i.RCC_RTCCLKConfig                       0x08001a44   Section        0  stm32f4xx_rcc.o(i.RCC_RTCCLKConfig)
    i.RTC_Bcd2ToByte                         0x08001a80   Section        0  stm32f4xx_rtc.o(i.RTC_Bcd2ToByte)
    RTC_Bcd2ToByte                           0x08001a81   Thumb Code    22  stm32f4xx_rtc.o(i.RTC_Bcd2ToByte)
    i.RTC_ByteToBcd2                         0x08001a96   Section        0  stm32f4xx_rtc.o(i.RTC_ByteToBcd2)
    RTC_ByteToBcd2                           0x08001a97   Thumb Code    28  stm32f4xx_rtc.o(i.RTC_ByteToBcd2)
    i.RTC_EnterInitMode                      0x08001ab4   Section        0  stm32f4xx_rtc.o(i.RTC_EnterInitMode)
    i.RTC_ExitInitMode                       0x08001b04   Section        0  stm32f4xx_rtc.o(i.RTC_ExitInitMode)
    i.RTC_GetDate                            0x08001b18   Section        0  stm32f4xx_rtc.o(i.RTC_GetDate)
    i.RTC_GetTime                            0x08001b64   Section        0  stm32f4xx_rtc.o(i.RTC_GetTime)
    i.RTC_Init                               0x08001bb4   Section        0  stm32f4xx_rtc.o(i.RTC_Init)
    i.RTC_ReadBackupRegister                 0x08001c18   Section        0  stm32f4xx_rtc.o(i.RTC_ReadBackupRegister)
    i.RTC_SetDate                            0x08001c38   Section        0  stm32f4xx_rtc.o(i.RTC_SetDate)
    i.RTC_SetTime                            0x08001d00   Section        0  stm32f4xx_rtc.o(i.RTC_SetTime)
    i.RTC_WaitForSynchro                     0x08001dd0   Section        0  stm32f4xx_rtc.o(i.RTC_WaitForSynchro)
    i.RTC_WriteBackupRegister                0x08001e30   Section        0  stm32f4xx_rtc.o(i.RTC_WriteBackupRegister)
    i.ReadRtcTime                            0x08001e4c   Section        0  bsp_rtc.o(i.ReadRtcTime)
    i.SVC_Handler                            0x08001ea8   Section        0  stm32f4xx_it.o(i.SVC_Handler)
    i.SelCalRMS                              0x08001eac   Section        0  arithmetic.o(i.SelCalRMS)
    i.SendCan1Msg                            0x0800211c   Section        0  can_network.o(i.SendCan1Msg)
    i.SendCanbuf                             0x0800215c   Section        0  can_network.o(i.SendCanbuf)
    i.SetSysClock                            0x080021b4   Section        0  system_stm32f4xx.o(i.SetSysClock)
    SetSysClock                              0x080021b5   Thumb Code   220  system_stm32f4xx.o(i.SetSysClock)
    i.SysTick_Handler                        0x080022a0   Section        0  bsp_timer.o(i.SysTick_Handler)
    i.SysTick_ISR                            0x080022a8   Section        0  bsp_timer.o(i.SysTick_ISR)
    i.SystemInit                             0x0800232c   Section        0  system_stm32f4xx.o(i.SystemInit)
    i.TIM3_Int_Init                          0x08002394   Section        0  bsp_rtc.o(i.TIM3_Int_Init)
    i.TIM_ARRPreloadConfig                   0x080023cc   Section        0  stm32f4xx_tim.o(i.TIM_ARRPreloadConfig)
    i.TIM_Cmd                                0x080023e4   Section        0  stm32f4xx_tim.o(i.TIM_Cmd)
    i.TIM_GetCounter                         0x080023fc   Section        0  stm32f4xx_tim.o(i.TIM_GetCounter)
    i.TIM_ITConfig                           0x08002402   Section        0  stm32f4xx_tim.o(i.TIM_ITConfig)
    i.TIM_SelectOutputTrigger                0x08002414   Section        0  stm32f4xx_tim.o(i.TIM_SelectOutputTrigger)
    i.TIM_TimeBaseInit                       0x08002428   Section        0  stm32f4xx_tim.o(i.TIM_TimeBaseInit)
    i.TestPinInit                            0x080024ac   Section        0  mydefine.o(i.TestPinInit)
    i.USART1_IRQHandler                      0x080024f4   Section        0  bsp_uart_fifo.o(i.USART1_IRQHandler)
    i.USART3_IRQHandler                      0x08002504   Section        0  bsp_uart_fifo.o(i.USART3_IRQHandler)
    i.USART3_SendBefor                       0x08002514   Section        0  bsp_uart_fifo.o(i.USART3_SendBefor)
    i.USART3_SendOver                        0x08002520   Section        0  bsp_uart_fifo.o(i.USART3_SendOver)
    i.USART_ClearFlag                        0x0800252c   Section        0  stm32f4xx_usart.o(i.USART_ClearFlag)
    i.USART_Cmd                              0x0800253e   Section        0  stm32f4xx_usart.o(i.USART_Cmd)
    i.USART_GetITStatus                      0x08002556   Section        0  stm32f4xx_usart.o(i.USART_GetITStatus)
    i.USART_ITConfig                         0x080025aa   Section        0  stm32f4xx_usart.o(i.USART_ITConfig)
    i.USART_Init                             0x080025f4   Section        0  stm32f4xx_usart.o(i.USART_Init)
    i.USART_ReceiveData                      0x080026c8   Section        0  stm32f4xx_usart.o(i.USART_ReceiveData)
    i.USART_SendData                         0x080026d2   Section        0  stm32f4xx_usart.o(i.USART_SendData)
    i.UartIRQ                                0x080026da   Section        0  bsp_uart_fifo.o(i.UartIRQ)
    UartIRQ                                  0x080026db   Thumb Code   230  bsp_uart_fifo.o(i.UartIRQ)
    i.UartVarInit                            0x080027c0   Section        0  bsp_uart_fifo.o(i.UartVarInit)
    UartVarInit                              0x080027c1   Thumb Code    92  bsp_uart_fifo.o(i.UartVarInit)
    i.UsageFault_Handler                     0x08002844   Section        0  stm32f4xx_it.o(i.UsageFault_Handler)
    i.__hardfp_sqrt                          0x08002848   Section        0  sqrt.o(i.__hardfp_sqrt)
    i.__scatterload_copy                     0x080028c2   Section       14  handlers.o(i.__scatterload_copy)
    i.__scatterload_null                     0x080028d0   Section        2  handlers.o(i.__scatterload_null)
    i.__scatterload_zeroinit                 0x080028d2   Section       14  handlers.o(i.__scatterload_zeroinit)
    i.__set_errno                            0x080028e0   Section        0  errno.o(i.__set_errno)
    i.bsp_Init                               0x080028ec   Section        0  bsp.o(i.bsp_Init)
    i.bsp_InitLed                            0x08002928   Section        0  bsp_led.o(i.bsp_InitLed)
    i.bsp_InitTimer                          0x08002974   Section        0  bsp_timer.o(i.bsp_InitTimer)
    i.bsp_InitUart                           0x080029b0   Section        0  bsp_uart_fifo.o(i.bsp_InitUart)
    i.bsp_LedOff                             0x080029c0   Section        0  bsp_led.o(i.bsp_LedOff)
    i.bsp_LedOn                              0x080029e4   Section        0  bsp_led.o(i.bsp_LedOn)
    i.bsp_RunPer10ms                         0x08002a08   Section        0  bsp.o(i.bsp_RunPer10ms)
    i.bsp_RunPer1ms                          0x08002a0a   Section        0  bsp.o(i.bsp_RunPer1ms)
    i.bsp_SoftTimerDec                       0x08002a0c   Section        0  bsp_timer.o(i.bsp_SoftTimerDec)
    bsp_SoftTimerDec                         0x08002a0d   Thumb Code    28  bsp_timer.o(i.bsp_SoftTimerDec)
    i.can_ISR                                0x08002a28   Section        0  can_network.o(i.can_ISR)
    i.can_Init                               0x08002aec   Section        0  can_network.o(i.can_Init)
    i.can_NVIC_Config                        0x08002c08   Section        0  can_network.o(i.can_NVIC_Config)
    i.can_SetTask                            0x08002c40   Section        0  can_network.o(i.can_SetTask)
    i.can_Task                               0x080032f8   Section        0  can_network.o(i.can_Task)
    i.main                                   0x08003774   Section        0  main.o(i.main)
    i.myCAN_Transmit                         0x080038b8   Section        0  stm32f4xx_can.o(i.myCAN_Transmit)
    .constdata                               0x080039c0   Section      512  mydefine.o(.constdata)
    .ARM.__AT_0x0800C000                     0x0800c000   Section    16384  mydefine.o(.ARM.__AT_0x0800C000)
    .data                                    0x20000000   Section        6  main.o(.data)
    .data                                    0x20000006   Section       20  can_network.o(.data)
    step                                     0x20000008   Data           1  can_network.o(.data)
    len                                      0x2000000a   Data           2  can_network.o(.data)
    step                                     0x2000000c   Data           1  can_network.o(.data)
    DelayTim                                 0x2000000d   Data           1  can_network.o(.data)
    len                                      0x2000000e   Data           2  can_network.o(.data)
    DelayTim                                 0x20000010   Data           2  can_network.o(.data)
    step                                     0x20000012   Data           1  can_network.o(.data)
    bagSize                                  0x20000013   Data           1  can_network.o(.data)
    bagNum                                   0x20000014   Data           1  can_network.o(.data)
    SendTimes                                0x20000015   Data           1  can_network.o(.data)
    len                                      0x20000016   Data           2  can_network.o(.data)
    DelayTim                                 0x20000018   Data           2  can_network.o(.data)
    .data                                    0x2000001c   Section       24  mydefine.o(.data)
    .data                                    0x20000034   Section        2  arithmetic.o(.data)
    step                                     0x20000035   Data           1  arithmetic.o(.data)
    .data                                    0x20000038   Section       13  bsp_timer.o(.data)
    s_uiDelayCount                           0x20000038   Data           4  bsp_timer.o(.data)
    s_ucTimeOutFlag                          0x2000003c   Data           1  bsp_timer.o(.data)
    s_count                                  0x20000044   Data           1  bsp_timer.o(.data)
    .data                                    0x20000045   Section       10  bsp_rtc.o(.data)
    .data                                    0x2000004f   Section       16  stm32f4xx_rcc.o(.data)
    APBAHBPrescTable                         0x2000004f   Data          16  stm32f4xx_rcc.o(.data)
    .data                                    0x20000060   Section        4  errno.o(.data)
    _errno                                   0x20000060   Data           4  errno.o(.data)
    .bss                                     0x20000064   Section       40  can_network.o(.bss)
    .bss                                     0x2000008c   Section       48  bsp_timer.o(.bss)
    s_tTmr                                   0x2000008c   Data          48  bsp_timer.o(.bss)
    .bss                                     0x200000bc   Section     4176  bsp_uart_fifo.o(.bss)
    g_tUart1                                 0x200000bc   Data          40  bsp_uart_fifo.o(.bss)
    g_TxBuf1                                 0x200000e4   Data        1024  bsp_uart_fifo.o(.bss)
    g_RxBuf1                                 0x200004e4   Data        1024  bsp_uart_fifo.o(.bss)
    g_tUart3                                 0x200008e4   Data          40  bsp_uart_fifo.o(.bss)
    g_TxBuf3                                 0x2000090c   Data        1024  bsp_uart_fifo.o(.bss)
    g_RxBuf3                                 0x20000d0c   Data        1024  bsp_uart_fifo.o(.bss)
    .bss                                     0x2000110c   Section    81928  bsp_adc.o(.bss)
    STACK                                    0x20015118   Section    16384  startup_stm32f40_41xxx.o(STACK)

    Global Symbols

    Symbol Name                              Value     Ov Type        Size  Object(Section)

    BuildAttributes$$THM_ISAv4$E$P$D$K$B$S$7EM$VFPi3$EXTD16$VFPS$VFMA$PE$A:L22UL41UL21$X:L11$S22US41US21$IEEE1$IW$USESV6$~STKCKD$USESV7$~SHL$OTIME$ROPI$IEEEJ$EBA8$MICROLIB$REQ8$PRES8$EABIv2 0x00000000   Number         0  anon$$obj.o ABSOLUTE
    __ARM_use_no_argv                        0x00000000   Number         0  main.o ABSOLUTE
    _printf_a                                0x00000000   Number         0  stubs.o ABSOLUTE
    _printf_c                                0x00000000   Number         0  stubs.o ABSOLUTE
    _printf_charcount                        0x00000000   Number         0  stubs.o ABSOLUTE
    _printf_d                                0x00000000   Number         0  stubs.o ABSOLUTE
    _printf_e                                0x00000000   Number         0  stubs.o ABSOLUTE
    _printf_f                                0x00000000   Number         0  stubs.o ABSOLUTE
    _printf_flags                            0x00000000   Number         0  stubs.o ABSOLUTE
    _printf_fp_dec                           0x00000000   Number         0  stubs.o ABSOLUTE
    _printf_fp_hex                           0x00000000   Number         0  stubs.o ABSOLUTE
    _printf_g                                0x00000000   Number         0  stubs.o ABSOLUTE
    _printf_i                                0x00000000   Number         0  stubs.o ABSOLUTE
    _printf_int_dec                          0x00000000   Number         0  stubs.o ABSOLUTE
    _printf_l                                0x00000000   Number         0  stubs.o ABSOLUTE
    _printf_lc                               0x00000000   Number         0  stubs.o ABSOLUTE
    _printf_ll                               0x00000000   Number         0  stubs.o ABSOLUTE
    _printf_lld                              0x00000000   Number         0  stubs.o ABSOLUTE
    _printf_lli                              0x00000000   Number         0  stubs.o ABSOLUTE
    _printf_llo                              0x00000000   Number         0  stubs.o ABSOLUTE
    _printf_llu                              0x00000000   Number         0  stubs.o ABSOLUTE
    _printf_llx                              0x00000000   Number         0  stubs.o ABSOLUTE
    _printf_longlong_dec                     0x00000000   Number         0  stubs.o ABSOLUTE
    _printf_longlong_hex                     0x00000000   Number         0  stubs.o ABSOLUTE
    _printf_longlong_oct                     0x00000000   Number         0  stubs.o ABSOLUTE
    _printf_ls                               0x00000000   Number         0  stubs.o ABSOLUTE
    _printf_mbtowc                           0x00000000   Number         0  stubs.o ABSOLUTE
    _printf_n                                0x00000000   Number         0  stubs.o ABSOLUTE
    _printf_o                                0x00000000   Number         0  stubs.o ABSOLUTE
    _printf_p                                0x00000000   Number         0  stubs.o ABSOLUTE
    _printf_percent                          0x00000000   Number         0  stubs.o ABSOLUTE
    _printf_pre_padding                      0x00000000   Number         0  stubs.o ABSOLUTE
    _printf_return_value                     0x00000000   Number         0  stubs.o ABSOLUTE
    _printf_s                                0x00000000   Number         0  stubs.o ABSOLUTE
    _printf_sizespec                         0x00000000   Number         0  stubs.o ABSOLUTE
    _printf_str                              0x00000000   Number         0  stubs.o ABSOLUTE
    _printf_truncate_signed                  0x00000000   Number         0  stubs.o ABSOLUTE
    _printf_truncate_unsigned                0x00000000   Number         0  stubs.o ABSOLUTE
    _printf_u                                0x00000000   Number         0  stubs.o ABSOLUTE
    _printf_wc                               0x00000000   Number         0  stubs.o ABSOLUTE
    _printf_wctomb                           0x00000000   Number         0  stubs.o ABSOLUTE
    _printf_widthprec                        0x00000000   Number         0  stubs.o ABSOLUTE
    _printf_x                                0x00000000   Number         0  stubs.o ABSOLUTE
    __cpp_initialize__aeabi_                  - Undefined Weak Reference
    __cxa_finalize                            - Undefined Weak Reference
    __decompress                              - Undefined Weak Reference
    _clock_init                               - Undefined Weak Reference
    _microlib_exit                            - Undefined Weak Reference
    __Vectors_Size                           0x00000188   Number         0  startup_stm32f40_41xxx.o ABSOLUTE
    __Vectors                                0x08000000   Data           4  startup_stm32f40_41xxx.o(RESET)
    __Vectors_End                            0x08000188   Data           0  startup_stm32f40_41xxx.o(RESET)
    __main                                   0x08000189   Thumb Code     0  entry.o(.ARM.Collect$$$$00000000)
    _main_stk                                0x08000189   Thumb Code     0  entry2.o(.ARM.Collect$$$$00000001)
    _main_scatterload                        0x0800018d   Thumb Code     0  entry5.o(.ARM.Collect$$$$00000004)
    __main_after_scatterload                 0x08000191   Thumb Code     0  entry5.o(.ARM.Collect$$$$00000004)
    _main_clock                              0x08000191   Thumb Code     0  entry7b.o(.ARM.Collect$$$$00000008)
    _main_cpp_init                           0x08000191   Thumb Code     0  entry8b.o(.ARM.Collect$$$$0000000A)
    _main_init                               0x08000191   Thumb Code     0  entry9a.o(.ARM.Collect$$$$0000000B)
    __rt_final_cpp                           0x08000199   Thumb Code     0  entry10a.o(.ARM.Collect$$$$0000000D)
    __rt_final_exit                          0x08000199   Thumb Code     0  entry11a.o(.ARM.Collect$$$$0000000F)
    Reset_Handler                            0x0800019d   Thumb Code     8  startup_stm32f40_41xxx.o(.text)
    ADC_IRQHandler                           0x080001b7   Thumb Code     0  startup_stm32f40_41xxx.o(.text)
    CAN1_RX1_IRQHandler                      0x080001b7   Thumb Code     0  startup_stm32f40_41xxx.o(.text)
    CAN1_SCE_IRQHandler                      0x080001b7   Thumb Code     0  startup_stm32f40_41xxx.o(.text)
    CAN1_TX_IRQHandler                       0x080001b7   Thumb Code     0  startup_stm32f40_41xxx.o(.text)
    CAN2_RX0_IRQHandler                      0x080001b7   Thumb Code     0  startup_stm32f40_41xxx.o(.text)
    CAN2_RX1_IRQHandler                      0x080001b7   Thumb Code     0  startup_stm32f40_41xxx.o(.text)
    CAN2_SCE_IRQHandler                      0x080001b7   Thumb Code     0  startup_stm32f40_41xxx.o(.text)
    CAN2_TX_IRQHandler                       0x080001b7   Thumb Code     0  startup_stm32f40_41xxx.o(.text)
    CRYP_IRQHandler                          0x080001b7   Thumb Code     0  startup_stm32f40_41xxx.o(.text)
    DCMI_IRQHandler                          0x080001b7   Thumb Code     0  startup_stm32f40_41xxx.o(.text)
    DMA1_Stream0_IRQHandler                  0x080001b7   Thumb Code     0  startup_stm32f40_41xxx.o(.text)
    DMA1_Stream1_IRQHandler                  0x080001b7   Thumb Code     0  startup_stm32f40_41xxx.o(.text)
    DMA1_Stream2_IRQHandler                  0x080001b7   Thumb Code     0  startup_stm32f40_41xxx.o(.text)
    DMA1_Stream3_IRQHandler                  0x080001b7   Thumb Code     0  startup_stm32f40_41xxx.o(.text)
    DMA1_Stream4_IRQHandler                  0x080001b7   Thumb Code     0  startup_stm32f40_41xxx.o(.text)
    DMA1_Stream5_IRQHandler                  0x080001b7   Thumb Code     0  startup_stm32f40_41xxx.o(.text)
    DMA1_Stream6_IRQHandler                  0x080001b7   Thumb Code     0  startup_stm32f40_41xxx.o(.text)
    DMA1_Stream7_IRQHandler                  0x080001b7   Thumb Code     0  startup_stm32f40_41xxx.o(.text)
    DMA2_Stream0_IRQHandler                  0x080001b7   Thumb Code     0  startup_stm32f40_41xxx.o(.text)
    DMA2_Stream1_IRQHandler                  0x080001b7   Thumb Code     0  startup_stm32f40_41xxx.o(.text)
    DMA2_Stream2_IRQHandler                  0x080001b7   Thumb Code     0  startup_stm32f40_41xxx.o(.text)
    DMA2_Stream3_IRQHandler                  0x080001b7   Thumb Code     0  startup_stm32f40_41xxx.o(.text)
    DMA2_Stream4_IRQHandler                  0x080001b7   Thumb Code     0  startup_stm32f40_41xxx.o(.text)
    DMA2_Stream5_IRQHandler                  0x080001b7   Thumb Code     0  startup_stm32f40_41xxx.o(.text)
    DMA2_Stream6_IRQHandler                  0x080001b7   Thumb Code     0  startup_stm32f40_41xxx.o(.text)
    DMA2_Stream7_IRQHandler                  0x080001b7   Thumb Code     0  startup_stm32f40_41xxx.o(.text)
    ETH_IRQHandler                           0x080001b7   Thumb Code     0  startup_stm32f40_41xxx.o(.text)
    ETH_WKUP_IRQHandler                      0x080001b7   Thumb Code     0  startup_stm32f40_41xxx.o(.text)
    EXTI0_IRQHandler                         0x080001b7   Thumb Code     0  startup_stm32f40_41xxx.o(.text)
    EXTI15_10_IRQHandler                     0x080001b7   Thumb Code     0  startup_stm32f40_41xxx.o(.text)
    EXTI1_IRQHandler                         0x080001b7   Thumb Code     0  startup_stm32f40_41xxx.o(.text)
    EXTI2_IRQHandler                         0x080001b7   Thumb Code     0  startup_stm32f40_41xxx.o(.text)
    EXTI3_IRQHandler                         0x080001b7   Thumb Code     0  startup_stm32f40_41xxx.o(.text)
    EXTI4_IRQHandler                         0x080001b7   Thumb Code     0  startup_stm32f40_41xxx.o(.text)
    EXTI9_5_IRQHandler                       0x080001b7   Thumb Code     0  startup_stm32f40_41xxx.o(.text)
    FLASH_IRQHandler                         0x080001b7   Thumb Code     0  startup_stm32f40_41xxx.o(.text)
    FPU_IRQHandler                           0x080001b7   Thumb Code     0  startup_stm32f40_41xxx.o(.text)
    FSMC_IRQHandler                          0x080001b7   Thumb Code     0  startup_stm32f40_41xxx.o(.text)
    HASH_RNG_IRQHandler                      0x080001b7   Thumb Code     0  startup_stm32f40_41xxx.o(.text)
    I2C1_ER_IRQHandler                       0x080001b7   Thumb Code     0  startup_stm32f40_41xxx.o(.text)
    I2C1_EV_IRQHandler                       0x080001b7   Thumb Code     0  startup_stm32f40_41xxx.o(.text)
    I2C2_ER_IRQHandler                       0x080001b7   Thumb Code     0  startup_stm32f40_41xxx.o(.text)
    I2C2_EV_IRQHandler                       0x080001b7   Thumb Code     0  startup_stm32f40_41xxx.o(.text)
    I2C3_ER_IRQHandler                       0x080001b7   Thumb Code     0  startup_stm32f40_41xxx.o(.text)
    I2C3_EV_IRQHandler                       0x080001b7   Thumb Code     0  startup_stm32f40_41xxx.o(.text)
    OTG_FS_IRQHandler                        0x080001b7   Thumb Code     0  startup_stm32f40_41xxx.o(.text)
    OTG_FS_WKUP_IRQHandler                   0x080001b7   Thumb Code     0  startup_stm32f40_41xxx.o(.text)
    OTG_HS_EP1_IN_IRQHandler                 0x080001b7   Thumb Code     0  startup_stm32f40_41xxx.o(.text)
    OTG_HS_EP1_OUT_IRQHandler                0x080001b7   Thumb Code     0  startup_stm32f40_41xxx.o(.text)
    OTG_HS_IRQHandler                        0x080001b7   Thumb Code     0  startup_stm32f40_41xxx.o(.text)
    OTG_HS_WKUP_IRQHandler                   0x080001b7   Thumb Code     0  startup_stm32f40_41xxx.o(.text)
    PVD_IRQHandler                           0x080001b7   Thumb Code     0  startup_stm32f40_41xxx.o(.text)
    RCC_IRQHandler                           0x080001b7   Thumb Code     0  startup_stm32f40_41xxx.o(.text)
    RTC_Alarm_IRQHandler                     0x080001b7   Thumb Code     0  startup_stm32f40_41xxx.o(.text)
    RTC_WKUP_IRQHandler                      0x080001b7   Thumb Code     0  startup_stm32f40_41xxx.o(.text)
    SDIO_IRQHandler                          0x080001b7   Thumb Code     0  startup_stm32f40_41xxx.o(.text)
    SPI1_IRQHandler                          0x080001b7   Thumb Code     0  startup_stm32f40_41xxx.o(.text)
    SPI2_IRQHandler                          0x080001b7   Thumb Code     0  startup_stm32f40_41xxx.o(.text)
    SPI3_IRQHandler                          0x080001b7   Thumb Code     0  startup_stm32f40_41xxx.o(.text)
    TAMP_STAMP_IRQHandler                    0x080001b7   Thumb Code     0  startup_stm32f40_41xxx.o(.text)
    TIM1_BRK_TIM9_IRQHandler                 0x080001b7   Thumb Code     0  startup_stm32f40_41xxx.o(.text)
    TIM1_CC_IRQHandler                       0x080001b7   Thumb Code     0  startup_stm32f40_41xxx.o(.text)
    TIM1_TRG_COM_TIM11_IRQHandler            0x080001b7   Thumb Code     0  startup_stm32f40_41xxx.o(.text)
    TIM1_UP_TIM10_IRQHandler                 0x080001b7   Thumb Code     0  startup_stm32f40_41xxx.o(.text)
    TIM2_IRQHandler                          0x080001b7   Thumb Code     0  startup_stm32f40_41xxx.o(.text)
    TIM3_IRQHandler                          0x080001b7   Thumb Code     0  startup_stm32f40_41xxx.o(.text)
    TIM4_IRQHandler                          0x080001b7   Thumb Code     0  startup_stm32f40_41xxx.o(.text)
    TIM5_IRQHandler                          0x080001b7   Thumb Code     0  startup_stm32f40_41xxx.o(.text)
    TIM6_DAC_IRQHandler                      0x080001b7   Thumb Code     0  startup_stm32f40_41xxx.o(.text)
    TIM7_IRQHandler                          0x080001b7   Thumb Code     0  startup_stm32f40_41xxx.o(.text)
    TIM8_BRK_TIM12_IRQHandler                0x080001b7   Thumb Code     0  startup_stm32f40_41xxx.o(.text)
    TIM8_CC_IRQHandler                       0x080001b7   Thumb Code     0  startup_stm32f40_41xxx.o(.text)
    TIM8_TRG_COM_TIM14_IRQHandler            0x080001b7   Thumb Code     0  startup_stm32f40_41xxx.o(.text)
    TIM8_UP_TIM13_IRQHandler                 0x080001b7   Thumb Code     0  startup_stm32f40_41xxx.o(.text)
    UART4_IRQHandler                         0x080001b7   Thumb Code     0  startup_stm32f40_41xxx.o(.text)
    UART5_IRQHandler                         0x080001b7   Thumb Code     0  startup_stm32f40_41xxx.o(.text)
    USART2_IRQHandler                        0x080001b7   Thumb Code     0  startup_stm32f40_41xxx.o(.text)
    USART6_IRQHandler                        0x080001b7   Thumb Code     0  startup_stm32f40_41xxx.o(.text)
    WWDG_IRQHandler                          0x080001b7   Thumb Code     0  startup_stm32f40_41xxx.o(.text)
    __aeabi_memcpy                           0x080001c1   Thumb Code    36  memcpya.o(.text)
    __aeabi_memcpy4                          0x080001c1   Thumb Code     0  memcpya.o(.text)
    __aeabi_memcpy8                          0x080001c1   Thumb Code     0  memcpya.o(.text)
    __aeabi_memset                           0x080001e5   Thumb Code    14  memseta.o(.text)
    __aeabi_memset4                          0x080001e5   Thumb Code     0  memseta.o(.text)
    __aeabi_memset8                          0x080001e5   Thumb Code     0  memseta.o(.text)
    __aeabi_memclr                           0x080001f3   Thumb Code     4  memseta.o(.text)
    __aeabi_memclr4                          0x080001f3   Thumb Code     0  memseta.o(.text)
    __aeabi_memclr8                          0x080001f3   Thumb Code     0  memseta.o(.text)
    _memset$wrapper                          0x080001f7   Thumb Code    18  memseta.o(.text)
    __aeabi_f2d                              0x08000209   Thumb Code    38  f2d.o(.text)
    __aeabi_d2f                              0x0800022f   Thumb Code    56  d2f.o(.text)
    __I$use$fp                               0x08000267   Thumb Code     0  iusefp.o(.text)
    _float_round                             0x08000267   Thumb Code    18  fepilogue.o(.text)
    _float_epilogue                          0x08000279   Thumb Code    92  fepilogue.o(.text)
    _dsqrt                                   0x080002d5   Thumb Code   162  dsqrt.o(.text)
    __scatterload                            0x08000379   Thumb Code    28  init.o(.text)
    __scatterload_rt2                        0x08000379   Thumb Code     0  init.o(.text)
    __aeabi_llsl                             0x0800039d   Thumb Code    30  llshl.o(.text)
    _ll_shift_l                              0x0800039d   Thumb Code     0  llshl.o(.text)
    __aeabi_llsr                             0x080003bb   Thumb Code    32  llushr.o(.text)
    _ll_ushift_r                             0x080003bb   Thumb Code     0  llushr.o(.text)
    _double_round                            0x080003db   Thumb Code    30  depilogue.o(.text)
    _double_epilogue                         0x080003f9   Thumb Code   156  depilogue.o(.text)
    ADCInit                                  0x08000495   Thumb Code   356  bsp_adc.o(i.ADCInit)
    ADC_Cmd                                  0x0800060d   Thumb Code    22  stm32f4xx_adc.o(i.ADC_Cmd)
    ADC_CommonInit                           0x08000625   Thumb Code    34  stm32f4xx_adc.o(i.ADC_CommonInit)
    ADC_DMACmd                               0x08000655   Thumb Code    22  stm32f4xx_adc.o(i.ADC_DMACmd)
    ADC_DMARequestAfterLastTransferCmd       0x0800066b   Thumb Code    22  stm32f4xx_adc.o(i.ADC_DMARequestAfterLastTransferCmd)
    ADC_Init                                 0x08000681   Thumb Code    74  stm32f4xx_adc.o(i.ADC_Init)
    ADC_RegularChannelConfig                 0x080006d5   Thumb Code   184  stm32f4xx_adc.o(i.ADC_RegularChannelConfig)
    BusFault_Handler                         0x0800078d   Thumb Code     4  stm32f4xx_it.o(i.BusFault_Handler)
    CAN1_RX0_IRQHandler                      0x08000791   Thumb Code     8  stm32f4xx_it.o(i.CAN1_RX0_IRQHandler)
    CAN_DeInit                               0x08000799   Thumb Code    50  stm32f4xx_can.o(i.CAN_DeInit)
    CAN_FilterInit                           0x080007d1   Thumb Code   258  stm32f4xx_can.o(i.CAN_FilterInit)
    CAN_ITConfig                             0x080008d9   Thumb Code    18  stm32f4xx_can.o(i.CAN_ITConfig)
    CAN_Init                                 0x080008eb   Thumb Code   276  stm32f4xx_can.o(i.CAN_Init)
    CAN_Receive                              0x080009ff   Thumb Code   240  stm32f4xx_can.o(i.CAN_Receive)
    CRC_GetModbus16                          0x08000af1   Thumb Code    42  mydefine.o(i.CRC_GetModbus16)
    CalRMS                                   0x08000b21   Thumb Code   220  arithmetic.o(i.CalRMS)
    CalVerify                                0x08000c11   Thumb Code   192  arithmetic.o(i.CalVerify)
    CanBreath                                0x08000ce5   Thumb Code   260  can_network.o(i.CanBreath)
    CanSendWave                              0x08000dfd   Thumb Code   658  can_network.o(i.CanSendWave)
    DMA_Cmd                                  0x080010ed   Thumb Code    22  stm32f4xx_dma.o(i.DMA_Cmd)
    DMA_GetCurrDataCounter                   0x08001103   Thumb Code     8  stm32f4xx_dma.o(i.DMA_GetCurrDataCounter)
    DMA_Init                                 0x0800110d   Thumb Code    82  stm32f4xx_dma.o(i.DMA_Init)
    DebugMon_Handler                         0x08001165   Thumb Code     2  stm32f4xx_it.o(i.DebugMon_Handler)
    EepromDataInit                           0x08001169   Thumb Code    50  mydefine.o(i.EepromDataInit)
    FIFO_Backpointer                         0x080011a9   Thumb Code    18  mydefine.o(i.FIFO_Backpointer)
    FIFO_length                              0x080011bb   Thumb Code    20  mydefine.o(i.FIFO_length)
    FIFO_pointer                             0x080011cf   Thumb Code    20  mydefine.o(i.FIFO_pointer)
    FLASH_ClearFlag                          0x080011e5   Thumb Code     6  stm32f4xx_flash.o(i.FLASH_ClearFlag)
    FLASH_EraseSector                        0x080011f1   Thumb Code   130  stm32f4xx_flash.o(i.FLASH_EraseSector)
    FLASH_GetStatus                          0x08001279   Thumb Code    80  stm32f4xx_flash.o(i.FLASH_GetStatus)
    FLASH_Lock                               0x080012cd   Thumb Code    14  stm32f4xx_flash.o(i.FLASH_Lock)
    FLASH_ProgramByte                        0x080012e1   Thumb Code    70  stm32f4xx_flash.o(i.FLASH_ProgramByte)
    FLASH_Unlock                             0x0800132d   Thumb Code    24  stm32f4xx_flash.o(i.FLASH_Unlock)
    FLASH_WaitForLastOperation               0x08001351   Thumb Code    34  stm32f4xx_flash.o(i.FLASH_WaitForLastOperation)
    FlashWrite                               0x08001375   Thumb Code    68  mydefine.o(i.FlashWrite)
    GPIO_Init                                0x080013c1   Thumb Code   144  stm32f4xx_gpio.o(i.GPIO_Init)
    GPIO_PinAFConfig                         0x08001451   Thumb Code    70  stm32f4xx_gpio.o(i.GPIO_PinAFConfig)
    GPIO_ResetBits                           0x08001497   Thumb Code     4  stm32f4xx_gpio.o(i.GPIO_ResetBits)
    GPIO_SetBits                             0x0800149b   Thumb Code     4  stm32f4xx_gpio.o(i.GPIO_SetBits)
    HardFault_Handler                        0x080014c5   Thumb Code    38  stm32f4xx_it.o(i.HardFault_Handler)
    IWDG_Enable                              0x0800151d   Thumb Code    10  stm32f4xx_iwdg.o(i.IWDG_Enable)
    IWDG_ReloadCounter                       0x0800152d   Thumb Code    10  stm32f4xx_iwdg.o(i.IWDG_ReloadCounter)
    IWDG_SetPrescaler                        0x0800153d   Thumb Code     6  stm32f4xx_iwdg.o(i.IWDG_SetPrescaler)
    IWDG_SetReload                           0x08001549   Thumb Code     6  stm32f4xx_iwdg.o(i.IWDG_SetReload)
    IWDG_WriteAccessCmd                      0x08001555   Thumb Code     6  stm32f4xx_iwdg.o(i.IWDG_WriteAccessCmd)
    MemManage_Handler                        0x080016dd   Thumb Code     4  stm32f4xx_it.o(i.MemManage_Handler)
    My_RTC_Init                              0x080016e1   Thumb Code   192  bsp_rtc.o(i.My_RTC_Init)
    NMI_Handler                              0x080017a5   Thumb Code     2  stm32f4xx_it.o(i.NMI_Handler)
    NVIC_Init                                0x080017a9   Thumb Code   106  misc.o(i.NVIC_Init)
    NVIC_PriorityGroupConfig                 0x08001821   Thumb Code    10  misc.o(i.NVIC_PriorityGroupConfig)
    PWR_BackupAccessCmd                      0x08001835   Thumb Code     6  stm32f4xx_pwr.o(i.PWR_BackupAccessCmd)
    PendSV_Handler                           0x08001841   Thumb Code     2  stm32f4xx_it.o(i.PendSV_Handler)
    RCC_AHB1PeriphClockCmd                   0x08001845   Thumb Code    26  stm32f4xx_rcc.o(i.RCC_AHB1PeriphClockCmd)
    RCC_APB1PeriphClockCmd                   0x08001865   Thumb Code    26  stm32f4xx_rcc.o(i.RCC_APB1PeriphClockCmd)
    RCC_APB1PeriphResetCmd                   0x08001885   Thumb Code    26  stm32f4xx_rcc.o(i.RCC_APB1PeriphResetCmd)
    RCC_APB2PeriphClockCmd                   0x080018a5   Thumb Code    26  stm32f4xx_rcc.o(i.RCC_APB2PeriphClockCmd)
    RCC_APB2PeriphResetCmd                   0x080018c5   Thumb Code    26  stm32f4xx_rcc.o(i.RCC_APB2PeriphResetCmd)
    RCC_GetClocksFreq                        0x080018e5   Thumb Code   214  stm32f4xx_rcc.o(i.RCC_GetClocksFreq)
    RCC_GetFlagStatus                        0x080019cd   Thumb Code    60  stm32f4xx_rcc.o(i.RCC_GetFlagStatus)
    RCC_LSEConfig                            0x08001a0d   Thumb Code    40  stm32f4xx_rcc.o(i.RCC_LSEConfig)
    RCC_RTCCLKCmd                            0x08001a39   Thumb Code     6  stm32f4xx_rcc.o(i.RCC_RTCCLKCmd)
    RCC_RTCCLKConfig                         0x08001a45   Thumb Code    50  stm32f4xx_rcc.o(i.RCC_RTCCLKConfig)
    RTC_EnterInitMode                        0x08001ab5   Thumb Code    76  stm32f4xx_rtc.o(i.RTC_EnterInitMode)
    RTC_ExitInitMode                         0x08001b05   Thumb Code    14  stm32f4xx_rtc.o(i.RTC_ExitInitMode)
    RTC_GetDate                              0x08001b19   Thumb Code    68  stm32f4xx_rtc.o(i.RTC_GetDate)
    RTC_GetTime                              0x08001b65   Thumb Code    72  stm32f4xx_rtc.o(i.RTC_GetTime)
    RTC_Init                                 0x08001bb5   Thumb Code    94  stm32f4xx_rtc.o(i.RTC_Init)
    RTC_ReadBackupRegister                   0x08001c19   Thumb Code    26  stm32f4xx_rtc.o(i.RTC_ReadBackupRegister)
    RTC_SetDate                              0x08001c39   Thumb Code   190  stm32f4xx_rtc.o(i.RTC_SetDate)
    RTC_SetTime                              0x08001d01   Thumb Code   198  stm32f4xx_rtc.o(i.RTC_SetTime)
    RTC_WaitForSynchro                       0x08001dd1   Thumb Code    92  stm32f4xx_rtc.o(i.RTC_WaitForSynchro)
    RTC_WriteBackupRegister                  0x08001e31   Thumb Code    24  stm32f4xx_rtc.o(i.RTC_WriteBackupRegister)
    ReadRtcTime                              0x08001e4d   Thumb Code    82  bsp_rtc.o(i.ReadRtcTime)
    SVC_Handler                              0x08001ea9   Thumb Code     2  stm32f4xx_it.o(i.SVC_Handler)
    SelCalRMS                                0x08001ead   Thumb Code   596  arithmetic.o(i.SelCalRMS)
    SendCan1Msg                              0x0800211d   Thumb Code    56  can_network.o(i.SendCan1Msg)
    SendCanbuf                               0x0800215d   Thumb Code    88  can_network.o(i.SendCanbuf)
    SysTick_Handler                          0x080022a1   Thumb Code     8  bsp_timer.o(i.SysTick_Handler)
    SysTick_ISR                              0x080022a9   Thumb Code   110  bsp_timer.o(i.SysTick_ISR)
    SystemInit                               0x0800232d   Thumb Code    88  system_stm32f4xx.o(i.SystemInit)
    TIM3_Int_Init                            0x08002395   Thumb Code    52  bsp_rtc.o(i.TIM3_Int_Init)
    TIM_ARRPreloadConfig                     0x080023cd   Thumb Code    24  stm32f4xx_tim.o(i.TIM_ARRPreloadConfig)
    TIM_Cmd                                  0x080023e5   Thumb Code    24  stm32f4xx_tim.o(i.TIM_Cmd)
    TIM_GetCounter                           0x080023fd   Thumb Code     6  stm32f4xx_tim.o(i.TIM_GetCounter)
    TIM_ITConfig                             0x08002403   Thumb Code    18  stm32f4xx_tim.o(i.TIM_ITConfig)
    TIM_SelectOutputTrigger                  0x08002415   Thumb Code    18  stm32f4xx_tim.o(i.TIM_SelectOutputTrigger)
    TIM_TimeBaseInit                         0x08002429   Thumb Code   104  stm32f4xx_tim.o(i.TIM_TimeBaseInit)
    TestPinInit                              0x080024ad   Thumb Code    66  mydefine.o(i.TestPinInit)
    USART1_IRQHandler                        0x080024f5   Thumb Code    10  bsp_uart_fifo.o(i.USART1_IRQHandler)
    USART3_IRQHandler                        0x08002505   Thumb Code    10  bsp_uart_fifo.o(i.USART3_IRQHandler)
    USART3_SendBefor                         0x08002515   Thumb Code     8  bsp_uart_fifo.o(i.USART3_SendBefor)
    USART3_SendOver                          0x08002521   Thumb Code     8  bsp_uart_fifo.o(i.USART3_SendOver)
    USART_ClearFlag                          0x0800252d   Thumb Code    18  stm32f4xx_usart.o(i.USART_ClearFlag)
    USART_Cmd                                0x0800253f   Thumb Code    24  stm32f4xx_usart.o(i.USART_Cmd)
    USART_GetITStatus                        0x08002557   Thumb Code    84  stm32f4xx_usart.o(i.USART_GetITStatus)
    USART_ITConfig                           0x080025ab   Thumb Code    74  stm32f4xx_usart.o(i.USART_ITConfig)
    USART_Init                               0x080025f5   Thumb Code   204  stm32f4xx_usart.o(i.USART_Init)
    USART_ReceiveData                        0x080026c9   Thumb Code    10  stm32f4xx_usart.o(i.USART_ReceiveData)
    USART_SendData                           0x080026d3   Thumb Code     8  stm32f4xx_usart.o(i.USART_SendData)
    UsageFault_Handler                       0x08002845   Thumb Code     4  stm32f4xx_it.o(i.UsageFault_Handler)
    __hardfp_sqrt                            0x08002849   Thumb Code   122  sqrt.o(i.__hardfp_sqrt)
    __scatterload_copy                       0x080028c3   Thumb Code    14  handlers.o(i.__scatterload_copy)
    __scatterload_null                       0x080028d1   Thumb Code     2  handlers.o(i.__scatterload_null)
    __scatterload_zeroinit                   0x080028d3   Thumb Code    14  handlers.o(i.__scatterload_zeroinit)
    __set_errno                              0x080028e1   Thumb Code     6  errno.o(i.__set_errno)
    bsp_Init                                 0x080028ed   Thumb Code    54  bsp.o(i.bsp_Init)
    bsp_InitLed                              0x08002929   Thumb Code    70  bsp_led.o(i.bsp_InitLed)
    bsp_InitTimer                            0x08002975   Thumb Code    56  bsp_timer.o(i.bsp_InitTimer)
    bsp_InitUart                             0x080029b1   Thumb Code    16  bsp_uart_fifo.o(i.bsp_InitUart)
    bsp_LedOff                               0x080029c1   Thumb Code    30  bsp_led.o(i.bsp_LedOff)
    bsp_LedOn                                0x080029e5   Thumb Code    30  bsp_led.o(i.bsp_LedOn)
    bsp_RunPer10ms                           0x08002a09   Thumb Code     2  bsp.o(i.bsp_RunPer10ms)
    bsp_RunPer1ms                            0x08002a0b   Thumb Code     2  bsp.o(i.bsp_RunPer1ms)
    can_ISR                                  0x08002a29   Thumb Code   184  can_network.o(i.can_ISR)
    can_Init                                 0x08002aed   Thumb Code   268  can_network.o(i.can_Init)
    can_NVIC_Config                          0x08002c09   Thumb Code    50  can_network.o(i.can_NVIC_Config)
    can_SetTask                              0x08002c41   Thumb Code  1696  can_network.o(i.can_SetTask)
    can_Task                                 0x080032f9   Thumb Code  1134  can_network.o(i.can_Task)
    main                                     0x08003775   Thumb Code   286  main.o(i.main)
    myCAN_Transmit                           0x080038b9   Thumb Code   262  stm32f4xx_can.o(i.myCAN_Transmit)
    Region$$Table$$Base                      0x08003bc0   Number         0  anon$$obj.o(Region$$Table)
    Region$$Table$$Limit                     0x08003be0   Number         0  anon$$obj.o(Region$$Table)
    EEPromBuf                                0x0800c000   Data       16384  mydefine.o(.ARM.__AT_0x0800C000)
    MainDelayTime                            0x20000000   Data           4  main.o(.data)
    F1SCount                                 0x20000004   Data           1  main.o(.data)
    CalFlag                                  0x20000005   Data           1  main.o(.data)
    CanDelayTim                              0x20000006   Data           2  can_network.o(.data)
    TimData                                  0x2000001c   Data           1  mydefine.o(.data)
    uSCount                                  0x2000001e   Data           2  mydefine.o(.data)
    EepromData                               0x20000020   Data          12  mydefine.o(.data)
    EepromSaveFlag                           0x2000002c   Data           1  mydefine.o(.data)
    FaultbufLen                              0x2000002d   Data           1  mydefine.o(.data)
    CanComData                               0x20000030   Data           4  mydefine.o(.data)
    VerifyFlag                               0x20000034   Data           1  arithmetic.o(.data)
    g_iRunTime                               0x20000040   Data           4  bsp_timer.o(.data)
    SystemTime                               0x20000045   Data          10  bsp_rtc.o(.data)
    g_tCanTxMsg                              0x20000064   Data          20  can_network.o(.bss)
    g_tCanRxMsg                              0x20000078   Data          20  can_network.o(.bss)
    ADCFifo                                  0x2000110c   Data       81928  bsp_adc.o(.bss)
    __initial_sp                             0x20019118   Data           0  startup_stm32f40_41xxx.o(STACK)



==============================================================================

Memory Map of the image

  Image Entry point : 0x08000189

  Load Region LR_IROM1 (Base: 0x08000000, Size: 0x00010064, Max: 0x00100000, ABSOLUTE)

    Execution Region ER_IROM1 (Base: 0x08000000, Size: 0x00010000, Max: 0x00100000, ABSOLUTE)

    Base Addr    Size         Type   Attr      Idx    E Section Name        Object

    0x08000000   0x00000188   Data   RO          853    RESET               startup_stm32f40_41xxx.o
    0x08000188   0x00000000   Code   RO         3490  * .ARM.Collect$$$$00000000  mc_w.l(entry.o)
    0x08000188   0x00000004   Code   RO         3764    .ARM.Collect$$$$00000001  mc_w.l(entry2.o)
    0x0800018c   0x00000004   Code   RO         3767    .ARM.Collect$$$$00000004  mc_w.l(entry5.o)
    0x08000190   0x00000000   Code   RO         3769    .ARM.Collect$$$$00000008  mc_w.l(entry7b.o)
    0x08000190   0x00000000   Code   RO         3771    .ARM.Collect$$$$0000000A  mc_w.l(entry8b.o)
    0x08000190   0x00000008   Code   RO         3772    .ARM.Collect$$$$0000000B  mc_w.l(entry9a.o)
    0x08000198   0x00000000   Code   RO         3774    .ARM.Collect$$$$0000000D  mc_w.l(entry10a.o)
    0x08000198   0x00000000   Code   RO         3776    .ARM.Collect$$$$0000000F  mc_w.l(entry11a.o)
    0x08000198   0x00000004   Code   RO         3765    .ARM.Collect$$$$00002712  mc_w.l(entry2.o)
    0x0800019c   0x00000024   Code   RO          854    .text               startup_stm32f40_41xxx.o
    0x080001c0   0x00000024   Code   RO         3493    .text               mc_w.l(memcpya.o)
    0x080001e4   0x00000024   Code   RO         3495    .text               mc_w.l(memseta.o)
    0x08000208   0x00000026   Code   RO         3760    .text               mf_w.l(f2d.o)
    0x0800022e   0x00000038   Code   RO         3762    .text               mf_w.l(d2f.o)
    0x08000266   0x00000000   Code   RO         3790    .text               mc_w.l(iusefp.o)
    0x08000266   0x0000006e   Code   RO         3791    .text               mf_w.l(fepilogue.o)
    0x080002d4   0x000000a2   Code   RO         3799    .text               mf_w.l(dsqrt.o)
    0x08000376   0x00000002   PAD
    0x08000378   0x00000024   Code   RO         3807    .text               mc_w.l(init.o)
    0x0800039c   0x0000001e   Code   RO         3809    .text               mc_w.l(llshl.o)
    0x080003ba   0x00000020   Code   RO         3811    .text               mc_w.l(llushr.o)
    0x080003da   0x000000ba   Code   RO         3815    .text               mf_w.l(depilogue.o)
    0x08000494   0x00000178   Code   RO          750    i.ADCInit           bsp_adc.o
    0x0800060c   0x00000016   Code   RO         1749    i.ADC_Cmd           stm32f4xx_adc.o
    0x08000622   0x00000002   PAD
    0x08000624   0x00000030   Code   RO         1750    i.ADC_CommonInit    stm32f4xx_adc.o
    0x08000654   0x00000016   Code   RO         1753    i.ADC_DMACmd        stm32f4xx_adc.o
    0x0800066a   0x00000016   Code   RO         1754    i.ADC_DMARequestAfterLastTransferCmd  stm32f4xx_adc.o
    0x08000680   0x00000054   Code   RO         1769    i.ADC_Init          stm32f4xx_adc.o
    0x080006d4   0x000000b8   Code   RO         1774    i.ADC_RegularChannelConfig  stm32f4xx_adc.o
    0x0800078c   0x00000004   Code   RO          627    i.BusFault_Handler  stm32f4xx_it.o
    0x08000790   0x00000008   Code   RO          628    i.CAN1_RX0_IRQHandler  stm32f4xx_it.o
    0x08000798   0x00000038   Code   RO         1578    i.CAN_DeInit        stm32f4xx_can.o
    0x080007d0   0x00000108   Code   RO         1580    i.CAN_FilterInit    stm32f4xx_can.o
    0x080008d8   0x00000012   Code   RO         1586    i.CAN_ITConfig      stm32f4xx_can.o
    0x080008ea   0x00000114   Code   RO         1587    i.CAN_Init          stm32f4xx_can.o
    0x080009fe   0x000000f0   Code   RO         1590    i.CAN_Receive       stm32f4xx_can.o
    0x08000aee   0x00000002   PAD
    0x08000af0   0x00000030   Code   RO          267    i.CRC_GetModbus16   mydefine.o
    0x08000b20   0x000000f0   Code   RO          351    i.CalRMS            arithmetic.o
    0x08000c10   0x000000d4   Code   RO          352    i.CalVerify         arithmetic.o
    0x08000ce4   0x00000118   Code   RO          178    i.CanBreath         can_network.o
    0x08000dfc   0x000002b4   Code   RO          179    i.CanSendWave       can_network.o
    0x080010b0   0x0000003c   Code   RO          499    i.ConfigUartNVIC    bsp_uart_fifo.o
    0x080010ec   0x00000016   Code   RO         2595    i.DMA_Cmd           stm32f4xx_dma.o
    0x08001102   0x00000008   Code   RO         2601    i.DMA_GetCurrDataCounter  stm32f4xx_dma.o
    0x0800110a   0x00000002   PAD
    0x0800110c   0x00000058   Code   RO         2607    i.DMA_Init          stm32f4xx_dma.o
    0x08001164   0x00000002   Code   RO          629    i.DebugMon_Handler  stm32f4xx_it.o
    0x08001166   0x00000002   PAD
    0x08001168   0x00000040   Code   RO          268    i.EepromDataInit    mydefine.o
    0x080011a8   0x00000012   Code   RO          269    i.FIFO_Backpointer  mydefine.o
    0x080011ba   0x00000014   Code   RO          271    i.FIFO_length       mydefine.o
    0x080011ce   0x00000014   Code   RO          272    i.FIFO_pointer      mydefine.o
    0x080011e2   0x00000002   PAD
    0x080011e4   0x0000000c   Code   RO         1985    i.FLASH_ClearFlag   stm32f4xx_flash.o
    0x080011f0   0x00000088   Code   RO         1991    i.FLASH_EraseSector  stm32f4xx_flash.o
    0x08001278   0x00000054   Code   RO         1993    i.FLASH_GetStatus   stm32f4xx_flash.o
    0x080012cc   0x00000014   Code   RO         1997    i.FLASH_Lock        stm32f4xx_flash.o
    0x080012e0   0x0000004c   Code   RO         2018    i.FLASH_ProgramByte  stm32f4xx_flash.o
    0x0800132c   0x00000024   Code   RO         2023    i.FLASH_Unlock      stm32f4xx_flash.o
    0x08001350   0x00000022   Code   RO         2024    i.FLASH_WaitForLastOperation  stm32f4xx_flash.o
    0x08001372   0x00000002   PAD
    0x08001374   0x0000004c   Code   RO          273    i.FlashWrite        mydefine.o
    0x080013c0   0x00000090   Code   RO         1289    i.GPIO_Init         stm32f4xx_gpio.o
    0x08001450   0x00000046   Code   RO         1290    i.GPIO_PinAFConfig  stm32f4xx_gpio.o
    0x08001496   0x00000004   Code   RO         1296    i.GPIO_ResetBits    stm32f4xx_gpio.o
    0x0800149a   0x00000004   Code   RO         1297    i.GPIO_SetBits      stm32f4xx_gpio.o
    0x0800149e   0x00000024   Code   RO          274    i.GetRevCrc_16      mydefine.o
    0x080014c2   0x00000002   PAD
    0x080014c4   0x00000058   Code   RO          630    i.HardFault_Handler  stm32f4xx_it.o
    0x0800151c   0x00000010   Code   RO         3283    i.IWDG_Enable       stm32f4xx_iwdg.o
    0x0800152c   0x00000010   Code   RO         3285    i.IWDG_ReloadCounter  stm32f4xx_iwdg.o
    0x0800153c   0x0000000c   Code   RO         3286    i.IWDG_SetPrescaler  stm32f4xx_iwdg.o
    0x08001548   0x0000000c   Code   RO         3287    i.IWDG_SetReload    stm32f4xx_iwdg.o
    0x08001554   0x0000000c   Code   RO         3288    i.IWDG_WriteAccessCmd  stm32f4xx_iwdg.o
    0x08001560   0x0000017c   Code   RO          500    i.InitHardUart      bsp_uart_fifo.o
    0x080016dc   0x00000004   Code   RO          631    i.MemManage_Handler  stm32f4xx_it.o
    0x080016e0   0x000000c4   Code   RO          814    i.My_RTC_Init       bsp_rtc.o
    0x080017a4   0x00000002   Code   RO          632    i.NMI_Handler       stm32f4xx_it.o
    0x080017a6   0x00000002   PAD
    0x080017a8   0x00000078   Code   RO         1244    i.NVIC_Init         misc.o
    0x08001820   0x00000014   Code   RO         1245    i.NVIC_PriorityGroupConfig  misc.o
    0x08001834   0x0000000c   Code   RO         3333    i.PWR_BackupAccessCmd  stm32f4xx_pwr.o
    0x08001840   0x00000002   Code   RO          633    i.PendSV_Handler    stm32f4xx_it.o
    0x08001842   0x00000002   PAD
    0x08001844   0x00000020   Code   RO          860    i.RCC_AHB1PeriphClockCmd  stm32f4xx_rcc.o
    0x08001864   0x00000020   Code   RO          869    i.RCC_APB1PeriphClockCmd  stm32f4xx_rcc.o
    0x08001884   0x00000020   Code   RO          871    i.RCC_APB1PeriphResetCmd  stm32f4xx_rcc.o
    0x080018a4   0x00000020   Code   RO          872    i.RCC_APB2PeriphClockCmd  stm32f4xx_rcc.o
    0x080018c4   0x00000020   Code   RO          874    i.RCC_APB2PeriphResetCmd  stm32f4xx_rcc.o
    0x080018e4   0x000000e8   Code   RO          881    i.RCC_GetClocksFreq  stm32f4xx_rcc.o
    0x080019cc   0x00000040   Code   RO          882    i.RCC_GetFlagStatus  stm32f4xx_rcc.o
    0x08001a0c   0x0000002c   Code   RO          890    i.RCC_LSEConfig     stm32f4xx_rcc.o
    0x08001a38   0x0000000c   Code   RO          903    i.RCC_RTCCLKCmd     stm32f4xx_rcc.o
    0x08001a44   0x0000003c   Code   RO          904    i.RCC_RTCCLKConfig  stm32f4xx_rcc.o
    0x08001a80   0x00000016   Code   RO         2242    i.RTC_Bcd2ToByte    stm32f4xx_rtc.o
    0x08001a96   0x0000001c   Code   RO         2244    i.RTC_ByteToBcd2    stm32f4xx_rtc.o
    0x08001ab2   0x00000002   PAD
    0x08001ab4   0x00000050   Code   RO         2254    i.RTC_EnterInitMode  stm32f4xx_rtc.o
    0x08001b04   0x00000014   Code   RO         2255    i.RTC_ExitInitMode  stm32f4xx_rtc.o
    0x08001b18   0x0000004c   Code   RO         2258    i.RTC_GetDate       stm32f4xx_rtc.o
    0x08001b64   0x00000050   Code   RO         2263    i.RTC_GetTime       stm32f4xx_rtc.o
    0x08001bb4   0x00000064   Code   RO         2268    i.RTC_Init          stm32f4xx_rtc.o
    0x08001c18   0x00000020   Code   RO         2271    i.RTC_ReadBackupRegister  stm32f4xx_rtc.o
    0x08001c38   0x000000c8   Code   RO         2274    i.RTC_SetDate       stm32f4xx_rtc.o
    0x08001d00   0x000000d0   Code   RO         2275    i.RTC_SetTime       stm32f4xx_rtc.o
    0x08001dd0   0x00000060   Code   RO         2291    i.RTC_WaitForSynchro  stm32f4xx_rtc.o
    0x08001e30   0x0000001c   Code   RO         2294    i.RTC_WriteBackupRegister  stm32f4xx_rtc.o
    0x08001e4c   0x0000005c   Code   RO          815    i.ReadRtcTime       bsp_rtc.o
    0x08001ea8   0x00000002   Code   RO          634    i.SVC_Handler       stm32f4xx_it.o
    0x08001eaa   0x00000002   PAD
    0x08001eac   0x00000270   Code   RO          353    i.SelCalRMS         arithmetic.o
    0x0800211c   0x00000040   Code   RO          180    i.SendCan1Msg       can_network.o
    0x0800215c   0x00000058   Code   RO          182    i.SendCanbuf        can_network.o
    0x080021b4   0x000000ec   Code   RO         3443    i.SetSysClock       system_stm32f4xx.o
    0x080022a0   0x00000008   Code   RO          390    i.SysTick_Handler   bsp_timer.o
    0x080022a8   0x00000084   Code   RO          391    i.SysTick_ISR       bsp_timer.o
    0x0800232c   0x00000068   Code   RO         3445    i.SystemInit        system_stm32f4xx.o
    0x08002394   0x00000038   Code   RO          816    i.TIM3_Int_Init     bsp_rtc.o
    0x080023cc   0x00000018   Code   RO         2725    i.TIM_ARRPreloadConfig  stm32f4xx_tim.o
    0x080023e4   0x00000018   Code   RO         2737    i.TIM_Cmd           stm32f4xx_tim.o
    0x080023fc   0x00000006   Code   RO         2756    i.TIM_GetCounter    stm32f4xx_tim.o
    0x08002402   0x00000012   Code   RO         2762    i.TIM_ITConfig      stm32f4xx_tim.o
    0x08002414   0x00000012   Code   RO         2795    i.TIM_SelectOutputTrigger  stm32f4xx_tim.o
    0x08002426   0x00000002   PAD
    0x08002428   0x00000084   Code   RO         2809    i.TIM_TimeBaseInit  stm32f4xx_tim.o
    0x080024ac   0x00000048   Code   RO          275    i.TestPinInit       mydefine.o
    0x080024f4   0x00000010   Code   RO          501    i.USART1_IRQHandler  bsp_uart_fifo.o
    0x08002504   0x00000010   Code   RO          502    i.USART3_IRQHandler  bsp_uart_fifo.o
    0x08002514   0x0000000c   Code   RO          503    i.USART3_SendBefor  bsp_uart_fifo.o
    0x08002520   0x0000000c   Code   RO          504    i.USART3_SendOver   bsp_uart_fifo.o
    0x0800252c   0x00000012   Code   RO         1386    i.USART_ClearFlag   stm32f4xx_usart.o
    0x0800253e   0x00000018   Code   RO         1390    i.USART_Cmd         stm32f4xx_usart.o
    0x08002556   0x00000054   Code   RO         1394    i.USART_GetITStatus  stm32f4xx_usart.o
    0x080025aa   0x0000004a   Code   RO         1396    i.USART_ITConfig    stm32f4xx_usart.o
    0x080025f4   0x000000d4   Code   RO         1397    i.USART_Init        stm32f4xx_usart.o
    0x080026c8   0x0000000a   Code   RO         1404    i.USART_ReceiveData  stm32f4xx_usart.o
    0x080026d2   0x00000008   Code   RO         1407    i.USART_SendData    stm32f4xx_usart.o
    0x080026da   0x000000e6   Code   RO          506    i.UartIRQ           bsp_uart_fifo.o
    0x080027c0   0x00000084   Code   RO          508    i.UartVarInit       bsp_uart_fifo.o
    0x08002844   0x00000004   Code   RO          635    i.UsageFault_Handler  stm32f4xx_it.o
    0x08002848   0x0000007a   Code   RO         3478    i.__hardfp_sqrt     m_wm.l(sqrt.o)
    0x080028c2   0x0000000e   Code   RO         3819    i.__scatterload_copy  mc_w.l(handlers.o)
    0x080028d0   0x00000002   Code   RO         3820    i.__scatterload_null  mc_w.l(handlers.o)
    0x080028d2   0x0000000e   Code   RO         3821    i.__scatterload_zeroinit  mc_w.l(handlers.o)
    0x080028e0   0x0000000c   Code   RO         3785    i.__set_errno       mc_w.l(errno.o)
    0x080028ec   0x0000003c   Code   RO          713    i.bsp_Init          bsp.o
    0x08002928   0x0000004c   Code   RO          776    i.bsp_InitLed       bsp_led.o
    0x08002974   0x0000003c   Code   RO          397    i.bsp_InitTimer     bsp_timer.o
    0x080029b0   0x00000010   Code   RO          510    i.bsp_InitUart      bsp_uart_fifo.o
    0x080029c0   0x00000024   Code   RO          777    i.bsp_LedOff        bsp_led.o
    0x080029e4   0x00000024   Code   RO          778    i.bsp_LedOn         bsp_led.o
    0x08002a08   0x00000002   Code   RO          714    i.bsp_RunPer10ms    bsp.o
    0x08002a0a   0x00000002   Code   RO          715    i.bsp_RunPer1ms     bsp.o
    0x08002a0c   0x0000001c   Code   RO          398    i.bsp_SoftTimerDec  bsp_timer.o
    0x08002a28   0x000000c4   Code   RO          183    i.can_ISR           can_network.o
    0x08002aec   0x0000011c   Code   RO          184    i.can_Init          can_network.o
    0x08002c08   0x00000038   Code   RO          185    i.can_NVIC_Config   can_network.o
    0x08002c40   0x000006b8   Code   RO          186    i.can_SetTask       can_network.o
    0x080032f8   0x0000047c   Code   RO          187    i.can_Task          can_network.o
    0x08003774   0x00000144   Code   RO            3    i.main              main.o
    0x080038b8   0x00000106   Code   RO         1599    i.myCAN_Transmit    stm32f4xx_can.o
    0x080039be   0x00000002   PAD
    0x080039c0   0x00000200   Data   RO          277    .constdata          mydefine.o
    0x08003bc0   0x00000020   Data   RO         3817    Region$$Table       anon$$obj.o
    0x08003be0   0x00008420   PAD
    0x0800c000   0x00004000   Data   RO          276    .ARM.__AT_0x0800C000  mydefine.o


    Execution Region RW_IRAM1 (Base: 0x20000000, Size: 0x00019118, Max: 0x00020000, ABSOLUTE)

    Base Addr    Size         Type   Attr      Idx    E Section Name        Object

    0x20000000   0x00000006   Data   RW            4    .data               main.o
    0x20000006   0x00000014   Data   RW          189    .data               can_network.o
    0x2000001a   0x00000002   PAD
    0x2000001c   0x00000018   Data   RW          278    .data               mydefine.o
    0x20000034   0x00000002   Data   RW          355    .data               arithmetic.o
    0x20000036   0x00000002   PAD
    0x20000038   0x0000000d   Data   RW          404    .data               bsp_timer.o
    0x20000045   0x0000000a   Data   RW          817    .data               bsp_rtc.o
    0x2000004f   0x00000010   Data   RW          912    .data               stm32f4xx_rcc.o
    0x2000005f   0x00000001   PAD
    0x20000060   0x00000004   Data   RW         3786    .data               mc_w.l(errno.o)
    0x20000064   0x00000028   Zero   RW          188    .bss                can_network.o
    0x2000008c   0x00000030   Zero   RW          402    .bss                bsp_timer.o
    0x200000bc   0x00001050   Zero   RW          518    .bss                bsp_uart_fifo.o
    0x2000110c   0x00014008   Zero   RW          751    .bss                bsp_adc.o
    0x20015114   0x00000004   PAD
    0x20015118   0x00004000   Zero   RW          851    STACK               startup_stm32f40_41xxx.o


==============================================================================

Image component sizes


      Code (inc. data)   RO Data    RW Data    ZI Data      Debug   Object Name

      1076         68          0          2          0       2836   arithmetic.o
        64          6          0          0          0       1500   bsp.o
       376         20          0          0      81928       1672   bsp_adc.o
       148         18          0          0          0       1755   bsp_led.o
       344         18          0         10          0       4466   bsp_rtc.o
       228         26          0         13         48       4637   bsp_timer.o
       874         78          0          0       4176       6008   bsp_uart_fifo.o
      4528        196          0         20         40      36134   can_network.o
       324         38          0          6          0     341288   main.o
       140         24          0          0          0       1779   misc.o
       354         34      16896         24          0       7762   mydefine.o
        36          8        392          0      16384        952   startup_stm32f40_41xxx.o
       382         24          0          0          0       5479   stm32f4xx_adc.o
      1116         12          0          0          0       5491   stm32f4xx_can.o
       118          6          0          0          0       3246   stm32f4xx_dma.o
       398         40          0          0          0       5073   stm32f4xx_flash.o
       222          0          0          0          0       3255   stm32f4xx_gpio.o
       116         50          0          0          0       4686   stm32f4xx_it.o
        68         30          0          0          0       2930   stm32f4xx_iwdg.o
        12          6          0          0          0        598   stm32f4xx_pwr.o
       572         72          0         16          0       8948   stm32f4xx_rcc.o
       970         66          0          0          0       9598   stm32f4xx_rtc.o
       222         28          0          0          0       4630   stm32f4xx_tim.o
       430          8          0          0          0       5989   stm32f4xx_usart.o
       340         32          0          0          0       1685   system_stm32f4xx.o

    ----------------------------------------------------------------------
     13484        908      51144         96     102580     472397   Object Totals
         0          0         32          0          0          0   (incl. Generated)
        26          0      33824          5          4          0   (incl. Padding)

    ----------------------------------------------------------------------

      Code (inc. data)   RO Data    RW Data    ZI Data      Debug   Library Member Name

       122          0          0          0          0        148   sqrt.o
         0          0          0          0          0          0   entry.o
         0          0          0          0          0          0   entry10a.o
         0          0          0          0          0          0   entry11a.o
         8          4          0          0          0          0   entry2.o
         4          0          0          0          0          0   entry5.o
         0          0          0          0          0          0   entry7b.o
         0          0          0          0          0          0   entry8b.o
         8          4          0          0          0          0   entry9a.o
        12          6          0          4          0         68   errno.o
        30          0          0          0          0          0   handlers.o
        36          8          0          0          0         68   init.o
         0          0          0          0          0          0   iusefp.o
        30          0          0          0          0         68   llshl.o
        32          0          0          0          0         68   llushr.o
        36          0          0          0          0         68   memcpya.o
        36          0          0          0          0        108   memseta.o
        56          0          0          0          0         88   d2f.o
       186          0          0          0          0        176   depilogue.o
       162          0          0          0          0        100   dsqrt.o
        38          0          0          0          0         68   f2d.o
       110          0          0          0          0        168   fepilogue.o

    ----------------------------------------------------------------------
       908         22          0          4          0       1196   Library Totals
         2          0          0          0          0          0   (incl. Padding)

    ----------------------------------------------------------------------

      Code (inc. data)   RO Data    RW Data    ZI Data      Debug   Library Name

       122          0          0          0          0        148   m_wm.l
       232         22          0          4          0        448   mc_w.l
       552          0          0          0          0        600   mf_w.l

    ----------------------------------------------------------------------
       908         22          0          4          0       1196   Library Totals

    ----------------------------------------------------------------------

==============================================================================


      Code (inc. data)   RO Data    RW Data    ZI Data      Debug   

     14392        930      51144        100     102580     461581   Grand Totals
     14392        930      51144        100     102580     461581   ELF Image Totals
     14392        930      51144        100          0          0   ROM Totals

==============================================================================

    Total RO  Size (Code + RO Data)                65536 (  64.00kB)
    Total RW  Size (RW Data + ZI Data)            102680 ( 100.27kB)
    Total ROM Size (Code + RO Data + RW Data)      65636 (  64.10kB)

==============================================================================

