<html>
<body>
<pre>
<h1>礦ision Build Log</h1>
<h2>Tool Versions:</h2>
IDE-Version: μVision V5.23.0.0
Copyright (C) 2017 ARM Ltd and ARM Germany GmbH. All rights reserved.
License Information: 1 Microsoft, Microsoft, LIC=R4HY8-3742C-SG07K-ZBVFK-IRF7I-2UX5I
 
Tool Versions:
Toolchain:       MDK-ARM Professional  Version: 5.23
Toolchain Path:  C:\Keil_v5\ARM\ARMCC\Bin
C Compiler:      Armcc.exe V5.06 update 4 (build 422)
Assembler:       Armasm.exe V5.06 update 4 (build 422)
Linker/Locator:  ArmLink.exe V5.06 update 4 (build 422)
Library Manager: ArmAr.exe V5.06 update 4 (build 422)
Hex Converter:   FromElf.exe V5.06 update 4 (build 422)
CPU DLL:         SARMCM3.DLL V5.23
Dialog DLL:      DCM.DLL V1.15.0.0
Target DLL:      Segger\JL2CM3.dll V2.99.23.0
Dialog DLL:      TCM.DLL V1.27.0.0
 
<h2>Project:</h2>
D:\SVN\trunk\3.Project\Eric820\software\displayV1\ERIC820Display_V1.0\Project\MDK-ARM(uV4)\project.uvproj
Project File Date:  06/12/2019

<h2>Output:</h2>
*** Using Compiler 'V5.06 update 4 (build 422)', folder: 'C:\Keil_v5\ARM\ARMCC\Bin'
Rebuild target 'Flash'
compiling bsp_dwt.c...
compiling mydefine.c...
compiling bsp.c...
compiling main.c...
compiling stm32f4xx_it.c...
compiling bsp_timer.c...
compiling bsp_ext_io.c...
compiling stm32f4xx_assert.c...
compiling bsp_fmc_sdram.c...
compiling bsp_uart_fifo.c...
compiling bsp_tim_pwm.c...
compiling bsp_i2c_gpio.c...
compiling bsp_InOut.c...
compiling bsp_sdio_sd.c...
compiling bsp_spi_bus.c...
compiling bsp_rtc.c...
compiling bsp_spi_flash.c...
compiling bsp_RS485.c...
compiling bsp_rf433.c...
compiling bsp_4G.c...
assembling startup_stm32f429_439xx.s...
compiling bsp_syn6288.c...
compiling bsp_buzzer.c...
compiling misc.c...
compiling stm32f4xx_gpio.c...
compiling bsp_moduletomodule.c...
compiling stm32f4xx_rcc.c...
compiling stm32f4xx_fmc.c...
compiling stm32f4xx_tim.c...
compiling stm32f4xx_ltdc.c...
compiling stm32f4xx_usart.c...
compiling stm32f4xx_syscfg.c...
compiling stm32f4xx_sdio.c...
compiling stm32f4xx_rtc.c...
compiling stm32f4xx_dma.c...
compiling stm32f4xx_exti.c...
compiling stm32f4xx_pwr.c...
compiling stm32f4xx_iwdg.c...
compiling asc12.c...
compiling asc16.c...
compiling stm32f4xx_spi.c...
compiling hz12.c...
compiling hz16.c...
compiling hz24.c...
compiling hz32.c...
compiling ra8875_asc_width.c...
compiling system_stm32f4xx.c...
compiling param.c...
compiling bsp_tft_429.c...
compiling bsp_tft_lcd.c...
compiling bsp_touch.c...
compiling bsp_ts_ft5x06.c...
compiling bsp_gt811.c...
compiling TOUCH_STMPE811.c...
compiling GUI_X.c...
compiling LCDConf_Lin_Template.c...
compiling FontSong16.c...
compiling GUIConf.c...
compiling MainTask.c...
compiling font.c...
compiling buttonbmp.c...
compiling aboutusDLG.c...
compiling StartDLG.c...
compiling MainDLG.c...
compiling CalibrationDLG.c...
compiling Calibration_SDLG.c...
compiling Communication_SDLG.c...
compiling Cupboard_SDLG.c...
compiling Device_SDLG.c...
compiling Ground_ADLG.c...
compiling LeakageCurrent_SDLG.c...
compiling InitSystem.c...
compiling Main_GraphDLG.c...
compiling NumPadDLG.c...
compiling OverVoltage_ADLG.c...
compiling PowerQualityDLG.c...
compiling passwordDLG.c...
compiling Protector_WDLG.c...
compiling PTCT_SDLG.c...
compiling PTOpen_ADLG.c...
compiling Temp&Humdity_SDLG.c...
compiling Resonance_ADLG.c...
compiling TempHumdity_WDLG.c...
compiling voltageLimit_S.c...
compiling TempHumidity_ADLG.c...
compiling UnderVoltage_ADLG.c...
compiling OutPutTest_SDLG.c...
compiling WaveSelectDLG.c...
compiling Short_ADLG.c...
compiling socket.c...
compiling ff.c...
compiling diskio.c...
compiling Vetor_ADLG.c...
compiling utility.c...
compiling w5500.c...
compiling w5500_config.c...
..\..\User\Ethernet\w5500_config.c(147): warning:  #550-D: variable "W5500RXBufLen"  was set but never used
  	uint16 W5500RXBufLen;
..\..\User\Ethernet\w5500_config.c: 1 warning, 0 errors
linking...
Program Size: Code=351608 RO-data=269924 RW-data=4728 ZI-data=86992  
FromELF: creating hex file...
After Build - User command #1: CopyHex_Flash.bat
D:\SVN\trunk\3.Project\Eric820\software\displayV1\ERIC820Display_V1.0\Project\MDK-ARM(uV4)>copy Flash\Obj\Eric800Diaplay.hex ..\Eric800Diaplay.hex 
已复制         1 个文件。
".\Flash\Obj\Eric800Diaplay.axf" - 0 Error(s), 1 Warning(s).
Build Time Elapsed:  00:00:40
</pre>
</body>
</html>
