<html>
<body>
<pre>
<h1>礦ision Build Log</h1>
<h2>Tool Versions:</h2>
IDE-Version: μVision V5.23.0.0
Copyright (C) 2017 ARM Ltd and ARM Germany GmbH. All rights reserved.
License Information: Hu Seleen, Eric, LIC=6XJJJ-UR5VQ-QGT7I-TC9TQ-2HWEB-ZB8EA
 
Tool Versions:
Toolchain:       MDK-ARM Professional  Version: 5.23
Toolchain Path:  C:\Keil_v5\ARM\ARMCC\Bin
C Compiler:      Armcc.exe V5.06 update 4 (build 422)
Assembler:       Armasm.exe V5.06 update 4 (build 422)
Linker/Locator:  ArmLink.exe V5.06 update 4 (build 422)
Library Manager: ArmAr.exe V5.06 update 4 (build 422)
Hex Converter:   FromElf.exe V5.06 update 4 (build 422)
CPU DLL:         SARMCM3.DLL V5.23
Dialog DLL:      DCM.DLL V1.15.0.0
Target DLL:      Segger\JL2CM3.dll V2.99.23.0
Dialog DLL:      TCM.DLL V1.27.0.0
 
<h2>Project:</h2>
D:\case\Eric820\ERIC820-5(3wave)\displayV2\ERIC820Display_V2.0\Project\MDK-ARM(uV4)\project.uvprojx
Project File Date:  10/10/2021

<h2>Output:</h2>
*** Using Compiler 'V5.06 update 4 (build 422)', folder: 'C:\Keil_v5\ARM\ARMCC\Bin'
Build target 'Flash'
compiling main.c...
compiling bsp.c...
compiling bsp_dwt.c...
compiling mydefine.c...
compiling bsp_timer.c...
compiling stm32f4xx_it.c...
compiling bsp_uart_fifo.c...
compiling bsp_tim_pwm.c...
compiling bsp_fmc_sdram.c...
compiling bsp_ext_io.c...
compiling bsp_InOut.c...
compiling bsp_rtc.c...
compiling bsp_i2c_gpio.c...
compiling bsp_spi_bus.c...
compiling bsp_sdio_sd.c...
compiling bsp_RS485.c...
compiling bsp_spi_flash.c...
compiling bsp_syn6288.c...
compiling bsp_rf433.c...
compiling bsp_4G.c...
..\..\User\bsp\src\bsp_4G.c(1190): warning:  #177-D: function "Cmd4G_CGDCONT"  was declared but never referenced
  static u8 Cmd4G_CGDCONT(void)
..\..\User\bsp\src\bsp_4G.c(1270): warning:  #177-D: function "Cmd4G_XIIC"  was declared but never referenced
  static u8 Cmd4G_XIIC(u8 chardata)
..\..\User\bsp\src\bsp_4G.c(1475): warning:  #177-D: function "Cmd4G_TCPCLOSE"  was declared but never referenced
  static u8 Cmd4G_TCPCLOSE(void)
..\..\User\bsp\src\bsp_4G.c(1579): warning:  #177-D: function "Cmd4G_TCPSETUP"  was declared but never referenced
  static u8 Cmd4G_TCPSETUP(u8 *IPbuf,u16 port)
..\..\User\bsp\src\bsp_4G.c(2182): warning:  #177-D: function "Cmd4G_NormalRxDisplay"  was declared but never referenced
  static u8 Cmd4G_NormalRxDisplay(u8 *buf, u16 *length)
..\..\User\bsp\src\bsp_4G.c(1888): warning:  #177-D: function "Cmd4G_TCPSEND"  was declared but never referenced
  static u8 Cmd4G_TCPSEND(u8 socketdata,u8 *buf, u16 buflen)
..\..\User\bsp\src\bsp_4G.c: 6 warnings, 0 errors
compiling bsp_moduletomodule.c...
..\..\User\bsp\src\bsp_moduletomodule.c(400): warning:  #177-D: variable "k"  was declared but never referenced
  	uint8_t k;
..\..\User\bsp\src\bsp_moduletomodule.c: 1 warning, 0 errors
compiling bsp_buzzer.c...
compiling bsp_UIS891X.c...
..\..\User\bsp\src\bsp_UIS891X.c(1319): warning:  #550-D: variable "bt_back"  was set but never used
  	static uint16_t bt_back;
..\..\User\bsp\src\bsp_UIS891X.c: 1 warning, 0 errors
compiling param.c...
compiling bsp_touch.c...
compiling bsp_gt811.c...
compiling bsp_tft_429.c...
compiling bsp_tft_lcd.c...
compiling bsp_ts_ft5x06.c...
compiling LCDConf_Lin_Template.c...
compiling GUIConf.c...
compiling GUI_X.c...
compiling TOUCH_STMPE811.c...
compiling MainTask.c...
compiling font.c...
compiling aboutusDLG.c...
compiling StartDLG.c...
compiling MainDLG.c...
compiling Calibration_SDLG.c...
compiling CalibrationDLG.c...
compiling Communication_SDLG.c...
compiling Cupboard_SDLG.c...
compiling Device_SDLG.c...
compiling Ground_ADLG.c...
compiling InitSystem.c...
compiling NumPadDLG.c...
compiling LeakageCurrent_SDLG.c...
compiling OverVoltage_ADLG.c...
compiling Main_GraphDLG.c...
compiling passwordDLG.c...
compiling Protector_WDLG.c...
compiling PowerQualityDLG.c...
compiling PTOpen_ADLG.c...
compiling PTCT_SDLG.c...
compiling Resonance_ADLG.c...
compiling TempHumdity_WDLG.c...
compiling Temp&Humdity_SDLG.c...
compiling TempHumidity_ADLG.c...
compiling UnderVoltage_ADLG.c...
compiling voltageLimit_S.c...
compiling OutPutTest_SDLG.c...
compiling Short_ADLG.c...
compiling WaveSelectDLG.c...
compiling Vetor_ADLG.c...
compiling MainDLG_messge.c...
compiling WaveSelectGndDLG.c...
compiling SeletctGndCurrentWave_ADLG.c...
compiling diskio.c...
compiling utility.c...
compiling w5500.c...
compiling w5500_config.c...
..\..\User\Ethernet\w5500_config.c(147): warning:  #550-D: variable "W5500RXBufLen"  was set but never used
  	uint16 W5500RXBufLen;
..\..\User\Ethernet\w5500_config.c: 1 warning, 0 errors
linking...
Program Size: Code=360832 RO-data=271796 RW-data=4840 ZI-data=87088  
FromELF: creating hex file...
After Build - User command #1: CopyHex_Flash.bat
D:\case\Eric820\ERIC820-5(3wave)\displayV2\ERIC820Display_V2.0\Project\MDK-ARM(uV4)>copy Flash\Obj\output.hex ..\Eric820Diaplay.hex 
已复制         1 个文件。
".\Flash\Obj\output.axf" - 0 Error(s), 9 Warning(s).

<h2>Software Packages used:</h2>

Package Vendor: ARM
                http://www.keil.com/pack/ARM.CMSIS.5.0.1.pack
                ARM::CMSIS:CORE:5.0.1
                CMSIS (Cortex Microcontroller Software Interface Standard)
   * Component: CORE Version: 5.0.1

<h2>Collection of Component include folders:</h2>
  .\RTE\_Flash
  C:\Keil_v5\ARM\PACK\ARM\CMSIS\5.0.1\CMSIS\Include
  C:\Keil_v5\ARM\PACK\Keil\STM32F4xx_DFP\2.11.0\Drivers\CMSIS\Device\ST\STM32F4xx\Include

<h2>Collection of Component Files used:</h2>

   * Component: ARM::CMSIS:CORE:5.0.1
Build Time Elapsed:  00:00:34
</pre>
</body>
</html>
