<html>
<body>
<pre>
<h1>礦ision Build Log</h1>
<h2>Tool Versions:</h2>
IDE-Version: μVision V5.23.0.0
Copyright (C) 2017 ARM Ltd and ARM Germany GmbH. All rights reserved.
License Information: Hu Seleen, Eric, LIC=6XJJJ-UR5VQ-QGT7I-TC9TQ-2HWEB-ZB8EA
 
Tool Versions:
Toolchain:       MDK-ARM Professional  Version: 5.23
Toolchain Path:  C:\Keil_v5\ARM\ARMCC\Bin
C Compiler:      Armcc.exe V5.06 update 4 (build 422)
Assembler:       Armasm.exe V5.06 update 4 (build 422)
Linker/Locator:  ArmLink.exe V5.06 update 4 (build 422)
Library Manager: ArmAr.exe V5.06 update 4 (build 422)
Hex Converter:   FromElf.exe V5.06 update 4 (build 422)
CPU DLL:         SARMCM3.DLL V5.23
Dialog DLL:      DCM.DLL V1.15.0.0
Target DLL:      Segger\JL2CM3.dll V2.99.23.0
Dialog DLL:      TCM.DLL V1.27.0.0
 
<h2>Project:</h2>
D:\case\Eric820\ERIC820-5(3wave)\RouteV2\Project\MDK-ARM(uV4)\project.uvprojx
Project File Date:  10/15/2020

<h2>Output:</h2>
*** Using Compiler 'V5.06 update 4 (build 422)', folder: 'C:\Keil_v5\ARM\ARMCC\Bin'
Rebuild target 'Flash'
assembling cr4_fft_256_stm32.s...
assembling cr4_fft_64_stm32.s...
compiling main.c...
compiling mydefine.c...
compiling arithmetic.c...
..\..\User\arithmetic\arithmetic.c(451): warning:  #177-D: function "PowerFactor"  was declared but never referenced
  static void PowerFactor(float *buf,long zdataU,long zdataI)
..\..\User\arithmetic\arithmetic.c(770): warning:  #177-D: function "U0I0calculate"  was declared but never referenced
  static void U0I0calculate(float *U0,float *I0,long Ua,long Ub,long Uc,long Ia,long Ib,long Ic)
..\..\User\arithmetic\arithmetic.c(486): warning:  #177-D: function "VectorSum_Display"  was declared but never referenced
  static long VectorSum_Display(long zdataA,long zdataB,long zdataC)
..\..\User\arithmetic\arithmetic.c: 3 warnings, 0 errors
compiling bsp_dwt.c...
compiling bsp.c...
compiling stm32f4xx_it.c...
compiling bsp_timer.c...
compiling bsp_ext_io.c...
compiling bsp_uart_fifo.c...
compiling bsp_tim_pwm.c...
compiling stm32f4xx_assert.c...
compiling bsp_i2c_gpio.c...
compiling bsp_fmc_sdram.c...
compiling bsp_rtc.c...
compiling bsp_sdio_sd.c...
compiling bsp_ad7606.c...
compiling bsp_spi_bus.c...
assembling startup_stm32f429_439xx.s...
compiling bsp_spi_flash.c...
compiling bsp_moduletomodule.c...
compiling bsp_nand_flash.c...
compiling misc.c...
compiling stm32f4xx_gpio.c...
compiling stm32f4xx_rcc.c...
compiling stm32f4xx_fmc.c...
compiling stm32f4xx_tim.c...
compiling stm32f4xx_syscfg.c...
compiling stm32f4xx_usart.c...
compiling stm32f4xx_ltdc.c...
compiling stm32f4xx_sdio.c...
compiling stm32f4xx_dma.c...
compiling stm32f4xx_pwr.c...
compiling stm32f4xx_iwdg.c...
compiling stm32f4xx_exti.c...
compiling stm32f4xx_spi.c...
compiling stm32f4xx_rtc.c...
compiling cc936.c...
compiling ff.c...
compiling system_stm32f4xx.c...
compiling diskio.c...
linking...
Program Size: Code=24652 RO-data=988 RW-data=4244 ZI-data=25980  
FromELF: creating hex file...
After Build - User command #1: CopyHex_Flash.bat
D:\case\Eric820\ERIC820-5(3wave)\RouteV2\Project\MDK-ARM(uV4)>copy Flash\Obj\output.hex ..\Eric820Route.hex 
已复制         1 个文件。
".\Flash\Obj\output.axf" - 0 Error(s), 3 Warning(s).

<h2>Software Packages used:</h2>

Package Vendor: ARM
                http://www.keil.com/pack/ARM.CMSIS.5.0.1.pack
                ARM::CMSIS:CORE:5.0.1
                CMSIS (Cortex Microcontroller Software Interface Standard)
   * Component: CORE Version: 5.0.1

<h2>Collection of Component include folders:</h2>
  .\RTE\_Flash
  C:\Keil_v5\ARM\PACK\ARM\CMSIS\5.0.1\CMSIS\Include
  C:\Keil_v5\ARM\PACK\Keil\STM32F4xx_DFP\2.11.0\Drivers\CMSIS\Device\ST\STM32F4xx\Include

<h2>Collection of Component Files used:</h2>

   * Component: ARM::CMSIS:CORE:5.0.1
Build Time Elapsed:  00:00:07
</pre>
</body>
</html>
