Component: ARM Compiler 5.06 update 4 (build 422) Tool: armlink [4d35d2]

==============================================================================

Section Cross References

    main.o(i.main) refers to bsp.o(i.bsp_Init) for bsp_Init
    main.o(i.main) refers to bsp_ad7606.o(i.AD7606_StartRecord) for AD7606_StartRecord
    main.o(i.main) refers to stm32f4xx_iwdg.o(i.IWDG_WriteAccessCmd) for IWDG_WriteAccessCmd
    main.o(i.main) refers to stm32f4xx_iwdg.o(i.IWDG_SetPrescaler) for IWDG_SetPrescaler
    main.o(i.main) refers to stm32f4xx_iwdg.o(i.IWDG_SetReload) for IWDG_SetReload
    main.o(i.main) refers to stm32f4xx_iwdg.o(i.IWDG_Enable) for IWDG_Enable
    main.o(i.main) refers to stm32f4xx_iwdg.o(i.IWDG_ReloadCounter) for IWDG_ReloadCounter
    main.o(i.main) refers to bsp_moduletomodule.o(i.ModuleTask) for ModuleTask
    main.o(i.main) refers to arithmetic.o(i.SelRouteCalTask) for SelRouteCalTask
    main.o(i.main) refers to arithmetic.o(i.FaskCalTask) for FaskCalTask
    main.o(i.main) refers to mydefine.o(i.KeyScan) for KeyScan
    main.o(i.main) refers to bsp_moduletomodule.o(i.ModuleSPITXTask) for ModuleSPITXTask
    main.o(i.main) refers to mydefine.o(i.WriteParam) for WriteParam
    main.o(i.main) refers to bsp_moduletomodule.o(i.ModuleUartTXTask) for ModuleUartTXTask
    main.o(i.main) refers to bsp_ad7606.o(i.ADCVerification) for ADCVerification
    main.o(i.main) refers to mydefine.o(.data) for WholeBit
    mydefine.o(i.CRC_GetModbus16) refers to memcpya.o(.text) for __aeabi_memcpy4
    mydefine.o(i.CRC_GetModbus16) refers to mydefine.o(i.GetRevCrc_16) for GetRevCrc_16
    mydefine.o(i.CRC_GetModbus16) refers to mydefine.o(.constdata) for .constdata
    mydefine.o(i.FIFO_bufcmp) refers to mydefine.o(i.FIFO_pointer) for FIFO_pointer
    mydefine.o(i.GetChipID) refers to mydefine.o(.bss) for ChipICID
    mydefine.o(i.InitSaveNand) refers to bsp_nand_flash.o(i.NAND_GetBlockInfo) for NAND_GetBlockInfo
    mydefine.o(i.InitSaveNand) refers to ff.o(i.f_mount) for f_mount
    mydefine.o(i.InitSaveNand) refers to ff.o(i.f_opendir) for f_opendir
    mydefine.o(i.InitSaveNand) refers to ff.o(i.f_open) for f_open
    mydefine.o(i.InitSaveNand) refers to ff.o(i.f_read) for f_read
    mydefine.o(i.InitSaveNand) refers to ff.o(i.f_close) for f_close
    mydefine.o(i.InitSaveNand) refers to ff.o(i.f_closedir) for f_closedir
    mydefine.o(i.InitSaveNand) refers to bsp_nand_flash.o(i.NAND_Init) for NAND_Init
    mydefine.o(i.InitSaveNand) refers to bsp_nand_flash.o(i.NAND_Format) for NAND_Format
    mydefine.o(i.InitSaveNand) refers to ff.o(i.f_mkfs) for f_mkfs
    mydefine.o(i.InitSaveNand) refers to mydefine.o(.bss) for nand_info
    mydefine.o(i.KeyScan) refers to stm32f4xx_gpio.o(i.GPIO_ReadInputDataBit) for GPIO_ReadInputDataBit
    mydefine.o(i.KeyScan) refers to mydefine.o(.data) for scantims
    mydefine.o(i.ReadParam) refers to bsp_spi_flash.o(i.sf_ReadBuffer) for sf_ReadBuffer
    mydefine.o(i.ReadParam) refers to mydefine.o(.data) for ADCFifo
    mydefine.o(i.ReadParam) refers to mydefine.o(.bss) for PoramData
    mydefine.o(i.SaveNandFaultNum) refers to ff.o(i.f_mount) for f_mount
    mydefine.o(i.SaveNandFaultNum) refers to ff.o(i.f_opendir) for f_opendir
    mydefine.o(i.SaveNandFaultNum) refers to ff.o(i.f_open) for f_open
    mydefine.o(i.SaveNandFaultNum) refers to ff.o(i.f_write) for f_write
    mydefine.o(i.SaveNandFaultNum) refers to ff.o(i.f_close) for f_close
    mydefine.o(i.SaveNandFaultNum) refers to ff.o(i.f_closedir) for f_closedir
    mydefine.o(i.SaveNandFaultNum) refers to mydefine.o(.bss) for NandCfgData
    mydefine.o(i.SysGetTime) refers to stm32f4xx_rtc.o(i.RTC_GetTime) for RTC_GetTime
    mydefine.o(i.SysGetTime) refers to stm32f4xx_rtc.o(i.RTC_GetDate) for RTC_GetDate
    mydefine.o(i.SysGetTime) refers to mydefine.o(.data) for uSCount
    mydefine.o(i.SysSetTime) refers to bsp_rtc.o(i.RTC_CalcWeek) for RTC_CalcWeek
    mydefine.o(i.SysSetTime) refers to bsp_rtc.o(i.RTC_Config) for RTC_Config
    mydefine.o(i.SysSetTime) refers to mydefine.o(.bss) for SystemTime
    mydefine.o(i.SysSetTime) refers to bsp_rtc.o(.data) for RTC_TimeStructure
    mydefine.o(i.WriteParam) refers to bsp_spi_flash.o(i.sf_WriteBuffer) for sf_WriteBuffer
    mydefine.o(i.WriteParam) refers to mydefine.o(.data) for PoramFlag
    mydefine.o(i.WriteParam) refers to mydefine.o(.bss) for PoramData
    arithmetic.o(i.Elec_Display) refers to arithmetic.o(i.dsp_asm_waypowerMag) for dsp_asm_waypowerMag
    arithmetic.o(i.Elec_Display) refers to dflti.o(.text) for __aeabi_i2d
    arithmetic.o(i.Elec_Display) refers to dmul.o(.text) for __aeabi_dmul
    arithmetic.o(i.Elec_Display) refers to d2f.o(.text) for __aeabi_d2f
    arithmetic.o(i.FFT_VerifyDisplay) refers to mydefine.o(i.FIFO_Backpointer) for FIFO_Backpointer
    arithmetic.o(i.FFT_VerifyDisplay) refers to mydefine.o(i.FIFO_pointer) for FIFO_pointer
    arithmetic.o(i.FFT_VerifyDisplay) refers to cr4_fft_256_stm32.o(.text) for cr4_fft_256_stm32
[...]

    BuildAttributes$$THM_ISAv4$E$P$D$K$B$S$7EM$VFPi3$EXTD16$VFPS$VFMA$PE$A:L22UL41UL21$X:L11$S22US41US21$IEEE1$IW$USESV6$~STKCKD$USESV7$~SHL$OTIME$ROPI$IEEEJ$EBA8$MICROLIB$REQ8$PRES8$EABIv2 0x00000000   Number         0  anon$$obj.o ABSOLUTE
    __ARM_use_no_argv                        0x00000000   Number         0  main.o ABSOLUTE
    _printf_a                                0x00000000   Number         0  stubs.o ABSOLUTE
    _printf_c                                0x00000000   Number         0  stubs.o ABSOLUTE
    _printf_charcount                        0x00000000   Number         0  stubs.o ABSOLUTE
    _printf_d                                0x00000000   Number         0  stubs.o ABSOLUTE
    _printf_e                                0x00000000   Number         0  stubs.o ABSOLUTE
    _printf_f                                0x00000000   Number         0  stubs.o ABSOLUTE
    _printf_flags                            0x00000000   Number         0  stubs.o ABSOLUTE
    _printf_fp_dec                           0x00000000   Number         0  stubs.o ABSOLUTE
    _printf_fp_hex                           0x00000000   Number         0  stubs.o ABSOLUTE
    _printf_g                                0x00000000   Number         0  stubs.o ABSOLUTE
    _printf_i                                0x00000000   Number         0  stubs.o ABSOLUTE
    _printf_int_dec                          0x00000000   Number         0  stubs.o ABSOLUTE
    _printf_l                                0x00000000   Number         0  stubs.o ABSOLUTE
    _printf_lc                               0x00000000   Number         0  stubs.o ABSOLUTE
    _printf_ll                               0x00000000   Number         0  stubs.o ABSOLUTE
    _printf_lld                              0x00000000   Number         0  stubs.o ABSOLUTE
    _printf_lli                              0x00000000   Number         0  stubs.o ABSOLUTE
    _printf_llo                              0x00000000   Number         0  stubs.o ABSOLUTE
    _printf_llu                              0x00000000   Number         0  stubs.o ABSOLUTE
    _printf_llx                              0x00000000   Number         0  stubs.o ABSOLUTE
    _printf_longlong_dec                     0x00000000   Number         0  stubs.o ABSOLUTE
    _printf_longlong_hex                     0x00000000   Number         0  stubs.o ABSOLUTE
    _printf_longlong_oct                     0x00000000   Number         0  stubs.o ABSOLUTE
    _printf_ls                               0x00000000   Number         0  stubs.o ABSOLUTE
    _printf_mbtowc                           0x00000000   Number         0  stubs.o ABSOLUTE
    _printf_n                                0x00000000   Number         0  stubs.o ABSOLUTE
    _printf_o                                0x00000000   Number         0  stubs.o ABSOLUTE
    _printf_p                                0x00000000   Number         0  stubs.o ABSOLUTE
    _printf_percent                          0x00000000   Number         0  stubs.o ABSOLUTE
    _printf_pre_padding                      0x00000000   Number         0  stubs.o ABSOLUTE
    _printf_return_value                     0x00000000   Number         0  stubs.o ABSOLUTE
    _printf_s                                0x00000000   Number         0  stubs.o ABSOLUTE
    _printf_sizespec                         0x00000000   Number         0  stubs.o ABSOLUTE
    _printf_str                              0x00000000   Number         0  stubs.o ABSOLUTE
    _printf_truncate_signed                  0x00000000   Number         0  stubs.o ABSOLUTE
    _printf_truncate_unsigned                0x00000000   Number         0  stubs.o ABSOLUTE
    _printf_u                                0x00000000   Number         0  stubs.o ABSOLUTE
    _printf_wc                               0x00000000   Number         0  stubs.o ABSOLUTE
    _printf_wctomb                           0x00000000   Number         0  stubs.o ABSOLUTE
    _printf_widthprec                        0x00000000   Number         0  stubs.o ABSOLUTE
    _printf_x                                0x00000000   Number         0  stubs.o ABSOLUTE
    __cpp_initialize__aeabi_                  - Undefined Weak Reference
    __cxa_finalize                            - Undefined Weak Reference
    _clock_init                               - Undefined Weak Reference
    _microlib_exit                            - Undefined Weak Reference
    __Vectors_Size                           0x000001ac   Number         0  startup_stm32f429_439xx.o ABSOLUTE
    __Vectors                                0x08000000   Data           4  startup_stm32f429_439xx.o(RESET)
    __Vectors_End                            0x080001ac   Data           0  startup_stm32f429_439xx.o(RESET)
    __main                                   0x080001ad   Thumb Code     0  entry.o(.ARM.Collect$$$$00000000)
    _main_stk                                0x080001ad   Thumb Code     0  entry2.o(.ARM.Collect$$$$00000001)
    _main_scatterload                        0x080001b1   Thumb Code     0  entry5.o(.ARM.Collect$$$$00000004)
    __main_after_scatterload                 0x080001b5   Thumb Code     0  entry5.o(.ARM.Collect$$$$00000004)
    _main_clock                              0x080001b5   Thumb Code     0  entry7b.o(.ARM.Collect$$$$00000008)
    _main_cpp_init                           0x080001b5   Thumb Code     0  entry8b.o(.ARM.Collect$$$$0000000A)
    _main_init                               0x080001b5   Thumb Code     0  entry9a.o(.ARM.Collect$$$$0000000B)
    __rt_final_cpp                           0x080001bd   Thumb Code     0  entry10a.o(.ARM.Collect$$$$0000000D)
    __rt_final_exit                          0x080001bd   Thumb Code     0  entry11a.o(.ARM.Collect$$$$0000000F)
    cr4_fft_256_stm32                        0x080001c1   Thumb Code     0  cr4_fft_256_stm32.o(.text)
    cr4_fft_64_stm32                         0x080007a1   Thumb Code     0  cr4_fft_64_stm32.o(.text)
    Reset_Handler                            0x08000a71   Thumb Code     8  startup_stm32f429_439xx.o(.text)
    SVC_Handler                              0x08000a83   Thumb Code     2  startup_stm32f429_439xx.o(.text)
    PendSV_Handler                           0x08000a87   Thumb Code     2  startup_stm32f429_439xx.o(.text)
    ADC_IRQHandler                           0x08000a8b   Thumb Code     0  startup_stm32f429_439xx.o(.text)
    CAN1_RX0_IRQHandler                      0x08000a8b   Thumb Code     0  startup_stm32f429_439xx.o(.text)
    CAN1_RX1_IRQHandler                      0x08000a8b   Thumb Code     0  startup_stm32f429_439xx.o(.text)
    CAN1_SCE_IRQHandler                      0x08000a8b   Thumb Code     0  startup_stm32f429_439xx.o(.text)
    CAN1_TX_IRQHandler                       0x08000a8b   Thumb Code     0  startup_stm32f429_439xx.o(.text)
    CAN2_RX0_IRQHandler                      0x08000a8b   Thumb Code     0  startup_stm32f429_439xx.o(.text)
    CAN2_RX1_IRQHandler                      0x08000a8b   Thumb Code     0  startup_stm32f429_439xx.o(.text)
    CAN2_SCE_IRQHandler                      0x08000a8b   Thumb Code     0  startup_stm32f429_439xx.o(.text)
    CAN2_TX_IRQHandler                       0x08000a8b   Thumb Code     0  startup_stm32f429_439xx.o(.text)
    CRYP_IRQHandler                          0x08000a8b   Thumb Code     0  startup_stm32f429_439xx.o(.text)
    DCMI_IRQHandler                          0x08000a8b   Thumb Code     0  startup_stm32f429_439xx.o(.text)
    DMA1_Stream0_IRQHandler                  0x08000a8b   Thumb Code     0  startup_stm32f429_439xx.o(.text)
    DMA1_Stream1_IRQHandler                  0x08000a8b   Thumb Code     0  startup_stm32f429_439xx.o(.text)
    DMA1_Stream2_IRQHandler                  0x08000a8b   Thumb Code     0  startup_stm32f429_439xx.o(.text)
    DMA1_Stream3_IRQHandler                  0x08000a8b   Thumb Code     0  startup_stm32f429_439xx.o(.text)
    DMA1_Stream5_IRQHandler                  0x08000a8b   Thumb Code     0  startup_stm32f429_439xx.o(.text)
    DMA1_Stream7_IRQHandler                  0x08000a8b   Thumb Code     0  startup_stm32f429_439xx.o(.text)
    DMA2D_IRQHandler                         0x08000a8b   Thumb Code     0  startup_stm32f429_439xx.o(.text)
    DMA2_Stream0_IRQHandler                  0x08000a8b   Thumb Code     0  startup_stm32f429_439xx.o(.text)
    DMA2_Stream1_IRQHandler                  0x08000a8b   Thumb Code     0  startup_stm32f429_439xx.o(.text)
    DMA2_Stream2_IRQHandler                  0x08000a8b   Thumb Code     0  startup_stm32f429_439xx.o(.text)
    DMA2_Stream4_IRQHandler                  0x08000a8b   Thumb Code     0  startup_stm32f429_439xx.o(.text)
    DMA2_Stream5_IRQHandler                  0x08000a8b   Thumb Code     0  startup_stm32f429_439xx.o(.text)
    DMA2_Stream6_IRQHandler                  0x08000a8b   Thumb Code     0  startup_stm32f429_439xx.o(.text)
    DMA2_Stream7_IRQHandler                  0x08000a8b   Thumb Code     0  startup_stm32f429_439xx.o(.text)
    ETH_IRQHandler                           0x08000a8b   Thumb Code     0  startup_stm32f429_439xx.o(.text)
    ETH_WKUP_IRQHandler                      0x08000a8b   Thumb Code     0  startup_stm32f429_439xx.o(.text)
    EXTI0_IRQHandler                         0x08000a8b   Thumb Code     0  startup_stm32f429_439xx.o(.text)
    EXTI2_IRQHandler                         0x08000a8b   Thumb Code     0  startup_stm32f429_439xx.o(.text)
    EXTI3_IRQHandler                         0x08000a8b   Thumb Code     0  startup_stm32f429_439xx.o(.text)
    EXTI4_IRQHandler                         0x08000a8b   Thumb Code     0  startup_stm32f429_439xx.o(.text)
    EXTI9_5_IRQHandler                       0x08000a8b   Thumb Code     0  startup_stm32f429_439xx.o(.text)
    FLASH_IRQHandler                         0x08000a8b   Thumb Code     0  startup_stm32f429_439xx.o(.text)
    FMC_IRQHandler                           0x08000a8b   Thumb Code     0  startup_stm32f429_439xx.o(.text)
    FPU_IRQHandler                           0x08000a8b   Thumb Code     0  startup_stm32f429_439xx.o(.text)
    HASH_RNG_IRQHandler                      0x08000a8b   Thumb Code     0  startup_stm32f429_439xx.o(.text)
    I2C1_ER_IRQHandler                       0x08000a8b   Thumb Code     0  startup_stm32f429_439xx.o(.text)
    I2C1_EV_IRQHandler                       0x08000a8b   Thumb Code     0  startup_stm32f429_439xx.o(.text)
    I2C2_ER_IRQHandler                       0x08000a8b   Thumb Code     0  startup_stm32f429_439xx.o(.text)
    I2C2_EV_IRQHandler                       0x08000a8b   Thumb Code     0  startup_stm32f429_439xx.o(.text)
    I2C3_ER_IRQHandler                       0x08000a8b   Thumb Code     0  startup_stm32f429_439xx.o(.text)
    I2C3_EV_IRQHandler                       0x08000a8b   Thumb Code     0  startup_stm32f429_439xx.o(.text)
    LTDC_ER_IRQHandler                       0x08000a8b   Thumb Code     0  startup_stm32f429_439xx.o(.text)
    LTDC_IRQHandler                          0x08000a8b   Thumb Code     0  startup_stm32f429_439xx.o(.text)
    OTG_FS_IRQHandler                        0x08000a8b   Thumb Code     0  startup_stm32f429_439xx.o(.text)
    OTG_FS_WKUP_IRQHandler                   0x08000a8b   Thumb Code     0  startup_stm32f429_439xx.o(.text)
    OTG_HS_EP1_IN_IRQHandler                 0x08000a8b   Thumb Code     0  startup_stm32f429_439xx.o(.text)
    OTG_HS_EP1_OUT_IRQHandler                0x08000a8b   Thumb Code     0  startup_stm32f429_439xx.o(.text)
    OTG_HS_IRQHandler                        0x08000a8b   Thumb Code     0  startup_stm32f429_439xx.o(.text)
    OTG_HS_WKUP_IRQHandler                   0x08000a8b   Thumb Code     0  startup_stm32f429_439xx.o(.text)
    PVD_IRQHandler                           0x08000a8b   Thumb Code     0  startup_stm32f429_439xx.o(.text)
    RCC_IRQHandler                           0x08000a8b   Thumb Code     0  startup_stm32f429_439xx.o(.text)
    RTC_Alarm_IRQHandler                     0x08000a8b   Thumb Code     0  startup_stm32f429_439xx.o(.text)
    RTC_WKUP_IRQHandler                      0x08000a8b   Thumb Code     0  startup_stm32f429_439xx.o(.text)
    SAI1_IRQHandler                          0x08000a8b   Thumb Code     0  startup_stm32f429_439xx.o(.text)
    SPI1_IRQHandler                          0x08000a8b   Thumb Code     0  startup_stm32f429_439xx.o(.text)
    SPI2_IRQHandler                          0x08000a8b   Thumb Code     0  startup_stm32f429_439xx.o(.text)
    SPI3_IRQHandler                          0x08000a8b   Thumb Code     0  startup_stm32f429_439xx.o(.text)
    SPI4_IRQHandler                          0x08000a8b   Thumb Code     0  startup_stm32f429_439xx.o(.text)
    SPI5_IRQHandler                          0x08000a8b   Thumb Code     0  startup_stm32f429_439xx.o(.text)
    SPI6_IRQHandler                          0x08000a8b   Thumb Code     0  startup_stm32f429_439xx.o(.text)
    TAMP_STAMP_IRQHandler                    0x08000a8b   Thumb Code     0  startup_stm32f429_439xx.o(.text)
    TIM1_BRK_TIM9_IRQHandler                 0x08000a8b   Thumb Code     0  startup_stm32f429_439xx.o(.text)
    TIM1_CC_IRQHandler                       0x08000a8b   Thumb Code     0  startup_stm32f429_439xx.o(.text)
    TIM1_TRG_COM_TIM11_IRQHandler            0x08000a8b   Thumb Code     0  startup_stm32f429_439xx.o(.text)
    TIM1_UP_TIM10_IRQHandler                 0x08000a8b   Thumb Code     0  startup_stm32f429_439xx.o(.text)
    TIM3_IRQHandler                          0x08000a8b   Thumb Code     0  startup_stm32f429_439xx.o(.text)
    TIM4_IRQHandler                          0x08000a8b   Thumb Code     0  startup_stm32f429_439xx.o(.text)
    TIM5_IRQHandler                          0x08000a8b   Thumb Code     0  startup_stm32f429_439xx.o(.text)
    TIM6_DAC_IRQHandler                      0x08000a8b   Thumb Code     0  startup_stm32f429_439xx.o(.text)
    TIM7_IRQHandler                          0x08000a8b   Thumb Code     0  startup_stm32f429_439xx.o(.text)
    TIM8_BRK_TIM12_IRQHandler                0x08000a8b   Thumb Code     0  startup_stm32f429_439xx.o(.text)
    TIM8_CC_IRQHandler                       0x08000a8b   Thumb Code     0  startup_stm32f429_439xx.o(.text)
    TIM8_TRG_COM_TIM14_IRQHandler            0x08000a8b   Thumb Code     0  startup_stm32f429_439xx.o(.text)
    TIM8_UP_TIM13_IRQHandler                 0x08000a8b   Thumb Code     0  startup_stm32f429_439xx.o(.text)
    UART4_IRQHandler                         0x08000a8b   Thumb Code     0  startup_stm32f429_439xx.o(.text)
    UART5_IRQHandler                         0x08000a8b   Thumb Code     0  startup_stm32f429_439xx.o(.text)
    UART7_IRQHandler                         0x08000a8b   Thumb Code     0  startup_stm32f429_439xx.o(.text)
    UART8_IRQHandler                         0x08000a8b   Thumb Code     0  startup_stm32f429_439xx.o(.text)
    USART1_IRQHandler                        0x08000a8b   Thumb Code     0  startup_stm32f429_439xx.o(.text)
    USART3_IRQHandler                        0x08000a8b   Thumb Code     0  startup_stm32f429_439xx.o(.text)
    USART6_IRQHandler                        0x08000a8b   Thumb Code     0  startup_stm32f429_439xx.o(.text)
    WWDG_IRQHandler                          0x08000a8b   Thumb Code     0  startup_stm32f429_439xx.o(.text)
    __aeabi_uldivmod                         0x08000a95   Thumb Code    98  uldiv.o(.text)
    __aeabi_memcpy                           0x08000af7   Thumb Code    36  memcpya.o(.text)
    __aeabi_memcpy4                          0x08000af7   Thumb Code     0  memcpya.o(.text)
    __aeabi_memcpy8                          0x08000af7   Thumb Code     0  memcpya.o(.text)
    __aeabi_memset                           0x08000b1b   Thumb Code    14  memseta.o(.text)
    __aeabi_memset4                          0x08000b1b   Thumb Code     0  memseta.o(.text)
    __aeabi_memset8                          0x08000b1b   Thumb Code     0  memseta.o(.text)
    __aeabi_memclr                           0x08000b29   Thumb Code     4  memseta.o(.text)
    __aeabi_memclr4                          0x08000b29   Thumb Code     0  memseta.o(.text)
    __aeabi_memclr8                          0x08000b29   Thumb Code     0  memseta.o(.text)
    _memset$wrapper                          0x08000b2d   Thumb Code    18  memseta.o(.text)
    memcmp                                   0x08000b3f   Thumb Code    26  memcmp.o(.text)
    strcpy                                   0x08000b59   Thumb Code    18  strcpy.o(.text)
    __aeabi_dmul                             0x08000b6b   Thumb Code   228  dmul.o(.text)
    __aeabi_ddiv                             0x08000c4f   Thumb Code   222  ddiv.o(.text)
    __aeabi_i2d                              0x08000d2d   Thumb Code    34  dflti.o(.text)
    __aeabi_f2d                              0x08000d4f   Thumb Code    38  f2d.o(.text)
    __aeabi_d2f                              0x08000d75   Thumb Code    56  d2f.o(.text)
    __aeabi_llsl                             0x08000dad   Thumb Code    30  llshl.o(.text)
    _ll_shift_l                              0x08000dad   Thumb Code     0  llshl.o(.text)
    __aeabi_llsr                             0x08000dcb   Thumb Code    32  llushr.o(.text)
    _ll_ushift_r                             0x08000dcb   Thumb Code     0  llushr.o(.text)
    __I$use$fp                               0x08000deb   Thumb Code     0  iusefp.o(.text)
    _float_round                             0x08000deb   Thumb Code    18  fepilogue.o(.text)
    _float_epilogue                          0x08000dfd   Thumb Code    92  fepilogue.o(.text)
    _double_round                            0x08000e59   Thumb Code    30  depilogue.o(.text)
    _double_epilogue                         0x08000e77   Thumb Code   156  depilogue.o(.text)
    _dsqrt                                   0x08000f13   Thumb Code   162  dsqrt.o(.text)
    __scatterload                            0x08000fb5   Thumb Code    28  init.o(.text)
    __scatterload_rt2                        0x08000fb5   Thumb Code     0  init.o(.text)
    __decompress                             0x08000fd9   Thumb Code     0  __dclz77c.o(.text)
    __decompress2                            0x08000fd9   Thumb Code    94  __dclz77c.o(.text)
    AD7606_EnterAutoMode                     0x08001039   Thumb Code    98  bsp_ad7606.o(i.AD7606_EnterAutoMode)
    AD7606_ISR                               0x08001105   Thumb Code   418  bsp_ad7606.o(i.AD7606_ISR)
    AD7606_Reset                             0x080012c9   Thumb Code    40  bsp_ad7606.o(i.AD7606_Reset)
    AD7606_SetInputRange                     0x080012f5   Thumb Code    30  bsp_ad7606.o(i.AD7606_SetInputRange)
    AD7606_StartConvst                       0x08001319   Thumb Code    32  bsp_ad7606.o(i.AD7606_StartConvst)
    AD7606_StartRecord                       0x0800133d   Thumb Code    24  bsp_ad7606.o(i.AD7606_StartRecord)
    AD7606_StopRecord                        0x08001355   Thumb Code    48  bsp_ad7606.o(i.AD7606_StopRecord)
    ADCVerification                          0x0800138d   Thumb Code    32  bsp_ad7606.o(i.ADCVerification)
    BusFault_Handler                         0x080013b9   Thumb Code     4  stm32f4xx_it.o(i.BusFault_Handler)
    CRC_GetModbus16                          0x080013bd   Thumb Code    42  mydefine.o(i.CRC_GetModbus16)
    ClrSDRAM                                 0x080013ed   Thumb Code    22  bsp_fmc_sdram.o(i.ClrSDRAM)
    DMA1_Stream4_IRQHandler                  0x08001ced   Thumb Code     8  stm32f4xx_it.o(i.DMA1_Stream4_IRQHandler)
    DMA1_Stream6_IRQHandler                  0x08001cf5   Thumb Code     8  stm32f4xx_it.o(i.DMA1_Stream6_IRQHandler)
    DMA2_Stream3_IRQHandler                  0x08001cfd   Thumb Code     8  bsp_sdio_sd.o(i.DMA2_Stream3_IRQHandler)
    DMA_ClearFlag                            0x08001d05   Thumb Code    38  stm32f4xx_dma.o(i.DMA_ClearFlag)
    DMA_Cmd                                  0x08001d39   Thumb Code    22  stm32f4xx_dma.o(i.DMA_Cmd)
    DMA_DeInit                               0x08001d51   Thumb Code   324  stm32f4xx_dma.o(i.DMA_DeInit)
    DMA_FlowControllerConfig                 0x08001ea9   Thumb Code    22  stm32f4xx_dma.o(i.DMA_FlowControllerConfig)
    DMA_GetCmdStatus                         0x08001ebf   Thumb Code    20  stm32f4xx_dma.o(i.DMA_GetCmdStatus)
    DMA_GetCurrDataCounter                   0x08001ed3   Thumb Code     8  stm32f4xx_dma.o(i.DMA_GetCurrDataCounter)
    DMA_GetFlagStatus                        0x08001edd   Thumb Code    54  stm32f4xx_dma.o(i.DMA_GetFlagStatus)
    DMA_ITConfig                             0x08001f21   Thumb Code    58  stm32f4xx_dma.o(i.DMA_ITConfig)
    DMA_Init                                 0x08001f5d   Thumb Code    82  stm32f4xx_dma.o(i.DMA_Init)
    DMA_SetCurrDataCounter                   0x08001fb5   Thumb Code     4  stm32f4xx_dma.o(i.DMA_SetCurrDataCounter)
    DebugMon_Handler                         0x08001fb9   Thumb Code     2  stm32f4xx_it.o(i.DebugMon_Handler)
    EXTI15_10_IRQHandler                     0x08001fbb   Thumb Code     2  stm32f4xx_it.o(i.EXTI15_10_IRQHandler)
    EXTI1_IRQHandler                         0x08001fbd   Thumb Code    14  stm32f4xx_it.o(i.EXTI1_IRQHandler)
    EXTI_ClearITPendingBit                   0x08001fcd   Thumb Code     6  stm32f4xx_exti.o(i.EXTI_ClearITPendingBit)
    EXTI_Init                                0x08001fd9   Thumb Code   142  stm32f4xx_exti.o(i.EXTI_Init)
    FFT_VerifyDisplay                        0x080020b1   Thumb Code   326  arithmetic.o(i.FFT_VerifyDisplay)
    FIFO_Backpointer                         0x0800220d   Thumb Code    18  mydefine.o(i.FIFO_Backpointer)
    FIFO_length                              0x0800221f   Thumb Code    20  mydefine.o(i.FIFO_length)
    FIFO_pointer                             0x08002233   Thumb Code    20  mydefine.o(i.FIFO_pointer)
    FMC_GetFlagStatus                        0x08002249   Thumb Code    68  stm32f4xx_fmc.o(i.FMC_GetFlagStatus)
    FMC_NANDCmd                              0x08002291   Thumb Code    82  stm32f4xx_fmc.o(i.FMC_NANDCmd)
    FMC_NANDInit                             0x080022ed   Thumb Code   204  stm32f4xx_fmc.o(i.FMC_NANDInit)
    FMC_NORSRAMCmd                           0x08002b19   Thumb Code    46  stm32f4xx_fmc.o(i.FMC_NORSRAMCmd)
    FMC_NORSRAMInit                          0x08002b4d   Thumb Code   316  stm32f4xx_fmc.o(i.FMC_NORSRAMInit)
    FMC_SDRAMCmdConfig                       0x08002c8d   Thumb Code    28  stm32f4xx_fmc.o(i.FMC_SDRAMCmdConfig)
    FMC_SDRAMInit                            0x08002cad   Thumb Code   318  stm32f4xx_fmc.o(i.FMC_SDRAMInit)
    FMC_SetRefreshCount                      0x08002df1   Thumb Code    18  stm32f4xx_fmc.o(i.FMC_SetRefreshCount)
    FaskCalTask                              0x08002e09   Thumb Code   396  arithmetic.o(i.FaskCalTask)
    GPIO_Init                                0x08003141   Thumb Code   144  stm32f4xx_gpio.o(i.GPIO_Init)
    GPIO_PinAFConfig                         0x080031d1   Thumb Code    70  stm32f4xx_gpio.o(i.GPIO_PinAFConfig)
    GPIO_ReadInputDataBit                    0x08003217   Thumb Code    18  stm32f4xx_gpio.o(i.GPIO_ReadInputDataBit)
    GPIO_ReadOutputDataBit                   0x08003229   Thumb Code    18  stm32f4xx_gpio.o(i.GPIO_ReadOutputDataBit)
    GPIO_ResetBits                           0x0800323b   Thumb Code     4  stm32f4xx_gpio.o(i.GPIO_ResetBits)
    GPIO_SetBits                             0x0800323f   Thumb Code     4  stm32f4xx_gpio.o(i.GPIO_SetBits)
    GPIO_WriteBit                            0x08003243   Thumb Code    10  stm32f4xx_gpio.o(i.GPIO_WriteBit)
    HardFault_Handler                        0x08003271   Thumb Code    38  stm32f4xx_it.o(i.HardFault_Handler)
    IWDG_Enable                              0x080032c9   Thumb Code    10  stm32f4xx_iwdg.o(i.IWDG_Enable)
    IWDG_ReloadCounter                       0x080032d9   Thumb Code    10  stm32f4xx_iwdg.o(i.IWDG_ReloadCounter)
    IWDG_SetPrescaler                        0x080032e9   Thumb Code     6  stm32f4xx_iwdg.o(i.IWDG_SetPrescaler)
    IWDG_SetReload                           0x080032f5   Thumb Code     6  stm32f4xx_iwdg.o(i.IWDG_SetReload)
    IWDG_WriteAccessCmd                      0x08003301   Thumb Code     6  stm32f4xx_iwdg.o(i.IWDG_WriteAccessCmd)
    InitSaveNand                             0x0800343d   Thumb Code   174  mydefine.o(i.InitSaveNand)
    KeyScan                                  0x08003505   Thumb Code    60  mydefine.o(i.KeyScan)
    MemManage_Handler                        0x08003549   Thumb Code     4  stm32f4xx_it.o(i.MemManage_Handler)
    ModuleComInit                            0x0800354d   Thumb Code   588  bsp_moduletomodule.o(i.ModuleComInit)
    ModuleSPITXTask                          0x080037ad   Thumb Code   756  bsp_moduletomodule.o(i.ModuleSPITXTask)
    ModuleSPITxStart                         0x08003ac1   Thumb Code   100  bsp_moduletomodule.o(i.ModuleSPITxStart)
    ModuleSPITxStartIRQ                      0x08003b35   Thumb Code    42  bsp_moduletomodule.o(i.ModuleSPITxStartIRQ)
    ModuleTask                               0x08003b6d   Thumb Code   938  bsp_moduletomodule.o(i.ModuleTask)
    ModuleUartTXTask                         0x08003f3d   Thumb Code   288  bsp_moduletomodule.o(i.ModuleUartTXTask)
    NAND_Format                              0x0800416f   Thumb Code   130  bsp_nand_flash.o(i.NAND_Format)
    NAND_GetBlockInfo                        0x080041f1   Thumb Code   204  bsp_nand_flash.o(i.NAND_GetBlockInfo)
    NAND_Init                                0x0800431d   Thumb Code    20  bsp_nand_flash.o(i.NAND_Init)
    NAND_IsBadBlock                          0x08004331   Thumb Code    60  bsp_nand_flash.o(i.NAND_IsBadBlock)
    NAND_MarkBadBlock                        0x080043bd   Thumb Code    48  bsp_nand_flash.o(i.NAND_MarkBadBlock)
    NAND_ReadID                              0x08004425   Thumb Code    54  bsp_nand_flash.o(i.NAND_ReadID)
    NAND_ReadMultiSectors                    0x08004465   Thumb Code   144  bsp_nand_flash.o(i.NAND_ReadMultiSectors)
    NAND_WriteMultiSectors                   0x08004535   Thumb Code   292  bsp_nand_flash.o(i.NAND_WriteMultiSectors)
    NAND_WriteToNewBlock                     0x08004739   Thumb Code   256  bsp_nand_flash.o(i.NAND_WriteToNewBlock)
    NMI_Handler                              0x08004919   Thumb Code     2  stm32f4xx_it.o(i.NMI_Handler)
    NVIC_Init                                0x0800491d   Thumb Code   106  misc.o(i.NVIC_Init)
    NVIC_PriorityGroupConfig                 0x08004995   Thumb Code    10  misc.o(i.NVIC_PriorityGroupConfig)
    PWR_BackupAccessCmd                      0x080049a9   Thumb Code     6  stm32f4xx_pwr.o(i.PWR_BackupAccessCmd)
    RCC_AHB1PeriphClockCmd                   0x080049b5   Thumb Code    26  stm32f4xx_rcc.o(i.RCC_AHB1PeriphClockCmd)
    RCC_AHB3PeriphClockCmd                   0x080049d5   Thumb Code    26  stm32f4xx_rcc.o(i.RCC_AHB3PeriphClockCmd)
    RCC_APB1PeriphClockCmd                   0x080049f5   Thumb Code    26  stm32f4xx_rcc.o(i.RCC_APB1PeriphClockCmd)
    RCC_APB2PeriphClockCmd                   0x08004a15   Thumb Code    26  stm32f4xx_rcc.o(i.RCC_APB2PeriphClockCmd)
    RCC_APB2PeriphResetCmd                   0x08004a35   Thumb Code    26  stm32f4xx_rcc.o(i.RCC_APB2PeriphResetCmd)
    RCC_GetClocksFreq                        0x08004a55   Thumb Code   214  stm32f4xx_rcc.o(i.RCC_GetClocksFreq)
    RCC_GetFlagStatus                        0x08004b3d   Thumb Code    60  stm32f4xx_rcc.o(i.RCC_GetFlagStatus)
    RCC_LSEConfig                            0x08004b7d   Thumb Code    40  stm32f4xx_rcc.o(i.RCC_LSEConfig)
    RCC_RTCCLKCmd                            0x08004ba9   Thumb Code     6  stm32f4xx_rcc.o(i.RCC_RTCCLKCmd)
    RCC_RTCCLKConfig                         0x08004bb5   Thumb Code    50  stm32f4xx_rcc.o(i.RCC_RTCCLKConfig)
    RTC_CalcWeek                             0x08004c23   Thumb Code   190  bsp_rtc.o(i.RTC_CalcWeek)
    RTC_Config                               0x08004ce1   Thumb Code   102  bsp_rtc.o(i.RTC_Config)
    RTC_EnterInitMode                        0x08004d51   Thumb Code    76  stm32f4xx_rtc.o(i.RTC_EnterInitMode)
    RTC_ExitInitMode                         0x08004da1   Thumb Code    14  stm32f4xx_rtc.o(i.RTC_ExitInitMode)
    RTC_GetDate                              0x08004db5   Thumb Code    68  stm32f4xx_rtc.o(i.RTC_GetDate)
    RTC_GetTime                              0x08004e01   Thumb Code    72  stm32f4xx_rtc.o(i.RTC_GetTime)
    RTC_Init                                 0x08004e51   Thumb Code    94  stm32f4xx_rtc.o(i.RTC_Init)
    RTC_ReadBackupRegister                   0x08004eb5   Thumb Code    26  stm32f4xx_rtc.o(i.RTC_ReadBackupRegister)
    RTC_SetDate                              0x08004ed5   Thumb Code   190  stm32f4xx_rtc.o(i.RTC_SetDate)
    RTC_SetTime                              0x08004f9d   Thumb Code   198  stm32f4xx_rtc.o(i.RTC_SetTime)
    RTC_WaitForSynchro                       0x0800506d   Thumb Code    92  stm32f4xx_rtc.o(i.RTC_WaitForSynchro)
    RTC_WriteBackupRegister                  0x080050cd   Thumb Code    24  stm32f4xx_rtc.o(i.RTC_WriteBackupRegister)
    ReadParam                                0x080050e9   Thumb Code   166  mydefine.o(i.ReadParam)
    SDIO_ClearFlag                           0x080052bd   Thumb Code     6  stm32f4xx_sdio.o(i.SDIO_ClearFlag)
    SDIO_ClearITPendingBit                   0x080052c9   Thumb Code     6  stm32f4xx_sdio.o(i.SDIO_ClearITPendingBit)
    SDIO_ClockCmd                            0x080052d5   Thumb Code     6  stm32f4xx_sdio.o(i.SDIO_ClockCmd)
    SDIO_DMACmd                              0x080052e1   Thumb Code     6  stm32f4xx_sdio.o(i.SDIO_DMACmd)
    SDIO_DataConfig                          0x080052ed   Thumb Code    46  stm32f4xx_sdio.o(i.SDIO_DataConfig)
    SDIO_DeInit                              0x08005321   Thumb Code    22  stm32f4xx_sdio.o(i.SDIO_DeInit)
    SDIO_GetCommandResponse                  0x08005339   Thumb Code     8  stm32f4xx_sdio.o(i.SDIO_GetCommandResponse)
    SDIO_GetFlagStatus                       0x08005345   Thumb Code    20  stm32f4xx_sdio.o(i.SDIO_GetFlagStatus)
    SDIO_GetITStatus                         0x0800535d   Thumb Code    20  stm32f4xx_sdio.o(i.SDIO_GetITStatus)
    SDIO_GetPowerState                       0x08005375   Thumb Code    10  stm32f4xx_sdio.o(i.SDIO_GetPowerState)
    SDIO_GetResponse                         0x08005385   Thumb Code    20  stm32f4xx_sdio.o(i.SDIO_GetResponse)
    SDIO_IRQHandler                          0x0800539d   Thumb Code     8  bsp_sdio_sd.o(i.SDIO_IRQHandler)
    SDIO_ITConfig                            0x080053a5   Thumb Code    26  stm32f4xx_sdio.o(i.SDIO_ITConfig)
    SDIO_Init                                0x080053c5   Thumb Code    42  stm32f4xx_sdio.o(i.SDIO_Init)
    SDIO_Interrupts_Config                   0x080053f5   Thumb Code    50  bsp_sdio_sd.o(i.SDIO_Interrupts_Config)
    SDIO_ReadData                            0x08005429   Thumb Code     6  stm32f4xx_sdio.o(i.SDIO_ReadData)
    SDIO_SendCommand                         0x08005435   Thumb Code    40  stm32f4xx_sdio.o(i.SDIO_SendCommand)
    SDIO_SetPowerState                       0x08005461   Thumb Code     6  stm32f4xx_sdio.o(i.SDIO_SetPowerState)
    SD_Detect                                0x08005749   Thumb Code    12  bsp_sdio_sd.o(i.SD_Detect)
    SD_EnableWideBusOperation                0x08005755   Thumb Code   140  bsp_sdio_sd.o(i.SD_EnableWideBusOperation)
    SD_GetCardInfo                           0x080057e9   Thumb Code   780  bsp_sdio_sd.o(i.SD_GetCardInfo)
    SD_GetState                              0x08005b05   Thumb Code    38  bsp_sdio_sd.o(i.SD_GetState)
    SD_GetStatus                             0x08005b2b   Thumb Code    30  bsp_sdio_sd.o(i.SD_GetStatus)
    SD_Init                                  0x08005b49   Thumb Code   132  bsp_sdio_sd.o(i.SD_Init)
    SD_InitializeCards                       0x08005bd5   Thumb Code   294  bsp_sdio_sd.o(i.SD_InitializeCards)
    SD_LowLevel_DMA_RxConfig                 0x08005d11   Thumb Code   122  bsp_sdio_sd.o(i.SD_LowLevel_DMA_RxConfig)
    SD_LowLevel_DMA_TxConfig                 0x08005d95   Thumb Code   124  bsp_sdio_sd.o(i.SD_LowLevel_DMA_TxConfig)
    SD_LowLevel_Init                         0x08005e19   Thumb Code   180  bsp_sdio_sd.o(i.SD_LowLevel_Init)
    SD_PowerON                               0x08005ed9   Thumb Code   400  bsp_sdio_sd.o(i.SD_PowerON)
    SD_ProcessDMAIRQ                         0x08006079   Thumb Code    26  bsp_sdio_sd.o(i.SD_ProcessDMAIRQ)
    SD_ProcessIRQSrc                         0x08006099   Thumb Code   162  bsp_sdio_sd.o(i.SD_ProcessIRQSrc)
    SD_ReadBlock                             0x08006145   Thumb Code   210  bsp_sdio_sd.o(i.SD_ReadBlock)
    SD_ReadMultiBlocks                       0x08006235   Thumb Code   220  bsp_sdio_sd.o(i.SD_ReadMultiBlocks)
    SD_SelectDeselect                        0x0800632d   Thumb Code    50  bsp_sdio_sd.o(i.SD_SelectDeselect)
    SD_SendStatus                            0x08006365   Thumb Code    74  bsp_sdio_sd.o(i.SD_SendStatus)
    SD_StopTransfer                          0x080063b9   Thumb Code    46  bsp_sdio_sd.o(i.SD_StopTransfer)
    SD_WaitReadOperation                     0x080063ed   Thumb Code   120  bsp_sdio_sd.o(i.SD_WaitReadOperation)
    SD_WriteBlock                            0x08006479   Thumb Code   208  bsp_sdio_sd.o(i.SD_WriteBlock)
    SD_WriteMultiBlocks                      0x08006565   Thumb Code   312  bsp_sdio_sd.o(i.SD_WriteMultiBlocks)
    SPI_Cmd                                  0x080066bd   Thumb Code    24  stm32f4xx_spi.o(i.SPI_Cmd)
    SPI_I2S_DMACmd                           0x080066d5   Thumb Code    18  stm32f4xx_spi.o(i.SPI_I2S_DMACmd)
    SPI_I2S_GetFlagStatus                    0x080066e7   Thumb Code    18  stm32f4xx_spi.o(i.SPI_I2S_GetFlagStatus)
    SPI_I2S_ReceiveData                      0x080066f9   Thumb Code     6  stm32f4xx_spi.o(i.SPI_I2S_ReceiveData)
    SPI_I2S_SendData                         0x080066ff   Thumb Code     4  stm32f4xx_spi.o(i.SPI_I2S_SendData)
    SPI_Init                                 0x08006703   Thumb Code    60  stm32f4xx_spi.o(i.SPI_Init)
    SYSCFG_EXTILineConfig                    0x08006741   Thumb Code    60  stm32f4xx_syscfg.o(i.SYSCFG_EXTILineConfig)
    SaveWave                                 0x08006781   Thumb Code   134  bsp_ad7606.o(i.SaveWave)
    SelRouteCalTask                          0x08006815   Thumb Code   916  arithmetic.o(i.SelRouteCalTask)
    SysGetTime                               0x08006cf1   Thumb Code   108  mydefine.o(i.SysGetTime)
    SysSetTime                               0x08006d65   Thumb Code    64  mydefine.o(i.SysSetTime)
    SysTick_Handler                          0x08006db1   Thumb Code     8  stm32f4xx_it.o(i.SysTick_Handler)
    SysTick_ISR                              0x08006db9   Thumb Code   106  bsp_timer.o(i.SysTick_ISR)
    SystemCoreClockUpdate                    0x08006e39   Thumb Code   170  system_stm32f4xx.o(i.SystemCoreClockUpdate)
    SystemInit                               0x08006ef9   Thumb Code    88  system_stm32f4xx.o(i.SystemInit)
    TIM2_IRQHandler                          0x08006f61   Thumb Code   140  bsp_timer.o(i.TIM2_IRQHandler)
    TIM_ARRPreloadConfig                     0x08006ffd   Thumb Code    24  stm32f4xx_tim.o(i.TIM_ARRPreloadConfig)
    TIM_ClearITPendingBit                    0x08007015   Thumb Code     6  stm32f4xx_tim.o(i.TIM_ClearITPendingBit)
    TIM_Cmd                                  0x0800701b   Thumb Code    24  stm32f4xx_tim.o(i.TIM_Cmd)
    TIM_CtrlPWMOutputs                       0x08007033   Thumb Code    30  stm32f4xx_tim.o(i.TIM_CtrlPWMOutputs)
    TIM_GetITStatus                          0x08007051   Thumb Code    34  stm32f4xx_tim.o(i.TIM_GetITStatus)
    TIM_ITConfig                             0x08007073   Thumb Code    18  stm32f4xx_tim.o(i.TIM_ITConfig)
    TIM_OC1Init                              0x08007085   Thumb Code   114  stm32f4xx_tim.o(i.TIM_OC1Init)
    TIM_OC1PreloadConfig                     0x08007101   Thumb Code    18  stm32f4xx_tim.o(i.TIM_OC1PreloadConfig)
    TIM_OC2Init                              0x08007115   Thumb Code   154  stm32f4xx_tim.o(i.TIM_OC2Init)
    TIM_OC2PreloadConfig                     0x080071b9   Thumb Code    26  stm32f4xx_tim.o(i.TIM_OC2PreloadConfig)
    TIM_OC3Init                              0x080071d5   Thumb Code   150  stm32f4xx_tim.o(i.TIM_OC3Init)
    TIM_OC3PreloadConfig                     0x08007275   Thumb Code    18  stm32f4xx_tim.o(i.TIM_OC3PreloadConfig)
    TIM_OC4Init                              0x08007289   Thumb Code   112  stm32f4xx_tim.o(i.TIM_OC4Init)
    TIM_OC4PreloadConfig                     0x08007301   Thumb Code    26  stm32f4xx_tim.o(i.TIM_OC4PreloadConfig)
    TIM_TimeBaseInit                         0x0800731d   Thumb Code   104  stm32f4xx_tim.o(i.TIM_TimeBaseInit)
    USART2_IRQHandler                        0x080073a1   Thumb Code     2  stm32f4xx_it.o(i.USART2_IRQHandler)
    USART_ClearFlag                          0x080073a3   Thumb Code    18  stm32f4xx_usart.o(i.USART_ClearFlag)
    USART_Cmd                                0x080073b5   Thumb Code    24  stm32f4xx_usart.o(i.USART_Cmd)
    USART_DMACmd                             0x080073cd   Thumb Code    18  stm32f4xx_usart.o(i.USART_DMACmd)
    USART_GetFlagStatus                      0x080073df   Thumb Code    26  stm32f4xx_usart.o(i.USART_GetFlagStatus)
    USART_Init                               0x080073f9   Thumb Code   204  stm32f4xx_usart.o(i.USART_Init)
    USART_SendData                           0x080074cd   Thumb Code     8  stm32f4xx_usart.o(i.USART_SendData)
    UsageFault_Handler                       0x080074d5   Thumb Code     4  stm32f4xx_it.o(i.UsageFault_Handler)
    Usart2DMATxIRQ                           0x080074d9   Thumb Code    28  bsp_moduletomodule.o(i.Usart2DMATxIRQ)
    Usart2Send                               0x08007501   Thumb Code    88  bsp_moduletomodule.o(i.Usart2Send)
    WriteParam                               0x08007569   Thumb Code    36  mydefine.o(i.WriteParam)
    __0printf$8                              0x08007595   Thumb Code    22  printf8.o(i.__0printf$8)
    __1printf$8                              0x08007595   Thumb Code     0  printf8.o(i.__0printf$8)
    __2printf                                0x08007595   Thumb Code     0  printf8.o(i.__0printf$8)
    __hardfp_fabs                            0x080075b5   Thumb Code    20  fabs.o(i.__hardfp_fabs)
    __hardfp_sqrt                            0x080075c9   Thumb Code   122  sqrt.o(i.__hardfp_sqrt)
    __scatterload_copy                       0x08007643   Thumb Code    14  handlers.o(i.__scatterload_copy)
    __scatterload_null                       0x08007651   Thumb Code     2  handlers.o(i.__scatterload_null)
    __scatterload_zeroinit                   0x08007653   Thumb Code    14  handlers.o(i.__scatterload_zeroinit)
    __set_errno                              0x08007669   Thumb Code     6  errno.o(i.__set_errno)
    bsp_ConfigGpioOut                        0x08007ad7   Thumb Code    54  bsp_tim_pwm.o(i.bsp_ConfigGpioOut)
    bsp_ConfigTimGpio                        0x08007b0d   Thumb Code   150  bsp_tim_pwm.o(i.bsp_ConfigTimGpio)
    bsp_DelayMS                              0x08007bb9   Thumb Code    58  bsp_timer.o(i.bsp_DelayMS)
    bsp_GetAFofTIM                           0x08007bfd   Thumb Code   144  bsp_tim_pwm.o(i.bsp_GetAFofTIM)
    bsp_GetPinSource                         0x08007cb9   Thumb Code   146  bsp_tim_pwm.o(i.bsp_GetPinSource)
    bsp_GetRCCofGPIO                         0x08007d4d   Thumb Code    94  bsp_tim_pwm.o(i.bsp_GetRCCofGPIO)
    bsp_GetRCCofTIM                          0x08007dd1   Thumb Code   150  bsp_tim_pwm.o(i.bsp_GetRCCofTIM)
    bsp_Idle                                 0x08007e9d   Thumb Code     2  bsp.o(i.bsp_Idle)
    bsp_Init                                 0x08007ea1   Thumb Code   128  bsp.o(i.bsp_Init)
    bsp_InitAD7606                           0x08007f2d   Thumb Code    36  bsp_ad7606.o(i.bsp_InitAD7606)
    bsp_InitDWT                              0x08007f59   Thumb Code    30  bsp_dwt.o(i.bsp_InitDWT)
    bsp_InitExtIO                            0x08007f81   Thumb Code     8  bsp_ext_io.o(i.bsp_InitExtIO)
    bsp_InitExtSDRAM                         0x08007f89   Thumb Code   104  bsp_fmc_sdram.o(i.bsp_InitExtSDRAM)
    bsp_InitHardTimer                        0x08007ff1   Thumb Code    94  bsp_timer.o(i.bsp_InitHardTimer)
    bsp_InitI2C                              0x08008059   Thumb Code    52  bsp_i2c_gpio.o(i.bsp_InitI2C)
    bsp_InitRTC                              0x08008091   Thumb Code    62  bsp_rtc.o(i.bsp_InitRTC)
    bsp_InitSFlash                           0x080080cf   Thumb Code    48  bsp_spi_flash.o(i.bsp_InitSFlash)
    bsp_InitTimer                            0x08008101   Thumb Code   140  bsp_timer.o(i.bsp_InitTimer)
    bsp_InitUart                             0x0800819d   Thumb Code     8  bsp_uart_fifo.o(i.bsp_InitUart)
    bsp_RunPer10ms                           0x080081a5   Thumb Code     2  bsp.o(i.bsp_RunPer10ms)
    bsp_SPI_Init                             0x080081a9   Thumb Code    40  bsp_spi_bus.o(i.bsp_SPI_Init)
    bsp_SetTIMOutPWM                         0x080081d5   Thumb Code   416  bsp_tim_pwm.o(i.bsp_SetTIMOutPWM)
    bsp_SpiBusEnter                          0x080083a9   Thumb Code     8  bsp_spi_bus.o(i.bsp_SpiBusEnter)
    bsp_SpiBusExit                           0x080083b5   Thumb Code     8  bsp_spi_bus.o(i.bsp_SpiBusExit)
    bsp_spiRead1                             0x080083c1   Thumb Code    64  bsp_spi_bus.o(i.bsp_spiRead1)
    bsp_spiWrite1                            0x08008405   Thumb Code    62  bsp_spi_bus.o(i.bsp_spiWrite1)
    clust2sect                               0x08008571   Thumb Code    26  ff.o(i.clust2sect)
    disk_initialize                          0x08008dbf   Thumb Code    62  diskio.o(i.disk_initialize)
    disk_ioctl                               0x08008dfd   Thumb Code    96  diskio.o(i.disk_ioctl)
    disk_read                                0x08008e5d   Thumb Code   154  diskio.o(i.disk_read)
    disk_status                              0x08008ef7   Thumb Code    34  diskio.o(i.disk_status)
    disk_write                               0x08008f19   Thumb Code   184  diskio.o(i.disk_write)
    f_close                                  0x080090b1   Thumb Code    42  ff.o(i.f_close)
    f_closedir                               0x080090db   Thumb Code    36  ff.o(i.f_closedir)
    f_mkfs                                   0x08009101   Thumb Code  1230  ff.o(i.f_mkfs)
    f_mount                                  0x080095d9   Thumb Code    92  ff.o(i.f_mount)
    f_open                                   0x08009639   Thumb Code   376  ff.o(i.f_open)
    f_opendir                                0x080097b1   Thumb Code   148  ff.o(i.f_opendir)
    f_read                                   0x08009845   Thumb Code   416  ff.o(i.f_read)
    f_sync                                   0x080099e5   Thumb Code   142  ff.o(i.f_sync)
    ff_convert                               0x08009a75   Thumb Code   116  cc936.o(i.ff_convert)
    ff_wtoupper                              0x08009af1   Thumb Code    46  cc936.o(i.ff_wtoupper)
    fputc                                    0x08009ea5   Thumb Code    32  bsp_uart_fifo.o(i.fputc)
    get_fat                                  0x08009f91   Thumb Code   212  ff.o(i.get_fat)
    get_fattime                              0x0800a065   Thumb Code    68  diskio.o(i.get_fattime)
    i2c_Stop                                 0x0800a105   Thumb Code    40  bsp_i2c_gpio.o(i.i2c_Stop)
    main                                     0x0800a221   Thumb Code   158  main.o(i.main)
    put_fat                                  0x0800a363   Thumb Code   262  ff.o(i.put_fat)
    sf_EraseSector                           0x0800a6f9   Thumb Code    60  bsp_spi_flash.o(i.sf_EraseSector)
    sf_PageWrite                             0x0800a75d   Thumb Code   306  bsp_spi_flash.o(i.sf_PageWrite)
    sf_ReadBuffer                            0x0800a899   Thumb Code    90  bsp_spi_flash.o(i.sf_ReadBuffer)
    sf_ReadID                                0x0800a8f9   Thumb Code    56  bsp_spi_flash.o(i.sf_ReadID)
    sf_ReadInfo                              0x0800a931   Thumb Code   162  bsp_spi_flash.o(i.sf_ReadInfo)
    sf_SetAddressMode                        0x0800aa25   Thumb Code    92  bsp_spi_flash.o(i.sf_SetAddressMode)
    sf_WriteBuffer                           0x0800aad1   Thumb Code   366  bsp_spi_flash.o(i.sf_WriteBuffer)
    radical3                                 0x0800adf0   Data           4  mydefine.o(.constdata)
    radical2                                 0x0800adf4   Data           4  mydefine.o(.constdata)
    Ver                                      0x0800adf8   Data           6  mydefine.o(.constdata)
    Region$$Table$$Base                      0x08035dd4   Number         0  anon$$obj.o(Region$$Table)
    Region$$Table$$Limit                     0x08035df4   Number         0  anon$$obj.o(Region$$Table)
    PoramFlag                                0x20000000   Data           1  mydefine.o(.data)
    ComData                                  0x20000001   Data           3  mydefine.o(.data)
    ADCFifo                                  0x20000004   Data           4  mydefine.o(.data)
    FaultFifo_pt                             0x20000008   Data           1  mydefine.o(.data)
    ADCWholeVar                              0x2000000c   Data           4  mydefine.o(.data)
    SystemState                              0x20000010   Data           4  mydefine.o(.data)
    uSCount                                  0x20000014   Data           2  mydefine.o(.data)
    WholeBit                                 0x20000016   Data           1  mydefine.o(.data)
    Membuf                                   0x20000018   Data           4  mydefine.o(.data)
    TableFFT                                 0x2000001e   Data        4080  arithmetic.o(.data)
    g_iRunTime                               0x20001018   Data           4  bsp_timer.o(.data)
    RS232bt                                  0x2000102e   Data           2  bsp_uart_fifo.o(.data)
    RS232TXbuflen                            0x20001030   Data           2  bsp_uart_fifo.o(.data)
    StopCondition                            0x20001040   Data           4  bsp_sdio_sd.o(.data)
    TransferError                            0x20001044   Data           1  bsp_sdio_sd.o(.data)
    TransferEnd                              0x20001048   Data           4  bsp_sdio_sd.o(.data)
    RTC_TimeStructure                        0x2000104c   Data           4  bsp_rtc.o(.data)
    RTC_DateStructure                        0x20001050   Data           4  bsp_rtc.o(.data)
    g_spi_busy                               0x20001058   Data           1  bsp_spi_bus.o(.data)
    ModuleGlobal                             0x2000105c   Data           4  bsp_moduletomodule.o(.data)
    ModuleTxFlag                             0x20001060   Data           1  bsp_moduletomodule.o(.data)
    SystemCoreClock                          0x2000107c   Data           4  system_stm32f4xx.o(.data)
    AHBPrescTable                            0x20001080   Data          16  system_stm32f4xx.o(.data)
    __stdout                                 0x20001094   Data           4  stdout.o(.data)
    PoramData                                0x2000109c   Data          68  mydefine.o(.bss)
    NandCfgData                              0x200010e0   Data          12  mydefine.o(.bss)
    FaultFifo                                0x200010ec   Data         120  mydefine.o(.bss)
    SystemTime                               0x20001164   Data          12  mydefine.o(.bss)
    ChipICID                                 0x20001170   Data          16  mydefine.o(.bss)
    nand_info                                0x20001180   Data          32  mydefine.o(.bss)
    lBUFIN                                   0x200011a0   Data        1024  arithmetic.o(.bss)
    lBUFOUT                                  0x200015a0   Data        1024  arithmetic.o(.bss)
    lBUFMAG                                  0x200019a0   Data        1024  arithmetic.o(.bss)
    ADCParameter                             0x20001da0   Data          40  arithmetic.o(.bss)
    RS232RXbuf                               0x20001df8   Data         512  bsp_uart_fifo.o(.bss)
    RS232TXbuf                               0x20001ff8   Data         512  bsp_uart_fifo.o(.bss)
    SDCardInfo                               0x20002228   Data          88  bsp_sdio_sd.o(.bss)
    SDIO_InitStructure                       0x20002280   Data          24  bsp_sdio_sd.o(.bss)
    SDIO_CmdInitStructure                    0x20002298   Data          20  bsp_sdio_sd.o(.bss)
    SDIO_DataInitStructure                   0x200022ac   Data          24  bsp_sdio_sd.o(.bss)
    g_tSF                                    0x200022c4   Data          28  bsp_spi_flash.o(.bss)
    __initial_sp                             0x20008350   Data           0  startup_stm32f429_439xx.o(STACK)



==============================================================================

Memory Map of the image

  Image Entry point : 0x080001ad

  Load Region LR_IROM1 (Base: 0x08000000, Size: 0x00036e90, Max: 0x00200000, ABSOLUTE, COMPRESSED[0x00036a34])

    Execution Region ER_IROM1 (Base: 0x08000000, Size: 0x00035df4, Max: 0x00200000, ABSOLUTE)

    Base Addr    Size         Type   Attr      Idx    E Section Name        Object

    0x08000000   0x000001ac   Data   RO         2168    RESET               startup_stm32f429_439xx.o
    0x080001ac   0x00000000   Code   RO         5433  * .ARM.Collect$$$$00000000  mc_w.l(entry.o)
    0x080001ac   0x00000004   Code   RO         5719    .ARM.Collect$$$$00000001  mc_w.l(entry2.o)
    0x080001b0   0x00000004   Code   RO         5722    .ARM.Collect$$$$00000004  mc_w.l(entry5.o)
    0x080001b4   0x00000000   Code   RO         5724    .ARM.Collect$$$$00000008  mc_w.l(entry7b.o)
    0x080001b4   0x00000000   Code   RO         5726    .ARM.Collect$$$$0000000A  mc_w.l(entry8b.o)
    0x080001b4   0x00000008   Code   RO         5727    .ARM.Collect$$$$0000000B  mc_w.l(entry9a.o)
    0x080001bc   0x00000000   Code   RO         5729    .ARM.Collect$$$$0000000D  mc_w.l(entry10a.o)
    0x080001bc   0x00000000   Code   RO         5731    .ARM.Collect$$$$0000000F  mc_w.l(entry11a.o)
    0x080001bc   0x00000004   Code   RO         5720    .ARM.Collect$$$$00002712  mc_w.l(entry2.o)
    0x080001c0   0x000005de   Code   RO          377    .text               cr4_fft_256_stm32.o
    0x0800079e   0x00000002   PAD
    0x080007a0   0x000002ce   Code   RO          454    .text               cr4_fft_64_stm32.o
    0x08000a6e   0x00000002   PAD
    0x08000a70   0x00000024   Code   RO         2169    .text               startup_stm32f429_439xx.o
    0x08000a94   0x00000062   Code   RO         5436    .text               mc_w.l(uldiv.o)
    0x08000af6   0x00000024   Code   RO         5438    .text               mc_w.l(memcpya.o)
    0x08000b1a   0x00000024   Code   RO         5440    .text               mc_w.l(memseta.o)
    0x08000b3e   0x0000001a   Code   RO         5442    .text               mc_w.l(memcmp.o)
    0x08000b58   0x00000012   Code   RO         5444    .text               mc_w.l(strcpy.o)
    0x08000b6a   0x000000e4   Code   RO         5709    .text               mf_w.l(dmul.o)
    0x08000c4e   0x000000de   Code   RO         5711    .text               mf_w.l(ddiv.o)
    0x08000d2c   0x00000022   Code   RO         5713    .text               mf_w.l(dflti.o)
    0x08000d4e   0x00000026   Code   RO         5715    .text               mf_w.l(f2d.o)
    0x08000d74   0x00000038   Code   RO         5717    .text               mf_w.l(d2f.o)
    0x08000dac   0x0000001e   Code   RO         5736    .text               mc_w.l(llshl.o)
    0x08000dca   0x00000020   Code   RO         5738    .text               mc_w.l(llushr.o)
    0x08000dea   0x00000000   Code   RO         5747    .text               mc_w.l(iusefp.o)
    0x08000dea   0x0000006e   Code   RO         5748    .text               mf_w.l(fepilogue.o)
    0x08000e58   0x000000ba   Code   RO         5750    .text               mf_w.l(depilogue.o)
    0x08000f12   0x000000a2   Code   RO         5754    .text               mf_w.l(dsqrt.o)
    0x08000fb4   0x00000024   Code   RO         5762    .text               mc_w.l(init.o)
    0x08000fd8   0x0000005e   Code   RO         5774    .text               mc_w.l(__dclz77c.o)
    0x08001036   0x00000002   PAD
    0x08001038   0x0000006c   Code   RO         1568    i.AD7606_EnterAutoMode  bsp_ad7606.o
    0x080010a4   0x00000060   Code   RO         1569    i.AD7606_FSMCConfig  bsp_ad7606.o
    0x08001104   0x000001c4   Code   RO         1570    i.AD7606_ISR        bsp_ad7606.o
    0x080012c8   0x0000002c   Code   RO         1571    i.AD7606_Reset      bsp_ad7606.o
    0x080012f4   0x00000024   Code   RO         1572    i.AD7606_SetInputRange  bsp_ad7606.o
    0x08001318   0x00000024   Code   RO         1573    i.AD7606_StartConvst  bsp_ad7606.o
    0x0800133c   0x00000018   Code   RO         1574    i.AD7606_StartRecord  bsp_ad7606.o
    0x08001354   0x00000038   Code   RO         1575    i.AD7606_StopRecord  bsp_ad7606.o
    0x0800138c   0x0000002c   Code   RO         1576    i.ADCVerification   bsp_ad7606.o
    0x080013b8   0x00000004   Code   RO          813    i.BusFault_Handler  stm32f4xx_it.o
    0x080013bc   0x00000030   Code   RO          253    i.CRC_GetModbus16   mydefine.o
    0x080013ec   0x00000016   Code   RO         1058    i.ClrSDRAM          bsp_fmc_sdram.o
    0x08001402   0x0000002c   Code   RO         1199    i.CmdError          bsp_sdio_sd.o
    0x0800142e   0x00000002   PAD
    0x08001430   0x00000134   Code   RO         1200    i.CmdResp1Error     bsp_sdio_sd.o
    0x08001564   0x0000004c   Code   RO         1201    i.CmdResp2Error     bsp_sdio_sd.o
    0x080015b0   0x00000038   Code   RO         1202    i.CmdResp3Error     bsp_sdio_sd.o
    0x080015e8   0x0000009c   Code   RO         1203    i.CmdResp6Error     bsp_sdio_sd.o
    0x08001684   0x0000004c   Code   RO         1204    i.CmdResp7Error     bsp_sdio_sd.o
    0x080016d0   0x0000061c   Code   RO          784    i.ConfirgureIO      bsp_ext_io.o
    0x08001cec   0x00000008   Code   RO          814    i.DMA1_Stream4_IRQHandler  stm32f4xx_it.o
    0x08001cf4   0x00000008   Code   RO          815    i.DMA1_Stream6_IRQHandler  stm32f4xx_it.o
    0x08001cfc   0x00000008   Code   RO         1205    i.DMA2_Stream3_IRQHandler  bsp_sdio_sd.o
    0x08001d04   0x00000034   Code   RO         4061    i.DMA_ClearFlag     stm32f4xx_dma.o
    0x08001d38   0x00000016   Code   RO         4063    i.DMA_Cmd           stm32f4xx_dma.o
    0x08001d4e   0x00000002   PAD
    0x08001d50   0x00000158   Code   RO         4064    i.DMA_DeInit        stm32f4xx_dma.o
    0x08001ea8   0x00000016   Code   RO         4067    i.DMA_FlowControllerConfig  stm32f4xx_dma.o
    0x08001ebe   0x00000014   Code   RO         4068    i.DMA_GetCmdStatus  stm32f4xx_dma.o
    0x08001ed2   0x00000008   Code   RO         4069    i.DMA_GetCurrDataCounter  stm32f4xx_dma.o
    0x08001eda   0x00000002   PAD
    0x08001edc   0x00000044   Code   RO         4072    i.DMA_GetFlagStatus  stm32f4xx_dma.o
    0x08001f20   0x0000003a   Code   RO         4074    i.DMA_ITConfig      stm32f4xx_dma.o
    0x08001f5a   0x00000002   PAD
    0x08001f5c   0x00000058   Code   RO         4075    i.DMA_Init          stm32f4xx_dma.o
    0x08001fb4   0x00000004   Code   RO         4078    i.DMA_SetCurrDataCounter  stm32f4xx_dma.o
    0x08001fb8   0x00000002   Code   RO          816    i.DebugMon_Handler  stm32f4xx_it.o
    0x08001fba   0x00000002   Code   RO          817    i.EXTI15_10_IRQHandler  stm32f4xx_it.o
    0x08001fbc   0x0000000e   Code   RO          818    i.EXTI1_IRQHandler  stm32f4xx_it.o
    0x08001fca   0x00000002   PAD
    0x08001fcc   0x0000000c   Code   RO         4678    i.EXTI_ClearITPendingBit  stm32f4xx_exti.o
    0x08001fd8   0x00000094   Code   RO         4683    i.EXTI_Init         stm32f4xx_exti.o
    0x0800206c   0x00000044   Code   RO          383    i.Elec_Display      arithmetic.o
    0x080020b0   0x0000015c   Code   RO          384    i.FFT_VerifyDisplay  arithmetic.o
    0x0800220c   0x00000012   Code   RO          254    i.FIFO_Backpointer  mydefine.o
    0x0800221e   0x00000014   Code   RO          256    i.FIFO_length       mydefine.o
    0x08002232   0x00000014   Code   RO          257    i.FIFO_pointer      mydefine.o
    0x08002246   0x00000002   PAD
    0x08002248   0x00000048   Code   RO         2667    i.FMC_GetFlagStatus  stm32f4xx_fmc.o
    0x08002290   0x0000005c   Code   RO         2671    i.FMC_NANDCmd       stm32f4xx_fmc.o
    0x080022ec   0x000000d4   Code   RO         2674    i.FMC_NANDInit      stm32f4xx_fmc.o
    0x080023c0   0x00000078   Code   RO         1922    i.FMC_NAND_CompPage  bsp_nand_flash.o
    0x08002438   0x00000028   Code   RO         1923    i.FMC_NAND_EraseBlock  bsp_nand_flash.o
    0x08002460   0x00000028   Code   RO         1924    i.FMC_NAND_GetStatus  bsp_nand_flash.o
    0x08002488   0x00000150   Code   RO         1925    i.FMC_NAND_Init     bsp_nand_flash.o
    0x080025d8   0x000000f0   Code   RO         1926    i.FMC_NAND_PageCopyBack  bsp_nand_flash.o
    0x080026c8   0x00000114   Code   RO         1927    i.FMC_NAND_PageCopyBackEx  bsp_nand_flash.o
    0x080027dc   0x00000050   Code   RO         1928    i.FMC_NAND_ReadData  bsp_nand_flash.o
    0x0800282c   0x00000070   Code   RO         1929    i.FMC_NAND_ReadPage  bsp_nand_flash.o
    0x0800289c   0x00000054   Code   RO         1930    i.FMC_NAND_ReadSpare  bsp_nand_flash.o
    0x080028f0   0x0000002c   Code   RO         1931    i.FMC_NAND_ReadStatus  bsp_nand_flash.o
    0x0800291c   0x0000001c   Code   RO         1932    i.FMC_NAND_Reset    bsp_nand_flash.o
    0x08002938   0x00000054   Code   RO         1933    i.FMC_NAND_WriteData  bsp_nand_flash.o
    0x0800298c   0x00000138   Code   RO         1934    i.FMC_NAND_WritePage  bsp_nand_flash.o
    0x08002ac4   0x00000054   Code   RO         1935    i.FMC_NAND_WriteSpare  bsp_nand_flash.o
    0x08002b18   0x00000034   Code   RO         2676    i.FMC_NORSRAMCmd    stm32f4xx_fmc.o
    0x08002b4c   0x00000140   Code   RO         2678    i.FMC_NORSRAMInit   stm32f4xx_fmc.o
    0x08002c8c   0x00000020   Code   RO         2684    i.FMC_SDRAMCmdConfig  stm32f4xx_fmc.o
    0x08002cac   0x00000144   Code   RO         2686    i.FMC_SDRAMInit     stm32f4xx_fmc.o
    0x08002df0   0x00000018   Code   RO         2690    i.FMC_SetRefreshCount  stm32f4xx_fmc.o
    0x08002e08   0x000001a4   Code   RO          385    i.FaskCalTask       arithmetic.o
    0x08002fac   0x00000194   Code   RO         1206    i.FindSCR           bsp_sdio_sd.o
    0x08003140   0x00000090   Code   RO         2225    i.GPIO_Init         stm32f4xx_gpio.o
    0x080031d0   0x00000046   Code   RO         2226    i.GPIO_PinAFConfig  stm32f4xx_gpio.o
    0x08003216   0x00000012   Code   RO         2229    i.GPIO_ReadInputDataBit  stm32f4xx_gpio.o
    0x08003228   0x00000012   Code   RO         2231    i.GPIO_ReadOutputDataBit  stm32f4xx_gpio.o
    0x0800323a   0x00000004   Code   RO         2232    i.GPIO_ResetBits    stm32f4xx_gpio.o
    0x0800323e   0x00000004   Code   RO         2233    i.GPIO_SetBits      stm32f4xx_gpio.o
    0x08003242   0x0000000a   Code   RO         2237    i.GPIO_WriteBit     stm32f4xx_gpio.o
    0x0800324c   0x00000024   Code   RO          259    i.GetRevCrc_16      mydefine.o
    0x08003270   0x00000058   Code   RO          819    i.HardFault_Handler  stm32f4xx_it.o
    0x080032c8   0x00000010   Code   RO         4911    i.IWDG_Enable       stm32f4xx_iwdg.o
    0x080032d8   0x00000010   Code   RO         4913    i.IWDG_ReloadCounter  stm32f4xx_iwdg.o
    0x080032e8   0x0000000c   Code   RO         4914    i.IWDG_SetPrescaler  stm32f4xx_iwdg.o
    0x080032f4   0x0000000c   Code   RO         4915    i.IWDG_SetReload    stm32f4xx_iwdg.o
    0x08003300   0x0000000c   Code   RO         4916    i.IWDG_WriteAccessCmd  stm32f4xx_iwdg.o
    0x0800330c   0x00000130   Code   RO          906    i.InitHardUart      bsp_uart_fifo.o
    0x0800343c   0x000000c8   Code   RO          261    i.InitSaveNand      mydefine.o
    0x08003504   0x00000044   Code   RO          262    i.KeyScan           mydefine.o
    0x08003548   0x00000004   Code   RO          820    i.MemManage_Handler  stm32f4xx_it.o
    0x0800354c   0x00000260   Code   RO         1850    i.ModuleComInit     bsp_moduletomodule.o
    0x080037ac   0x00000314   Code   RO         1851    i.ModuleSPITXTask   bsp_moduletomodule.o
    0x08003ac0   0x00000074   Code   RO         1852    i.ModuleSPITxStart  bsp_moduletomodule.o
    0x08003b34   0x00000038   Code   RO         1853    i.ModuleSPITxStartIRQ  bsp_moduletomodule.o
    0x08003b6c   0x000003d0   Code   RO         1854    i.ModuleTask        bsp_moduletomodule.o
    0x08003f3c   0x0000012c   Code   RO         1855    i.ModuleUartTXTask  bsp_moduletomodule.o
    0x08004068   0x000000c4   Code   RO         1937    i.NAND_BuildLUT     bsp_nand_flash.o
    0x0800412c   0x00000042   Code   RO         1942    i.NAND_FindFreeBlock  bsp_nand_flash.o
    0x0800416e   0x00000082   Code   RO         1943    i.NAND_Format       bsp_nand_flash.o
    0x080041f0   0x0000012c   Code   RO         1945    i.NAND_GetBlockInfo  bsp_nand_flash.o
    0x0800431c   0x00000014   Code   RO         1946    i.NAND_Init         bsp_nand_flash.o
    0x08004330   0x0000003c   Code   RO         1947    i.NAND_IsBadBlock   bsp_nand_flash.o
    0x0800436c   0x0000002c   Code   RO         1949    i.NAND_IsFreeBlock  bsp_nand_flash.o
    0x08004398   0x00000024   Code   RO         1950    i.NAND_LBNtoPBN     bsp_nand_flash.o
    0x080043bc   0x00000048   Code   RO         1951    i.NAND_MarkBadBlock  bsp_nand_flash.o
    0x08004404   0x00000020   Code   RO         1952    i.NAND_MarkUsedBlock  bsp_nand_flash.o
    0x08004424   0x00000040   Code   RO         1954    i.NAND_ReadID       bsp_nand_flash.o
    0x08004464   0x000000d0   Code   RO         1955    i.NAND_ReadMultiSectors  bsp_nand_flash.o
    0x08004534   0x00000204   Code   RO         1961    i.NAND_WriteMultiSectors  bsp_nand_flash.o
    0x08004738   0x000001e0   Code   RO         1962    i.NAND_WriteToNewBlock  bsp_nand_flash.o
    0x08004918   0x00000002   Code   RO          821    i.NMI_Handler       stm32f4xx_it.o
    0x0800491a   0x00000002   PAD
    0x0800491c   0x00000078   Code   RO         2176    i.NVIC_Init         misc.o
    0x08004994   0x00000014   Code   RO         2177    i.NVIC_PriorityGroupConfig  misc.o
    0x080049a8   0x0000000c   Code   RO         4551    i.PWR_BackupAccessCmd  stm32f4xx_pwr.o
    0x080049b4   0x00000020   Code   RO         2326    i.RCC_AHB1PeriphClockCmd  stm32f4xx_rcc.o
    0x080049d4   0x00000020   Code   RO         2332    i.RCC_AHB3PeriphClockCmd  stm32f4xx_rcc.o
    0x080049f4   0x00000020   Code   RO         2335    i.RCC_APB1PeriphClockCmd  stm32f4xx_rcc.o
    0x08004a14   0x00000020   Code   RO         2338    i.RCC_APB2PeriphClockCmd  stm32f4xx_rcc.o
    0x08004a34   0x00000020   Code   RO         2340    i.RCC_APB2PeriphResetCmd  stm32f4xx_rcc.o
    0x08004a54   0x000000e8   Code   RO         2347    i.RCC_GetClocksFreq  stm32f4xx_rcc.o
    0x08004b3c   0x00000040   Code   RO         2348    i.RCC_GetFlagStatus  stm32f4xx_rcc.o
    0x08004b7c   0x0000002c   Code   RO         2356    i.RCC_LSEConfig     stm32f4xx_rcc.o
    0x08004ba8   0x0000000c   Code   RO         2370    i.RCC_RTCCLKCmd     stm32f4xx_rcc.o
    0x08004bb4   0x0000003c   Code   RO         2371    i.RCC_RTCCLKConfig  stm32f4xx_rcc.o
    0x08004bf0   0x00000016   Code   RO         4196    i.RTC_Bcd2ToByte    stm32f4xx_rtc.o
    0x08004c06   0x0000001c   Code   RO         4198    i.RTC_ByteToBcd2    stm32f4xx_rtc.o
    0x08004c22   0x000000be   Code   RO         1526    i.RTC_CalcWeek      bsp_rtc.o
    0x08004ce0   0x00000070   Code   RO         1527    i.RTC_Config        bsp_rtc.o
    0x08004d50   0x00000050   Code   RO         4208    i.RTC_EnterInitMode  stm32f4xx_rtc.o
    0x08004da0   0x00000014   Code   RO         4209    i.RTC_ExitInitMode  stm32f4xx_rtc.o
    0x08004db4   0x0000004c   Code   RO         4212    i.RTC_GetDate       stm32f4xx_rtc.o
    0x08004e00   0x00000050   Code   RO         4217    i.RTC_GetTime       stm32f4xx_rtc.o
    0x08004e50   0x00000064   Code   RO         4222    i.RTC_Init          stm32f4xx_rtc.o
    0x08004eb4   0x00000020   Code   RO         4225    i.RTC_ReadBackupRegister  stm32f4xx_rtc.o
    0x08004ed4   0x000000c8   Code   RO         4228    i.RTC_SetDate       stm32f4xx_rtc.o
    0x08004f9c   0x000000d0   Code   RO         4229    i.RTC_SetTime       stm32f4xx_rtc.o
    0x0800506c   0x00000060   Code   RO         4245    i.RTC_WaitForSynchro  stm32f4xx_rtc.o
    0x080050cc   0x0000001c   Code   RO         4248    i.RTC_WriteBackupRegister  stm32f4xx_rtc.o
    0x080050e8   0x000000b8   Code   RO          263    i.ReadParam         mydefine.o
    0x080051a0   0x0000011c   Code   RO         1208    i.SDEnWideBus       bsp_sdio_sd.o
    0x080052bc   0x0000000c   Code   RO         3864    i.SDIO_ClearFlag    stm32f4xx_sdio.o
    0x080052c8   0x0000000c   Code   RO         3865    i.SDIO_ClearITPendingBit  stm32f4xx_sdio.o
    0x080052d4   0x0000000c   Code   RO         3866    i.SDIO_ClockCmd     stm32f4xx_sdio.o
    0x080052e0   0x0000000c   Code   RO         3869    i.SDIO_DMACmd       stm32f4xx_sdio.o
    0x080052ec   0x00000034   Code   RO         3870    i.SDIO_DataConfig   stm32f4xx_sdio.o
    0x08005320   0x00000016   Code   RO         3872    i.SDIO_DeInit       stm32f4xx_sdio.o
    0x08005336   0x00000002   PAD
    0x08005338   0x0000000c   Code   RO         3873    i.SDIO_GetCommandResponse  stm32f4xx_sdio.o
    0x08005344   0x00000018   Code   RO         3876    i.SDIO_GetFlagStatus  stm32f4xx_sdio.o
    0x0800535c   0x00000018   Code   RO         3877    i.SDIO_GetITStatus  stm32f4xx_sdio.o
    0x08005374   0x00000010   Code   RO         3878    i.SDIO_GetPowerState  stm32f4xx_sdio.o
    0x08005384   0x00000018   Code   RO         3879    i.SDIO_GetResponse  stm32f4xx_sdio.o
    0x0800539c   0x00000008   Code   RO         1209    i.SDIO_IRQHandler   bsp_sdio_sd.o
    0x080053a4   0x00000020   Code   RO         3880    i.SDIO_ITConfig     stm32f4xx_sdio.o
    0x080053c4   0x00000030   Code   RO         3881    i.SDIO_Init         stm32f4xx_sdio.o
    0x080053f4   0x00000032   Code   RO         1210    i.SDIO_Interrupts_Config  bsp_sdio_sd.o
    0x08005426   0x00000002   PAD
    0x08005428   0x0000000c   Code   RO         3882    i.SDIO_ReadData     stm32f4xx_sdio.o
    0x08005434   0x0000002c   Code   RO         3884    i.SDIO_SendCommand  stm32f4xx_sdio.o
    0x08005460   0x0000000c   Code   RO         3886    i.SDIO_SetPowerState  stm32f4xx_sdio.o
    0x0800546c   0x00000200   Code   RO         1060    i.SDRAM_GPIOConfig  bsp_fmc_sdram.o
    0x0800566c   0x000000dc   Code   RO         1061    i.SDRAM_InitSequence  bsp_fmc_sdram.o
    0x08005748   0x0000000c   Code   RO         1212    i.SD_Detect         bsp_sdio_sd.o
    0x08005754   0x00000094   Code   RO         1213    i.SD_EnableWideBusOperation  bsp_sdio_sd.o
    0x080057e8   0x0000031c   Code   RO         1215    i.SD_GetCardInfo    bsp_sdio_sd.o
    0x08005b04   0x00000026   Code   RO         1217    i.SD_GetState       bsp_sdio_sd.o
    0x08005b2a   0x0000001e   Code   RO         1218    i.SD_GetStatus      bsp_sdio_sd.o
    0x08005b48   0x0000008c   Code   RO         1221    i.SD_Init           bsp_sdio_sd.o
    0x08005bd4   0x0000013c   Code   RO         1222    i.SD_InitializeCards  bsp_sdio_sd.o
    0x08005d10   0x00000084   Code   RO         1223    i.SD_LowLevel_DMA_RxConfig  bsp_sdio_sd.o
    0x08005d94   0x00000084   Code   RO         1224    i.SD_LowLevel_DMA_TxConfig  bsp_sdio_sd.o
    0x08005e18   0x000000c0   Code   RO         1226    i.SD_LowLevel_Init  bsp_sdio_sd.o
    0x08005ed8   0x000001a0   Code   RO         1228    i.SD_PowerON        bsp_sdio_sd.o
    0x08006078   0x00000020   Code   RO         1229    i.SD_ProcessDMAIRQ  bsp_sdio_sd.o
    0x08006098   0x000000ac   Code   RO         1230    i.SD_ProcessIRQSrc  bsp_sdio_sd.o
    0x08006144   0x000000f0   Code   RO         1231    i.SD_ReadBlock      bsp_sdio_sd.o
    0x08006234   0x000000f8   Code   RO         1232    i.SD_ReadMultiBlocks  bsp_sdio_sd.o
    0x0800632c   0x00000038   Code   RO         1233    i.SD_SelectDeselect  bsp_sdio_sd.o
    0x08006364   0x00000054   Code   RO         1235    i.SD_SendStatus     bsp_sdio_sd.o
    0x080063b8   0x00000034   Code   RO         1236    i.SD_StopTransfer   bsp_sdio_sd.o
    0x080063ec   0x0000008c   Code   RO         1237    i.SD_WaitReadOperation  bsp_sdio_sd.o
    0x08006478   0x000000ec   Code   RO         1239    i.SD_WriteBlock     bsp_sdio_sd.o
    0x08006564   0x00000158   Code   RO         1240    i.SD_WriteMultiBlocks  bsp_sdio_sd.o
    0x080066bc   0x00000018   Code   RO         4749    i.SPI_Cmd           stm32f4xx_spi.o
    0x080066d4   0x00000012   Code   RO         4755    i.SPI_I2S_DMACmd    stm32f4xx_spi.o
    0x080066e6   0x00000012   Code   RO         4757    i.SPI_I2S_GetFlagStatus  stm32f4xx_spi.o
    0x080066f8   0x00000006   Code   RO         4760    i.SPI_I2S_ReceiveData  stm32f4xx_spi.o
    0x080066fe   0x00000004   Code   RO         4761    i.SPI_I2S_SendData  stm32f4xx_spi.o
    0x08006702   0x0000003c   Code   RO         4762    i.SPI_Init          stm32f4xx_spi.o
    0x0800673e   0x00000002   PAD
    0x08006740   0x00000040   Code   RO         3806    i.SYSCFG_EXTILineConfig  stm32f4xx_syscfg.o
    0x08006780   0x00000094   Code   RO         1577    i.SaveWave          bsp_ad7606.o
    0x08006814   0x000003bc   Code   RO          387    i.SelRouteCalTask   arithmetic.o
    0x08006bd0   0x00000120   Code   RO         4965    i.SetSysClock       system_stm32f4xx.o
    0x08006cf0   0x00000074   Code   RO          266    i.SysGetTime        mydefine.o
    0x08006d64   0x0000004c   Code   RO          267    i.SysSetTime        mydefine.o
    0x08006db0   0x00000008   Code   RO          822    i.SysTick_Handler   stm32f4xx_it.o
    0x08006db8   0x00000080   Code   RO          666    i.SysTick_ISR       bsp_timer.o
    0x08006e38   0x000000c0   Code   RO         4966    i.SystemCoreClockUpdate  system_stm32f4xx.o
    0x08006ef8   0x00000068   Code   RO         4967    i.SystemInit        system_stm32f4xx.o
    0x08006f60   0x0000009c   Code   RO          667    i.TIM2_IRQHandler   bsp_timer.o
    0x08006ffc   0x00000018   Code   RO         2851    i.TIM_ARRPreloadConfig  stm32f4xx_tim.o
    0x08007014   0x00000006   Code   RO         2858    i.TIM_ClearITPendingBit  stm32f4xx_tim.o
    0x0800701a   0x00000018   Code   RO         2863    i.TIM_Cmd           stm32f4xx_tim.o
    0x08007032   0x0000001e   Code   RO         2865    i.TIM_CtrlPWMOutputs  stm32f4xx_tim.o
    0x08007050   0x00000022   Code   RO         2884    i.TIM_GetITStatus   stm32f4xx_tim.o
    0x08007072   0x00000012   Code   RO         2888    i.TIM_ITConfig      stm32f4xx_tim.o
    0x08007084   0x0000007c   Code   RO         2892    i.TIM_OC1Init       stm32f4xx_tim.o
    0x08007100   0x00000012   Code   RO         2895    i.TIM_OC1PreloadConfig  stm32f4xx_tim.o
    0x08007112   0x00000002   PAD
    0x08007114   0x000000a4   Code   RO         2897    i.TIM_OC2Init       stm32f4xx_tim.o
    0x080071b8   0x0000001a   Code   RO         2900    i.TIM_OC2PreloadConfig  stm32f4xx_tim.o
    0x080071d2   0x00000002   PAD
    0x080071d4   0x000000a0   Code   RO         2902    i.TIM_OC3Init       stm32f4xx_tim.o
    0x08007274   0x00000012   Code   RO         2905    i.TIM_OC3PreloadConfig  stm32f4xx_tim.o
    0x08007286   0x00000002   PAD
    0x08007288   0x00000078   Code   RO         2907    i.TIM_OC4Init       stm32f4xx_tim.o
    0x08007300   0x0000001a   Code   RO         2909    i.TIM_OC4PreloadConfig  stm32f4xx_tim.o
    0x0800731a   0x00000002   PAD
    0x0800731c   0x00000084   Code   RO         2935    i.TIM_TimeBaseInit  stm32f4xx_tim.o
    0x080073a0   0x00000002   Code   RO          823    i.USART2_IRQHandler  stm32f4xx_it.o
    0x080073a2   0x00000012   Code   RO         3611    i.USART_ClearFlag   stm32f4xx_usart.o
    0x080073b4   0x00000018   Code   RO         3615    i.USART_Cmd         stm32f4xx_usart.o
    0x080073cc   0x00000012   Code   RO         3616    i.USART_DMACmd      stm32f4xx_usart.o
    0x080073de   0x0000001a   Code   RO         3618    i.USART_GetFlagStatus  stm32f4xx_usart.o
    0x080073f8   0x000000d4   Code   RO         3622    i.USART_Init        stm32f4xx_usart.o
    0x080074cc   0x00000008   Code   RO         3632    i.USART_SendData    stm32f4xx_usart.o
    0x080074d4   0x00000004   Code   RO          824    i.UsageFault_Handler  stm32f4xx_it.o
    0x080074d8   0x00000028   Code   RO         1856    i.Usart2DMATxIRQ    bsp_moduletomodule.o
    0x08007500   0x00000068   Code   RO         1857    i.Usart2Send        bsp_moduletomodule.o
    0x08007568   0x0000002c   Code   RO          268    i.WriteParam        mydefine.o
    0x08007594   0x00000020   Code   RO         5655    i.__0printf$8       mc_w.l(printf8.o)
    0x080075b4   0x00000014   Code   RO         5415    i.__hardfp_fabs     m_wm.l(fabs.o)
    0x080075c8   0x0000007a   Code   RO         5421    i.__hardfp_sqrt     m_wm.l(sqrt.o)
    0x08007642   0x0000000e   Code   RO         5768    i.__scatterload_copy  mc_w.l(handlers.o)
    0x08007650   0x00000002   Code   RO         5769    i.__scatterload_null  mc_w.l(handlers.o)
    0x08007652   0x0000000e   Code   RO         5770    i.__scatterload_zeroinit  mc_w.l(handlers.o)
    0x08007660   0x00000006   Code   RO          668    i.__set_PRIMASK     bsp_timer.o
    0x08007666   0x00000002   PAD
    0x08007668   0x0000000c   Code   RO         5742    i.__set_errno       mc_w.l(errno.o)
    0x08007674   0x00000410   Code   RO         5662    i._printf_core      mc_w.l(printf8.o)
    0x08007a84   0x00000024   Code   RO         5663    i._printf_post_padding  mc_w.l(printf8.o)
    0x08007aa8   0x0000002e   Code   RO         5664    i._printf_pre_padding  mc_w.l(printf8.o)
    0x08007ad6   0x00000036   Code   RO          964    i.bsp_ConfigGpioOut  bsp_tim_pwm.o
    0x08007b0c   0x000000ac   Code   RO          965    i.bsp_ConfigTimGpio  bsp_tim_pwm.o
    0x08007bb8   0x00000044   Code   RO          671    i.bsp_DelayMS       bsp_timer.o
    0x08007bfc   0x000000bc   Code   RO          966    i.bsp_GetAFofTIM    bsp_tim_pwm.o
    0x08007cb8   0x00000092   Code   RO          967    i.bsp_GetPinSource  bsp_tim_pwm.o
    0x08007d4a   0x00000002   PAD
    0x08007d4c   0x00000084   Code   RO          968    i.bsp_GetRCCofGPIO  bsp_tim_pwm.o
    0x08007dd0   0x000000cc   Code   RO          969    i.bsp_GetRCCofTIM   bsp_tim_pwm.o
    0x08007e9c   0x00000002   Code   RO          460    i.bsp_Idle          bsp.o
    0x08007e9e   0x00000002   PAD
    0x08007ea0   0x0000008c   Code   RO          461    i.bsp_Init          bsp.o
    0x08007f2c   0x0000002c   Code   RO         1578    i.bsp_InitAD7606    bsp_ad7606.o
    0x08007f58   0x00000028   Code   RO          642    i.bsp_InitDWT       bsp_dwt.o
    0x08007f80   0x00000008   Code   RO          785    i.bsp_InitExtIO     bsp_ext_io.o
    0x08007f88   0x00000068   Code   RO         1062    i.bsp_InitExtSDRAM  bsp_fmc_sdram.o
    0x08007ff0   0x00000068   Code   RO          674    i.bsp_InitHardTimer  bsp_timer.o
    0x08008058   0x00000038   Code   RO         1116    i.bsp_InitI2C       bsp_i2c_gpio.o
    0x08008090   0x0000003e   Code   RO         1528    i.bsp_InitRTC       bsp_rtc.o
    0x080080ce   0x00000030   Code   RO         1727    i.bsp_InitSFlash    bsp_spi_flash.o
    0x080080fe   0x00000002   PAD
    0x08008100   0x0000009c   Code   RO          675    i.bsp_InitTimer     bsp_timer.o
    0x0800819c   0x00000008   Code   RO          908    i.bsp_InitUart      bsp_uart_fifo.o
    0x080081a4   0x00000002   Code   RO          462    i.bsp_RunPer10ms    bsp.o
    0x080081a6   0x00000002   PAD
    0x080081a8   0x0000002c   Code   RO         1653    i.bsp_SPI_Init      bsp_spi_bus.o
    0x080081d4   0x000001b8   Code   RO          970    i.bsp_SetTIMOutPWM  bsp_tim_pwm.o
    0x0800838c   0x0000001c   Code   RO          676    i.bsp_SoftTimerDec  bsp_timer.o
    0x080083a8   0x0000000c   Code   RO         1655    i.bsp_SpiBusEnter   bsp_spi_bus.o
    0x080083b4   0x0000000c   Code   RO         1656    i.bsp_SpiBusExit    bsp_spi_bus.o
    0x080083c0   0x00000044   Code   RO         1658    i.bsp_spiRead1      bsp_spi_bus.o
    0x08008404   0x00000044   Code   RO         1660    i.bsp_spiWrite1     bsp_spi_bus.o
    0x08008448   0x00000058   Code   RO         5057    i.check_fs          ff.o
    0x080084a0   0x00000014   Code   RO         5058    i.chk_chr           ff.o
    0x080084b4   0x0000008c   Code   RO         5059    i.chk_lock          ff.o
    0x08008540   0x00000030   Code   RO         5060    i.clear_lock        ff.o
    0x08008570   0x0000001a   Code   RO         5061    i.clust2sect        ff.o
    0x0800858a   0x00000002   PAD
    0x0800858c   0x00000080   Code   RO         5062    i.cmp_lfn           ff.o
    0x0800860c   0x000000d6   Code   RO         5063    i.create_chain      ff.o
    0x080086e2   0x00000002   PAD
    0x080086e4   0x00000270   Code   RO         5064    i.create_name       ff.o
    0x08008954   0x0000004c   Code   RO         5065    i.dec_lock          ff.o
    0x080089a0   0x0000005c   Code   RO         5066    i.dir_alloc         ff.o
    0x080089fc   0x000000ea   Code   RO         5067    i.dir_find          ff.o
    0x08008ae6   0x00000110   Code   RO         5068    i.dir_next          ff.o
    0x08008bf6   0x0000012a   Code   RO         5070    i.dir_register      ff.o
    0x08008d20   0x0000009e   Code   RO         5072    i.dir_sdi           ff.o
    0x08008dbe   0x0000003e   Code   RO         5006    i.disk_initialize   diskio.o
    0x08008dfc   0x00000060   Code   RO         5007    i.disk_ioctl        diskio.o
    0x08008e5c   0x0000009a   Code   RO         5008    i.disk_read         diskio.o
    0x08008ef6   0x00000022   Code   RO         5009    i.disk_status       diskio.o
    0x08008f18   0x000000b8   Code   RO         5010    i.disk_write        diskio.o
    0x08008fd0   0x000000b8   Code   RO          390    i.dsp_asm_waypowerMag  arithmetic.o
    0x08009088   0x00000028   Code   RO         5073    i.enq_lock          ff.o
    0x080090b0   0x0000002a   Code   RO         5075    i.f_close           ff.o
    0x080090da   0x00000024   Code   RO         5076    i.f_closedir        ff.o
    0x080090fe   0x00000002   PAD
    0x08009100   0x000004d8   Code   RO         5080    i.f_mkfs            ff.o
    0x080095d8   0x00000060   Code   RO         5081    i.f_mount           ff.o
    0x08009638   0x00000178   Code   RO         5082    i.f_open            ff.o
    0x080097b0   0x00000094   Code   RO         5083    i.f_opendir         ff.o
    0x08009844   0x000001a0   Code   RO         5084    i.f_read            ff.o
    0x080099e4   0x0000008e   Code   RO         5088    i.f_sync            ff.o
    0x08009a72   0x00000002   PAD
    0x08009a74   0x0000007c   Code   RO         5383    i.ff_convert        cc936.o
    0x08009af0   0x00000038   Code   RO         5384    i.ff_wtoupper       cc936.o
    0x08009b28   0x0000028c   Code   RO         5093    i.find_volume       ff.o
    0x08009db4   0x00000060   Code   RO         5094    i.fit_lfn           ff.o
    0x08009e14   0x00000090   Code   RO         5095    i.follow_path       ff.o
    0x08009ea4   0x00000024   Code   RO          910    i.fputc             bsp_uart_fifo.o
    0x08009ec8   0x000000c8   Code   RO         5096    i.gen_numname       ff.o
    0x08009f90   0x000000d4   Code   RO         5097    i.get_fat           ff.o
    0x0800a064   0x00000044   Code   RO         5011    i.get_fattime       diskio.o
    0x0800a0a8   0x0000004a   Code   RO         5099    i.get_ldnumber      ff.o
    0x0800a0f2   0x00000010   Code   RO         1119    i.i2c_Delay         bsp_i2c_gpio.o
    0x0800a102   0x00000002   PAD
    0x0800a104   0x0000002c   Code   RO         1125    i.i2c_Stop          bsp_i2c_gpio.o
    0x0800a130   0x000000dc   Code   RO         5100    i.inc_lock          ff.o
    0x0800a20c   0x00000012   Code   RO         5101    i.ld_clust          ff.o
    0x0800a21e   0x00000002   PAD
    0x0800a220   0x000000a8   Code   RO            4    i.main              main.o
    0x0800a2c8   0x00000026   Code   RO         5102    i.mem_cmp           ff.o
    0x0800a2ee   0x0000002e   Code   RO         5103    i.mem_cpy           ff.o
    0x0800a31c   0x00000014   Code   RO         5104    i.mem_set           ff.o
    0x0800a330   0x00000032   Code   RO         5105    i.move_window       ff.o
    0x0800a362   0x00000106   Code   RO         5107    i.put_fat           ff.o
    0x0800a468   0x0000006c   Code   RO         5108    i.remove_chain      ff.o
    0x0800a4d4   0x00000114   Code   RO         1728    i.sf_AutoWritePage  bsp_spi_flash.o
    0x0800a5e8   0x0000005c   Code   RO         1729    i.sf_CfgSpiHard     bsp_spi_flash.o
    0x0800a644   0x00000078   Code   RO         1730    i.sf_CmpData        bsp_spi_flash.o
    0x0800a6bc   0x0000003c   Code   RO         1731    i.sf_ConfigGPIO     bsp_spi_flash.o
    0x0800a6f8   0x0000003c   Code   RO         1733    i.sf_EraseSector    bsp_spi_flash.o
    0x0800a734   0x00000028   Code   RO         1734    i.sf_NeedErase      bsp_spi_flash.o
    0x0800a75c   0x0000013c   Code   RO         1735    i.sf_PageWrite      bsp_spi_flash.o
    0x0800a898   0x00000060   Code   RO         1736    i.sf_ReadBuffer     bsp_spi_flash.o
    0x0800a8f8   0x00000038   Code   RO         1737    i.sf_ReadID         bsp_spi_flash.o
    0x0800a930   0x000000f4   Code   RO         1738    i.sf_ReadInfo       bsp_spi_flash.o
    0x0800aa24   0x0000005c   Code   RO         1739    i.sf_SetAddressMode  bsp_spi_flash.o
    0x0800aa80   0x0000002c   Code   RO         1740    i.sf_SetCS          bsp_spi_flash.o
    0x0800aaac   0x00000024   Code   RO         1741    i.sf_WaitForWriteEnd  bsp_spi_flash.o
    0x0800aad0   0x00000174   Code   RO         1742    i.sf_WriteBuffer    bsp_spi_flash.o
    0x0800ac44   0x00000016   Code   RO         1743    i.sf_WriteEnable    bsp_spi_flash.o
    0x0800ac5a   0x00000002   PAD
    0x0800ac5c   0x00000070   Code   RO         1744    i.sf_WriteStatus    bsp_spi_flash.o
    0x0800accc   0x00000008   Code   RO         5109    i.st_clust          ff.o
    0x0800acd4   0x00000020   Code   RO         5110    i.sum_sfn           ff.o
    0x0800acf4   0x00000078   Code   RO         5111    i.sync_fs           ff.o
    0x0800ad6c   0x0000004c   Code   RO         5112    i.sync_window       ff.o
    0x0800adb8   0x00000036   Code   RO         5113    i.validate          ff.o
    0x0800adee   0x00000002   PAD
    0x0800adf0   0x00000210   Data   RO          270    .constdata          mydefine.o
    0x0800b000   0x0000003a   Data   RO         5115    .constdata          ff.o
    0x0800b03a   0x0002acc8   Data   RO         5385    .constdata          cc936.o
    0x08035d02   0x00000002   PAD
    0x08035d04   0x000000ce   Data   RO         1964    .conststring        bsp_nand_flash.o
    0x08035dd2   0x00000002   PAD
    0x08035dd4   0x00000020   Data   RO         5766    Region$$Table       anon$$obj.o


    Execution Region RW_IRAM2 (Base: 0x10000000, Size: 0x00000000, Max: 0x00010000, ABSOLUTE)

    **** No section assigned to this execution region ****


    Execution Region RW_IRAM1 (Base: 0x20000000, Size: 0x00008350, Max: 0x00030000, ABSOLUTE, COMPRESSED[0x00000c40])

    Base Addr    Size         Type   Attr      Idx    E Section Name        Object

    0x20000000   0x0000001d   Data   RW          271    .data               mydefine.o
    0x2000001d   0x00000001   PAD
    0x2000001e   0x00000ff1   Data   RW          392    .data               arithmetic.o
    0x2000100f   0x00000001   PAD
    0x20001010   0x0000001d   Data   RW          683    .data               bsp_timer.o
    0x2000102d   0x00000001   PAD
    0x2000102e   0x00000008   Data   RW          912    .data               bsp_uart_fifo.o
    0x20001036   0x00000002   PAD
    0x20001038   0x00000014   Data   RW         1243    .data               bsp_sdio_sd.o
    0x2000104c   0x00000008   Data   RW         1529    .data               bsp_rtc.o
    0x20001054   0x00000004   Data   RW         1579    .data               bsp_ad7606.o
    0x20001058   0x00000001   Data   RW         1661    .data               bsp_spi_bus.o
    0x20001059   0x00000003   PAD
    0x2000105c   0x0000000c   Data   RW         1858    .data               bsp_moduletomodule.o
    0x20001068   0x00000002   Data   RW         1965    .data               bsp_nand_flash.o
    0x2000106a   0x00000010   Data   RW         2379    .data               stm32f4xx_rcc.o
    0x2000107a   0x00000002   PAD
    0x2000107c   0x00000014   Data   RW         4968    .data               system_stm32f4xx.o
    0x20001090   0x00000002   Data   RW         5116    .data               ff.o
    0x20001092   0x00000002   PAD
    0x20001094   0x00000004   Data   RW         5733    .data               mc_w.l(stdout.o)
    0x20001098   0x00000004   Data   RW         5743    .data               mc_w.l(errno.o)
    0x2000109c   0x00000104   Zero   RW          269    .bss                mydefine.o
    0x200011a0   0x00000c28   Zero   RW          391    .bss                arithmetic.o
    0x20001dc8   0x00000030   Zero   RW          681    .bss                bsp_timer.o
    0x20001df8   0x00000400   Zero   RW          911    .bss                bsp_uart_fifo.o
    0x200021f8   0x000000cc   Zero   RW         1242    .bss                bsp_sdio_sd.o
    0x200022c4   0x0000101c   Zero   RW         1745    .bss                bsp_spi_flash.o
    0x200032e0   0x00001040   Zero   RW         1963    .bss                bsp_nand_flash.o
    0x20004320   0x00000030   Zero   RW         5114    .bss                ff.o
    0x20004350   0x00004000   Zero   RW         2166    STACK               startup_stm32f429_439xx.o


==============================================================================

Image component sizes


      Code (inc. data)   RO Data    RW Data    ZI Data      Debug   Object Name

      1976        118          0       4081       3112       6895   arithmetic.o
       144         12          0          0          0       1547   bsp.o
      1088        100          0          4          0       6958   bsp_ad7606.o
        40         10          0          0          0        498   bsp_dwt.o
      1572         54          0          0          0       1900   bsp_ext_io.o
       858         20          0          0          0       3974   bsp_fmc_sdram.o
       116          8          0          0          0       1593   bsp_i2c_gpio.o
      2988        166          0         12          0       7589   bsp_moduletomodule.o
      4104       1188        206          2       4160      23222   bsp_nand_flash.o
       364         10          0          8          0       2432   bsp_rtc.o
      5426        332          0         20        204      27634   bsp_sdio_sd.o
       204         22          0          1          0       3066   bsp_spi_bus.o
      2086        142          0          0       4124      13560   bsp_spi_flash.o
      1336        182          0          0          0       6168   bsp_tim_pwm.o
       646         74          0         29         48      36366   bsp_timer.o
       348         24          0          8       1024      34968   bsp_uart_fifo.o
       180         18     175304          0          0       2723   cc936.o
      1502       1008          0          0          0        328   cr4_fft_256_stm32.o
       718        240          0          0          0        328   cr4_fft_64_stm32.o
       598          0          0          0          0       4932   diskio.o
      7384        174         58          2         48      41886   ff.o
       168         10          0          0          0     370251   main.o
       140         24          0          0          0       1807   misc.o
       830         86        528         29        260      11485   mydefine.o
        36          8        428          0      16384        964   startup_stm32f429_439xx.o
       686         54          0          0          0       8373   stm32f4xx_dma.o
       160         12          0          0          0       1773   stm32f4xx_exti.o
      1128         48          0          0          0       6887   stm32f4xx_fmc.o
       268          0          0          0          0       5444   stm32f4xx_gpio.o
       146         50          0          0          0       6237   stm32f4xx_it.o
        68         30          0          0          0       2978   stm32f4xx_iwdg.o
        12          6          0          0          0        610   stm32f4xx_pwr.o
       572         72          0         16          0       9120   stm32f4xx_rcc.o
       970         66          0          0          0       9746   stm32f4xx_rtc.o
       370         80          0          0          0      11978   stm32f4xx_sdio.o
       130          0          0          0          0       4695   stm32f4xx_spi.o
        64          4          0          0          0        732   stm32f4xx_syscfg.o
       924         66          0          0          0      11498   stm32f4xx_tim.o
       306          8          0          0          0       5045   stm32f4xx_usart.o
       584         54          0         20          0       2697   system_stm32f4xx.o

    ----------------------------------------------------------------------
     41298       4584     176560       4244      29364     700887   Object Totals
         0          0         32          0          0          0   (incl. Generated)
        58          4          4         12          0          0   (incl. Padding)

    ----------------------------------------------------------------------

      Code (inc. data)   RO Data    RW Data    ZI Data      Debug   Library Member Name

        20          0          0          0          0        124   fabs.o
       122          0          0          0          0        148   sqrt.o
        94          0          0          0          0          0   __dclz77c.o
         0          0          0          0          0          0   entry.o
         0          0          0          0          0          0   entry10a.o
         0          0          0          0          0          0   entry11a.o
         8          4          0          0          0          0   entry2.o
         4          0          0          0          0          0   entry5.o
         0          0          0          0          0          0   entry7b.o
         0          0          0          0          0          0   entry8b.o
         8          4          0          0          0          0   entry9a.o
        12          6          0          4          0         68   errno.o
        30          0          0          0          0          0   handlers.o
        36          8          0          0          0         68   init.o
         0          0          0          0          0          0   iusefp.o
        30          0          0          0          0         68   llshl.o
        32          0          0          0          0         68   llushr.o
        26          0          0          0          0         80   memcmp.o
        36          0          0          0          0         68   memcpya.o
        36          0          0          0          0        108   memseta.o
      1154         54          0          0          0        352   printf8.o
         0          0          0          4          0          0   stdout.o
        18          0          0          0          0         68   strcpy.o
        98          0          0          0          0         92   uldiv.o
        56          0          0          0          0         88   d2f.o
       222          0          0          0          0        100   ddiv.o
       186          0          0          0          0        176   depilogue.o
        34          0          0          0          0         76   dflti.o
       228          0          0          0          0         96   dmul.o
       162          0          0          0          0        100   dsqrt.o
        38          0          0          0          0         68   f2d.o
       110          0          0          0          0        168   fepilogue.o

    ----------------------------------------------------------------------
      2802         76          0          8          0       2184   Library Totals
         2          0          0          0          0          0   (incl. Padding)

    ----------------------------------------------------------------------

      Code (inc. data)   RO Data    RW Data    ZI Data      Debug   Library Name

       142          0          0          0          0        272   m_wm.l
      1622         76          0          8          0       1040   mc_w.l
      1036          0          0          0          0        872   mf_w.l

    ----------------------------------------------------------------------
      2802         76          0          8          0       2184   Library Totals

    ----------------------------------------------------------------------

==============================================================================


      Code (inc. data)   RO Data    RW Data    ZI Data      Debug   

     44100       4660     176560       4252      29364     671319   Grand Totals
     44100       4660     176560       3136      29364     671319   ELF Image Totals (compressed)
     44100       4660     176560       3136          0          0   ROM Totals

==============================================================================

    Total RO  Size (Code + RO Data)               220660 ( 215.49kB)
    Total RW  Size (RW Data + ZI Data)             33616 (  32.83kB)
    Total ROM Size (Code + RO Data + RW Data)     223796 ( 218.55kB)

==============================================================================

