Component: ARM Compiler 5.06 update 4 (build 422) Tool: armlink [4d35d2]

==============================================================================

Section Cross References

    main.o(i.main) refers to bsp.o(i.bsp_Init) for bsp_Init
    main.o(i.main) refers to bsp_ad7606.o(i.AD7606_StartRecord) for AD7606_StartRecord
    main.o(i.main) refers to stm32f4xx_iwdg.o(i.IWDG_WriteAccessCmd) for IWDG_WriteAccessCmd
    main.o(i.main) refers to stm32f4xx_iwdg.o(i.IWDG_SetPrescaler) for IWDG_SetPrescaler
    main.o(i.main) refers to stm32f4xx_iwdg.o(i.IWDG_SetReload) for IWDG_SetReload
    main.o(i.main) refers to stm32f4xx_iwdg.o(i.IWDG_Enable) for IWDG_Enable
    main.o(i.main) refers to stm32f4xx_iwdg.o(i.IWDG_ReloadCounter) for IWDG_ReloadCounter
    main.o(i.main) refers to bsp_moduletomodule.o(i.ModuleTask) for ModuleTask
    main.o(i.main) refers to arithmetic.o(i.SelRouteCalTask) for SelRouteCalTask
    main.o(i.main) refers to arithmetic.o(i.FaskCalTask) for FaskCalTask
    main.o(i.main) refers to mydefine.o(i.KeyScan) for KeyScan
    main.o(i.main) refers to bsp_moduletomodule.o(i.ModuleSPITXTask) for ModuleSPITXTask
    main.o(i.main) refers to bsp_moduletomodule.o(i.ModuleSPIRMS) for ModuleSPIRMS
    main.o(i.main) refers to mydefine.o(i.WriteParam) for WriteParam
    main.o(i.main) refers to bsp_ad7606.o(i.ADCVerification) for ADCVerification
    main.o(i.main) refers to bsp_moduletomodule.o(i.ModuleUartTXTask) for ModuleUartTXTask
    main.o(i.main) refers to mydefine.o(.data) for WholeBit
    main.o(i.main) refers to main.o(.data) for SendFlag
    mydefine.o(i.CRC_GetModbus16) refers to memcpya.o(.text) for __aeabi_memcpy4
    mydefine.o(i.CRC_GetModbus16) refers to mydefine.o(i.GetRevCrc_16) for GetRevCrc_16
    mydefine.o(i.CRC_GetModbus16) refers to mydefine.o(.constdata) for .constdata
    mydefine.o(i.FIFO_bufcmp) refers to mydefine.o(i.FIFO_pointer) for FIFO_pointer
    mydefine.o(i.GetChipID) refers to mydefine.o(.bss) for ChipICID
    mydefine.o(i.InitSaveNand) refers to bsp_nand_flash.o(i.NAND_GetBlockInfo) for NAND_GetBlockInfo
    mydefine.o(i.InitSaveNand) refers to ff.o(i.f_mount) for f_mount
    mydefine.o(i.InitSaveNand) refers to ff.o(i.f_opendir) for f_opendir
    mydefine.o(i.InitSaveNand) refers to ff.o(i.f_open) for f_open
    mydefine.o(i.InitSaveNand) refers to ff.o(i.f_read) for f_read
    mydefine.o(i.InitSaveNand) refers to ff.o(i.f_close) for f_close
    mydefine.o(i.InitSaveNand) refers to ff.o(i.f_closedir) for f_closedir
    mydefine.o(i.InitSaveNand) refers to bsp_nand_flash.o(i.NAND_Init) for NAND_Init
    mydefine.o(i.InitSaveNand) refers to bsp_nand_flash.o(i.NAND_Format) for NAND_Format
    mydefine.o(i.InitSaveNand) refers to ff.o(i.f_mkfs) for f_mkfs
    mydefine.o(i.InitSaveNand) refers to mydefine.o(.bss) for nand_info
    mydefine.o(i.KeyScan) refers to stm32f4xx_gpio.o(i.GPIO_ReadInputDataBit) for GPIO_ReadInputDataBit
    mydefine.o(i.KeyScan) refers to mydefine.o(.data) for scantims
    mydefine.o(i.ReadParam) refers to bsp_spi_flash.o(i.sf_ReadBuffer) for sf_ReadBuffer
    mydefine.o(i.ReadParam) refers to mydefine.o(.data) for ADCFifo
    mydefine.o(i.ReadParam) refers to mydefine.o(.bss) for PoramData
    mydefine.o(i.SaveNandFaultNum) refers to ff.o(i.f_mount) for f_mount
    mydefine.o(i.SaveNandFaultNum) refers to ff.o(i.f_opendir) for f_opendir
    mydefine.o(i.SaveNandFaultNum) refers to ff.o(i.f_open) for f_open
    mydefine.o(i.SaveNandFaultNum) refers to ff.o(i.f_write) for f_write
    mydefine.o(i.SaveNandFaultNum) refers to ff.o(i.f_close) for f_close
    mydefine.o(i.SaveNandFaultNum) refers to ff.o(i.f_closedir) for f_closedir
    mydefine.o(i.SaveNandFaultNum) refers to mydefine.o(.bss) for NandCfgData
    mydefine.o(i.SysGetTime) refers to stm32f4xx_rtc.o(i.RTC_GetTime) for RTC_GetTime
    mydefine.o(i.SysGetTime) refers to stm32f4xx_rtc.o(i.RTC_GetDate) for RTC_GetDate
    mydefine.o(i.SysGetTime) refers to mydefine.o(.data) for uSCount
    mydefine.o(i.SysSetTime) refers to bsp_rtc.o(i.RTC_CalcWeek) for RTC_CalcWeek
    mydefine.o(i.SysSetTime) refers to bsp_rtc.o(i.RTC_Config) for RTC_Config
    mydefine.o(i.SysSetTime) refers to mydefine.o(.bss) for SystemTime
    mydefine.o(i.SysSetTime) refers to bsp_rtc.o(.data) for RTC_TimeStructure
    mydefine.o(i.WriteParam) refers to bsp_spi_flash.o(i.sf_WriteBuffer) for sf_WriteBuffer
    mydefine.o(i.WriteParam) refers to mydefine.o(.data) for PoramFlag
    mydefine.o(i.WriteParam) refers to mydefine.o(.bss) for PoramData
    arithmetic.o(i.Elec_Display) refers to arithmetic.o(i.dsp_asm_waypowerMag) for dsp_asm_waypowerMag
    arithmetic.o(i.Elec_Display) refers to dflti.o(.text) for __aeabi_i2d
    arithmetic.o(i.Elec_Display) refers to dmul.o(.text) for __aeabi_dmul
    arithmetic.o(i.Elec_Display) refers to d2f.o(.text) for __aeabi_d2f
    arithmetic.o(i.FFT_VerifyDisplay) refers to mydefine.o(i.FIFO_Backpointer) for FIFO_Backpointer
[...]
    i.MemManage_Handler                      0x08002708   Section        0  stm32f4xx_it.o(i.MemManage_Handler)
    i.ModuleComInit                          0x0800270c   Section        0  bsp_moduletomodule.o(i.ModuleComInit)
    i.ModuleSPIRMS                           0x0800296c   Section        0  bsp_moduletomodule.o(i.ModuleSPIRMS)
    i.ModuleSPITXTask                        0x08002a04   Section        0  bsp_moduletomodule.o(i.ModuleSPITXTask)
    i.ModuleSPITxStart                       0x08002d44   Section        0  bsp_moduletomodule.o(i.ModuleSPITxStart)
    i.ModuleSPITxStartIRQ                    0x08002db8   Section        0  bsp_moduletomodule.o(i.ModuleSPITxStartIRQ)
    i.ModuleTask                             0x08002df0   Section        0  bsp_moduletomodule.o(i.ModuleTask)
    i.ModuleUartTXTask                       0x080031c0   Section        0  bsp_moduletomodule.o(i.ModuleUartTXTask)
    i.NMI_Handler                            0x080032ec   Section        0  stm32f4xx_it.o(i.NMI_Handler)
    i.NVIC_Init                              0x080032f0   Section        0  misc.o(i.NVIC_Init)
    i.NVIC_PriorityGroupConfig               0x08003368   Section        0  misc.o(i.NVIC_PriorityGroupConfig)
    i.PWR_BackupAccessCmd                    0x0800337c   Section        0  stm32f4xx_pwr.o(i.PWR_BackupAccessCmd)
    i.RCC_AHB1PeriphClockCmd                 0x08003388   Section        0  stm32f4xx_rcc.o(i.RCC_AHB1PeriphClockCmd)
    i.RCC_AHB3PeriphClockCmd                 0x080033a8   Section        0  stm32f4xx_rcc.o(i.RCC_AHB3PeriphClockCmd)
    i.RCC_APB1PeriphClockCmd                 0x080033c8   Section        0  stm32f4xx_rcc.o(i.RCC_APB1PeriphClockCmd)
    i.RCC_APB2PeriphClockCmd                 0x080033e8   Section        0  stm32f4xx_rcc.o(i.RCC_APB2PeriphClockCmd)
    i.RCC_GetClocksFreq                      0x08003408   Section        0  stm32f4xx_rcc.o(i.RCC_GetClocksFreq)
    i.RCC_GetFlagStatus                      0x080034f0   Section        0  stm32f4xx_rcc.o(i.RCC_GetFlagStatus)
    i.RCC_LSEConfig                          0x08003530   Section        0  stm32f4xx_rcc.o(i.RCC_LSEConfig)
    i.RCC_RTCCLKCmd                          0x0800355c   Section        0  stm32f4xx_rcc.o(i.RCC_RTCCLKCmd)
    i.RCC_RTCCLKConfig                       0x08003568   Section        0  stm32f4xx_rcc.o(i.RCC_RTCCLKConfig)
    i.RTC_Bcd2ToByte                         0x080035a4   Section        0  stm32f4xx_rtc.o(i.RTC_Bcd2ToByte)
    RTC_Bcd2ToByte                           0x080035a5   Thumb Code    22  stm32f4xx_rtc.o(i.RTC_Bcd2ToByte)
    i.RTC_ByteToBcd2                         0x080035ba   Section        0  stm32f4xx_rtc.o(i.RTC_ByteToBcd2)
    RTC_ByteToBcd2                           0x080035bb   Thumb Code    28  stm32f4xx_rtc.o(i.RTC_ByteToBcd2)
    i.RTC_CalcWeek                           0x080035d6   Section        0  bsp_rtc.o(i.RTC_CalcWeek)
    i.RTC_Config                             0x08003694   Section        0  bsp_rtc.o(i.RTC_Config)
    i.RTC_EnterInitMode                      0x08003704   Section        0  stm32f4xx_rtc.o(i.RTC_EnterInitMode)
    i.RTC_ExitInitMode                       0x08003754   Section        0  stm32f4xx_rtc.o(i.RTC_ExitInitMode)
    i.RTC_GetDate                            0x08003768   Section        0  stm32f4xx_rtc.o(i.RTC_GetDate)
    i.RTC_GetTime                            0x080037b4   Section        0  stm32f4xx_rtc.o(i.RTC_GetTime)
    i.RTC_Init                               0x08003804   Section        0  stm32f4xx_rtc.o(i.RTC_Init)
    i.RTC_ReadBackupRegister                 0x08003868   Section        0  stm32f4xx_rtc.o(i.RTC_ReadBackupRegister)
    i.RTC_SetDate                            0x08003888   Section        0  stm32f4xx_rtc.o(i.RTC_SetDate)
    i.RTC_SetTime                            0x08003950   Section        0  stm32f4xx_rtc.o(i.RTC_SetTime)
    i.RTC_WaitForSynchro                     0x08003a20   Section        0  stm32f4xx_rtc.o(i.RTC_WaitForSynchro)
    i.RTC_WriteBackupRegister                0x08003a80   Section        0  stm32f4xx_rtc.o(i.RTC_WriteBackupRegister)
    i.ReadParam                              0x08003a9c   Section        0  mydefine.o(i.ReadParam)
    i.SDIO_ClearITPendingBit                 0x08003b54   Section        0  stm32f4xx_sdio.o(i.SDIO_ClearITPendingBit)
    i.SDIO_GetITStatus                       0x08003b60   Section        0  stm32f4xx_sdio.o(i.SDIO_GetITStatus)
    i.SDIO_IRQHandler                        0x08003b78   Section        0  bsp_sdio_sd.o(i.SDIO_IRQHandler)
    i.SDIO_ITConfig                          0x08003b80   Section        0  stm32f4xx_sdio.o(i.SDIO_ITConfig)
    i.SDRAM_GPIOConfig                       0x08003ba0   Section        0  bsp_fmc_sdram.o(i.SDRAM_GPIOConfig)
    SDRAM_GPIOConfig                         0x08003ba1   Thumb Code   492  bsp_fmc_sdram.o(i.SDRAM_GPIOConfig)
    i.SDRAM_InitSequence                     0x08003da0   Section        0  bsp_fmc_sdram.o(i.SDRAM_InitSequence)
    SDRAM_InitSequence                       0x08003da1   Thumb Code   220  bsp_fmc_sdram.o(i.SDRAM_InitSequence)
    i.SD_ProcessDMAIRQ                       0x08003e7c   Section        0  bsp_sdio_sd.o(i.SD_ProcessDMAIRQ)
    i.SD_ProcessIRQSrc                       0x08003e9c   Section        0  bsp_sdio_sd.o(i.SD_ProcessIRQSrc)
    i.SPI_Cmd                                0x08003f48   Section        0  stm32f4xx_spi.o(i.SPI_Cmd)
    i.SPI_I2S_DMACmd                         0x08003f60   Section        0  stm32f4xx_spi.o(i.SPI_I2S_DMACmd)
    i.SPI_I2S_GetFlagStatus                  0x08003f72   Section        0  stm32f4xx_spi.o(i.SPI_I2S_GetFlagStatus)
    i.SPI_I2S_ReceiveData                    0x08003f84   Section        0  stm32f4xx_spi.o(i.SPI_I2S_ReceiveData)
    i.SPI_I2S_SendData                       0x08003f8a   Section        0  stm32f4xx_spi.o(i.SPI_I2S_SendData)
    i.SPI_Init                               0x08003f8e   Section        0  stm32f4xx_spi.o(i.SPI_Init)
    i.SYSCFG_EXTILineConfig                  0x08003fcc   Section        0  stm32f4xx_syscfg.o(i.SYSCFG_EXTILineConfig)
    i.SaveWave                               0x0800400c   Section        0  bsp_ad7606.o(i.SaveWave)
    i.SelRouteCalTask                        0x080040a0   Section        0  arithmetic.o(i.SelRouteCalTask)
    i.SetSysClock                            0x0800445c   Section        0  system_stm32f4xx.o(i.SetSysClock)
    SetSysClock                              0x0800445d   Thumb Code   272  system_stm32f4xx.o(i.SetSysClock)
    i.SysGetTime                             0x0800457c   Section        0  mydefine.o(i.SysGetTime)
    i.SysSetTime                             0x080045f0   Section        0  mydefine.o(i.SysSetTime)
    i.SysTick_Handler                        0x0800463c   Section        0  stm32f4xx_it.o(i.SysTick_Handler)
    i.SysTick_ISR                            0x08004644   Section        0  bsp_timer.o(i.SysTick_ISR)
    i.SystemCoreClockUpdate                  0x080046c4   Section        0  system_stm32f4xx.o(i.SystemCoreClockUpdate)
    i.SystemInit                             0x08004784   Section        0  system_stm32f4xx.o(i.SystemInit)
    i.TIM2_IRQHandler                        0x080047ec   Section        0  bsp_timer.o(i.TIM2_IRQHandler)
    i.TIM_ARRPreloadConfig                   0x08004888   Section        0  stm32f4xx_tim.o(i.TIM_ARRPreloadConfig)
    i.TIM_ClearITPendingBit                  0x080048a0   Section        0  stm32f4xx_tim.o(i.TIM_ClearITPendingBit)
    i.TIM_Cmd                                0x080048a6   Section        0  stm32f4xx_tim.o(i.TIM_Cmd)
    i.TIM_CtrlPWMOutputs                     0x080048be   Section        0  stm32f4xx_tim.o(i.TIM_CtrlPWMOutputs)
    i.TIM_GetITStatus                        0x080048dc   Section        0  stm32f4xx_tim.o(i.TIM_GetITStatus)
    i.TIM_ITConfig                           0x080048fe   Section        0  stm32f4xx_tim.o(i.TIM_ITConfig)
    i.TIM_OC1Init                            0x08004910   Section        0  stm32f4xx_tim.o(i.TIM_OC1Init)
    i.TIM_OC1PreloadConfig                   0x0800498c   Section        0  stm32f4xx_tim.o(i.TIM_OC1PreloadConfig)
    i.TIM_OC2Init                            0x080049a0   Section        0  stm32f4xx_tim.o(i.TIM_OC2Init)
    i.TIM_OC2PreloadConfig                   0x08004a44   Section        0  stm32f4xx_tim.o(i.TIM_OC2PreloadConfig)
    i.TIM_OC3Init                            0x08004a60   Section        0  stm32f4xx_tim.o(i.TIM_OC3Init)
    i.TIM_OC3PreloadConfig                   0x08004b00   Section        0  stm32f4xx_tim.o(i.TIM_OC3PreloadConfig)
    i.TIM_OC4Init                            0x08004b14   Section        0  stm32f4xx_tim.o(i.TIM_OC4Init)
    i.TIM_OC4PreloadConfig                   0x08004b8c   Section        0  stm32f4xx_tim.o(i.TIM_OC4PreloadConfig)
    i.TIM_TimeBaseInit                       0x08004ba8   Section        0  stm32f4xx_tim.o(i.TIM_TimeBaseInit)
    i.USART2_IRQHandler                      0x08004c2c   Section        0  stm32f4xx_it.o(i.USART2_IRQHandler)
    i.USART_ClearFlag                        0x08004c2e   Section        0  stm32f4xx_usart.o(i.USART_ClearFlag)
    i.USART_Cmd                              0x08004c40   Section        0  stm32f4xx_usart.o(i.USART_Cmd)
    i.USART_DMACmd                           0x08004c58   Section        0  stm32f4xx_usart.o(i.USART_DMACmd)
    i.USART_Init                             0x08004c6c   Section        0  stm32f4xx_usart.o(i.USART_Init)
    i.UsageFault_Handler                     0x08004d40   Section        0  stm32f4xx_it.o(i.UsageFault_Handler)
    i.Usart2DMATxIRQ                         0x08004d44   Section        0  bsp_moduletomodule.o(i.Usart2DMATxIRQ)
    i.Usart2Send                             0x08004d6c   Section        0  bsp_moduletomodule.o(i.Usart2Send)
    i.WriteParam                             0x08004dd4   Section        0  mydefine.o(i.WriteParam)
    i.__hardfp_fabs                          0x08004e00   Section        0  fabs.o(i.__hardfp_fabs)
    i.__hardfp_sqrt                          0x08004e14   Section        0  sqrt.o(i.__hardfp_sqrt)
    i.__scatterload_copy                     0x08004e8e   Section       14  handlers.o(i.__scatterload_copy)
    i.__scatterload_null                     0x08004e9c   Section        2  handlers.o(i.__scatterload_null)
    i.__scatterload_zeroinit                 0x08004e9e   Section       14  handlers.o(i.__scatterload_zeroinit)
    i.__set_PRIMASK                          0x08004eac   Section        0  bsp_timer.o(i.__set_PRIMASK)
    __set_PRIMASK                            0x08004ead   Thumb Code     6  bsp_timer.o(i.__set_PRIMASK)
    i.__set_errno                            0x08004eb4   Section        0  errno.o(i.__set_errno)
    i.bsp_ConfigGpioOut                      0x08004ec0   Section        0  bsp_tim_pwm.o(i.bsp_ConfigGpioOut)
    i.bsp_ConfigTimGpio                      0x08004ef8   Section        0  bsp_tim_pwm.o(i.bsp_ConfigTimGpio)
    i.bsp_DelayMS                            0x08004fa4   Section        0  bsp_timer.o(i.bsp_DelayMS)
    i.bsp_GetAFofTIM                         0x08004fe8   Section        0  bsp_tim_pwm.o(i.bsp_GetAFofTIM)
    i.bsp_GetPinSource                       0x080050a4   Section        0  bsp_tim_pwm.o(i.bsp_GetPinSource)
    i.bsp_GetRCCofGPIO                       0x08005138   Section        0  bsp_tim_pwm.o(i.bsp_GetRCCofGPIO)
    i.bsp_GetRCCofTIM                        0x080051bc   Section        0  bsp_tim_pwm.o(i.bsp_GetRCCofTIM)
    i.bsp_Idle                               0x08005288   Section        0  bsp.o(i.bsp_Idle)
    i.bsp_Init                               0x0800528c   Section        0  bsp.o(i.bsp_Init)
    i.bsp_InitAD7606                         0x08005310   Section        0  bsp_ad7606.o(i.bsp_InitAD7606)
    i.bsp_InitDWT                            0x0800533c   Section        0  bsp_dwt.o(i.bsp_InitDWT)
    i.bsp_InitExtIO                          0x08005364   Section        0  bsp_ext_io.o(i.bsp_InitExtIO)
    i.bsp_InitExtSDRAM                       0x0800536c   Section        0  bsp_fmc_sdram.o(i.bsp_InitExtSDRAM)
    i.bsp_InitHardTimer                      0x080053d4   Section        0  bsp_timer.o(i.bsp_InitHardTimer)
    i.bsp_InitI2C                            0x0800543c   Section        0  bsp_i2c_gpio.o(i.bsp_InitI2C)
    i.bsp_InitRTC                            0x08005474   Section        0  bsp_rtc.o(i.bsp_InitRTC)
    i.bsp_InitSFlash                         0x080054b2   Section        0  bsp_spi_flash.o(i.bsp_InitSFlash)
    i.bsp_InitTimer                          0x080054e4   Section        0  bsp_timer.o(i.bsp_InitTimer)
    i.bsp_InitUart                           0x08005580   Section        0  bsp_uart_fifo.o(i.bsp_InitUart)
    i.bsp_RunPer10ms                         0x08005588   Section        0  bsp.o(i.bsp_RunPer10ms)
    i.bsp_SPI_Init                           0x0800558c   Section        0  bsp_spi_bus.o(i.bsp_SPI_Init)
    i.bsp_SetTIMOutPWM                       0x080055b8   Section        0  bsp_tim_pwm.o(i.bsp_SetTIMOutPWM)
    i.bsp_SoftTimerDec                       0x08005770   Section        0  bsp_timer.o(i.bsp_SoftTimerDec)
    bsp_SoftTimerDec                         0x08005771   Thumb Code    28  bsp_timer.o(i.bsp_SoftTimerDec)
    i.bsp_SpiBusEnter                        0x0800578c   Section        0  bsp_spi_bus.o(i.bsp_SpiBusEnter)
    i.bsp_SpiBusExit                         0x08005798   Section        0  bsp_spi_bus.o(i.bsp_SpiBusExit)
    i.bsp_spiRead1                           0x080057a4   Section        0  bsp_spi_bus.o(i.bsp_spiRead1)
    i.bsp_spiWrite1                          0x080057e8   Section        0  bsp_spi_bus.o(i.bsp_spiWrite1)
    i.dsp_asm_waypowerMag                    0x0800582c   Section        0  arithmetic.o(i.dsp_asm_waypowerMag)
    dsp_asm_waypowerMag                      0x0800582d   Thumb Code   162  arithmetic.o(i.dsp_asm_waypowerMag)
    i.i2c_Delay                              0x080058e4   Section        0  bsp_i2c_gpio.o(i.i2c_Delay)
    i2c_Delay                                0x080058e5   Thumb Code    16  bsp_i2c_gpio.o(i.i2c_Delay)
    i.i2c_Stop                               0x080058f4   Section        0  bsp_i2c_gpio.o(i.i2c_Stop)
    i.main                                   0x08005920   Section        0  main.o(i.main)
    i.sf_AutoWritePage                       0x08005a00   Section        0  bsp_spi_flash.o(i.sf_AutoWritePage)
    sf_AutoWritePage                         0x08005a01   Thumb Code   268  bsp_spi_flash.o(i.sf_AutoWritePage)
    i.sf_CfgSpiHard                          0x08005b14   Section        0  bsp_spi_flash.o(i.sf_CfgSpiHard)
    sf_CfgSpiHard                            0x08005b15   Thumb Code    88  bsp_spi_flash.o(i.sf_CfgSpiHard)
    i.sf_CmpData                             0x08005b70   Section        0  bsp_spi_flash.o(i.sf_CmpData)
    sf_CmpData                               0x08005b71   Thumb Code   116  bsp_spi_flash.o(i.sf_CmpData)
    i.sf_ConfigGPIO                          0x08005be8   Section        0  bsp_spi_flash.o(i.sf_ConfigGPIO)
    sf_ConfigGPIO                            0x08005be9   Thumb Code    54  bsp_spi_flash.o(i.sf_ConfigGPIO)
    i.sf_EraseSector                         0x08005c24   Section        0  bsp_spi_flash.o(i.sf_EraseSector)
    i.sf_NeedErase                           0x08005c60   Section        0  bsp_spi_flash.o(i.sf_NeedErase)
    sf_NeedErase                             0x08005c61   Thumb Code    40  bsp_spi_flash.o(i.sf_NeedErase)
    i.sf_PageWrite                           0x08005c88   Section        0  bsp_spi_flash.o(i.sf_PageWrite)
    i.sf_ReadBuffer                          0x08005dc4   Section        0  bsp_spi_flash.o(i.sf_ReadBuffer)
    i.sf_ReadID                              0x08005e24   Section        0  bsp_spi_flash.o(i.sf_ReadID)
    i.sf_ReadInfo                            0x08005e5c   Section        0  bsp_spi_flash.o(i.sf_ReadInfo)
    i.sf_SetAddressMode                      0x08005f50   Section        0  bsp_spi_flash.o(i.sf_SetAddressMode)
    i.sf_SetCS                               0x08005fac   Section        0  bsp_spi_flash.o(i.sf_SetCS)
    sf_SetCS                                 0x08005fad   Thumb Code    38  bsp_spi_flash.o(i.sf_SetCS)
    i.sf_WaitForWriteEnd                     0x08005fd8   Section        0  bsp_spi_flash.o(i.sf_WaitForWriteEnd)
    sf_WaitForWriteEnd                       0x08005fd9   Thumb Code    36  bsp_spi_flash.o(i.sf_WaitForWriteEnd)
    i.sf_WriteBuffer                         0x08005ffc   Section        0  bsp_spi_flash.o(i.sf_WriteBuffer)
    i.sf_WriteEnable                         0x08006170   Section        0  bsp_spi_flash.o(i.sf_WriteEnable)
    sf_WriteEnable                           0x08006171   Thumb Code    22  bsp_spi_flash.o(i.sf_WriteEnable)
    i.sf_WriteStatus                         0x08006188   Section        0  bsp_spi_flash.o(i.sf_WriteStatus)
    sf_WriteStatus                           0x08006189   Thumb Code   102  bsp_spi_flash.o(i.sf_WriteStatus)
    .constdata                               0x080061f8   Section      528  mydefine.o(.constdata)
    .data                                    0x20000000   Section        3  main.o(.data)
    .data                                    0x20000004   Section       29  mydefine.o(.data)
    scantims                                 0x20000020   Data           1  mydefine.o(.data)
    .data                                    0x20000022   Section     4081  arithmetic.o(.data)
    Step                                     0x20001012   Data           1  arithmetic.o(.data)
    .data                                    0x20001014   Section       29  bsp_timer.o(.data)
    s_uiDelayCount                           0x20001014   Data           4  bsp_timer.o(.data)
    s_ucTimeOutFlag                          0x20001018   Data           1  bsp_timer.o(.data)
    s_TIM_CallBack1                          0x20001020   Data           4  bsp_timer.o(.data)
    s_TIM_CallBack2                          0x20001024   Data           4  bsp_timer.o(.data)
    s_TIM_CallBack3                          0x20001028   Data           4  bsp_timer.o(.data)
    s_TIM_CallBack4                          0x2000102c   Data           4  bsp_timer.o(.data)
    s_count                                  0x20001030   Data           1  bsp_timer.o(.data)
    .data                                    0x20001032   Section        8  bsp_uart_fifo.o(.data)
    Step                                     0x20001036   Data           1  bsp_uart_fifo.o(.data)
    DelayTime                                0x20001037   Data           1  bsp_uart_fifo.o(.data)
    btbackup                                 0x20001038   Data           2  bsp_uart_fifo.o(.data)
    .data                                    0x2000103c   Section       20  bsp_sdio_sd.o(.data)
    CardType                                 0x2000103c   Data           4  bsp_sdio_sd.o(.data)
    RCA                                      0x20001040   Data           4  bsp_sdio_sd.o(.data)
    .data                                    0x20001050   Section        8  bsp_rtc.o(.data)
    .data                                    0x20001058   Section        4  bsp_ad7606.o(.data)
    F5msCount                                0x20001058   Data           1  bsp_ad7606.o(.data)
    F10msCount                               0x20001059   Data           1  bsp_ad7606.o(.data)
    F200msCount                              0x2000105a   Data           1  bsp_ad7606.o(.data)
    F500msCount                              0x2000105b   Data           1  bsp_ad7606.o(.data)
    .data                                    0x2000105c   Section        1  bsp_spi_bus.o(.data)
    .data                                    0x20001060   Section       12  bsp_moduletomodule.o(.data)
    Step                                     0x20001065   Data           1  bsp_moduletomodule.o(.data)
    Rx_len                                   0x20001066   Data           2  bsp_moduletomodule.o(.data)
    i                                        0x20001068   Data           1  bsp_moduletomodule.o(.data)
    step                                     0x20001069   Data           1  bsp_moduletomodule.o(.data)
    bagNum                                   0x2000106a   Data           1  bsp_moduletomodule.o(.data)
    sendtim                                  0x2000106b   Data           1  bsp_moduletomodule.o(.data)
    .data                                    0x2000106c   Section       16  stm32f4xx_rcc.o(.data)
    APBAHBPrescTable                         0x2000106c   Data          16  stm32f4xx_rcc.o(.data)
    .data                                    0x2000107c   Section       20  system_stm32f4xx.o(.data)
    .data                                    0x20001090   Section        4  errno.o(.data)
    _errno                                   0x20001090   Data           4  errno.o(.data)
    .bss                                     0x20001094   Section      260  mydefine.o(.bss)
    .bss                                     0x20001198   Section     4136  arithmetic.o(.bss)
    .bss                                     0x200021c0   Section       48  bsp_timer.o(.bss)
    s_tTmr                                   0x200021c0   Data          48  bsp_timer.o(.bss)
    .bss                                     0x200021f0   Section     1024  bsp_uart_fifo.o(.bss)
    .bss                                     0x200025f0   Section     4124  bsp_spi_flash.o(.bss)
    s_spiBuf                                 0x2000260c   Data        4096  bsp_spi_flash.o(.bss)
    STACK                                    0x20003610   Section    16384  startup_stm32f429_439xx.o(STACK)

    Global Symbols

    Symbol Name                              Value     Ov Type        Size  Object(Section)

    BuildAttributes$$THM_ISAv4$E$P$D$K$B$S$7EM$VFPi3$EXTD16$VFPS$VFMA$PE$A:L22UL41UL21$X:L11$S22US41US21$IEEE1$IW$USESV6$~STKCKD$USESV7$~SHL$OTIME$ROPI$IEEEJ$EBA8$MICROLIB$REQ8$PRES8$EABIv2 0x00000000   Number         0  anon$$obj.o ABSOLUTE
    __ARM_use_no_argv                        0x00000000   Number         0  main.o ABSOLUTE
    _printf_a                                0x00000000   Number         0  stubs.o ABSOLUTE
    _printf_c                                0x00000000   Number         0  stubs.o ABSOLUTE
    _printf_charcount                        0x00000000   Number         0  stubs.o ABSOLUTE
    _printf_d                                0x00000000   Number         0  stubs.o ABSOLUTE
    _printf_e                                0x00000000   Number         0  stubs.o ABSOLUTE
    _printf_f                                0x00000000   Number         0  stubs.o ABSOLUTE
    _printf_flags                            0x00000000   Number         0  stubs.o ABSOLUTE
    _printf_fp_dec                           0x00000000   Number         0  stubs.o ABSOLUTE
    _printf_fp_hex                           0x00000000   Number         0  stubs.o ABSOLUTE
    _printf_g                                0x00000000   Number         0  stubs.o ABSOLUTE
    _printf_i                                0x00000000   Number         0  stubs.o ABSOLUTE
    _printf_int_dec                          0x00000000   Number         0  stubs.o ABSOLUTE
    _printf_l                                0x00000000   Number         0  stubs.o ABSOLUTE
    _printf_lc                               0x00000000   Number         0  stubs.o ABSOLUTE
    _printf_ll                               0x00000000   Number         0  stubs.o ABSOLUTE
    _printf_lld                              0x00000000   Number         0  stubs.o ABSOLUTE
    _printf_lli                              0x00000000   Number         0  stubs.o ABSOLUTE
    _printf_llo                              0x00000000   Number         0  stubs.o ABSOLUTE
    _printf_llu                              0x00000000   Number         0  stubs.o ABSOLUTE
    _printf_llx                              0x00000000   Number         0  stubs.o ABSOLUTE
    _printf_longlong_dec                     0x00000000   Number         0  stubs.o ABSOLUTE
    _printf_longlong_hex                     0x00000000   Number         0  stubs.o ABSOLUTE
    _printf_longlong_oct                     0x00000000   Number         0  stubs.o ABSOLUTE
    _printf_ls                               0x00000000   Number         0  stubs.o ABSOLUTE
    _printf_mbtowc                           0x00000000   Number         0  stubs.o ABSOLUTE
    _printf_n                                0x00000000   Number         0  stubs.o ABSOLUTE
    _printf_o                                0x00000000   Number         0  stubs.o ABSOLUTE
    _printf_p                                0x00000000   Number         0  stubs.o ABSOLUTE
    _printf_percent                          0x00000000   Number         0  stubs.o ABSOLUTE
    _printf_pre_padding                      0x00000000   Number         0  stubs.o ABSOLUTE
    _printf_return_value                     0x00000000   Number         0  stubs.o ABSOLUTE
    _printf_s                                0x00000000   Number         0  stubs.o ABSOLUTE
    _printf_sizespec                         0x00000000   Number         0  stubs.o ABSOLUTE
    _printf_str                              0x00000000   Number         0  stubs.o ABSOLUTE
    _printf_truncate_signed                  0x00000000   Number         0  stubs.o ABSOLUTE
    _printf_truncate_unsigned                0x00000000   Number         0  stubs.o ABSOLUTE
    _printf_u                                0x00000000   Number         0  stubs.o ABSOLUTE
    _printf_wc                               0x00000000   Number         0  stubs.o ABSOLUTE
    _printf_wctomb                           0x00000000   Number         0  stubs.o ABSOLUTE
    _printf_widthprec                        0x00000000   Number         0  stubs.o ABSOLUTE
    _printf_x                                0x00000000   Number         0  stubs.o ABSOLUTE
    __cpp_initialize__aeabi_                  - Undefined Weak Reference
    __cxa_finalize                            - Undefined Weak Reference
    _clock_init                               - Undefined Weak Reference
    _microlib_exit                            - Undefined Weak Reference
    __Vectors_Size                           0x000001ac   Number         0  startup_stm32f429_439xx.o ABSOLUTE
    __Vectors                                0x08000000   Data           4  startup_stm32f429_439xx.o(RESET)
    __Vectors_End                            0x080001ac   Data           0  startup_stm32f429_439xx.o(RESET)
    __main                                   0x080001ad   Thumb Code     0  entry.o(.ARM.Collect$$$$00000000)
    _main_stk                                0x080001ad   Thumb Code     0  entry2.o(.ARM.Collect$$$$00000001)
    _main_scatterload                        0x080001b1   Thumb Code     0  entry5.o(.ARM.Collect$$$$00000004)
    __main_after_scatterload                 0x080001b5   Thumb Code     0  entry5.o(.ARM.Collect$$$$00000004)
    _main_clock                              0x080001b5   Thumb Code     0  entry7b.o(.ARM.Collect$$$$00000008)
    _main_cpp_init                           0x080001b5   Thumb Code     0  entry8b.o(.ARM.Collect$$$$0000000A)
    _main_init                               0x080001b5   Thumb Code     0  entry9a.o(.ARM.Collect$$$$0000000B)
    __rt_final_cpp                           0x080001bd   Thumb Code     0  entry10a.o(.ARM.Collect$$$$0000000D)
    __rt_final_exit                          0x080001bd   Thumb Code     0  entry11a.o(.ARM.Collect$$$$0000000F)
    cr4_fft_256_stm32                        0x080001c1   Thumb Code     0  cr4_fft_256_stm32.o(.text)
    cr4_fft_64_stm32                         0x080007a1   Thumb Code     0  cr4_fft_64_stm32.o(.text)
    Reset_Handler                            0x08000a71   Thumb Code     8  startup_stm32f429_439xx.o(.text)
    SVC_Handler                              0x08000a83   Thumb Code     2  startup_stm32f429_439xx.o(.text)
    PendSV_Handler                           0x08000a87   Thumb Code     2  startup_stm32f429_439xx.o(.text)
    ADC_IRQHandler                           0x08000a8b   Thumb Code     0  startup_stm32f429_439xx.o(.text)
    CAN1_RX0_IRQHandler                      0x08000a8b   Thumb Code     0  startup_stm32f429_439xx.o(.text)
    CAN1_RX1_IRQHandler                      0x08000a8b   Thumb Code     0  startup_stm32f429_439xx.o(.text)
    CAN1_SCE_IRQHandler                      0x08000a8b   Thumb Code     0  startup_stm32f429_439xx.o(.text)
    CAN1_TX_IRQHandler                       0x08000a8b   Thumb Code     0  startup_stm32f429_439xx.o(.text)
    CAN2_RX0_IRQHandler                      0x08000a8b   Thumb Code     0  startup_stm32f429_439xx.o(.text)
    CAN2_RX1_IRQHandler                      0x08000a8b   Thumb Code     0  startup_stm32f429_439xx.o(.text)
    CAN2_SCE_IRQHandler                      0x08000a8b   Thumb Code     0  startup_stm32f429_439xx.o(.text)
    CAN2_TX_IRQHandler                       0x08000a8b   Thumb Code     0  startup_stm32f429_439xx.o(.text)
    CRYP_IRQHandler                          0x08000a8b   Thumb Code     0  startup_stm32f429_439xx.o(.text)
    DCMI_IRQHandler                          0x08000a8b   Thumb Code     0  startup_stm32f429_439xx.o(.text)
    DMA1_Stream0_IRQHandler                  0x08000a8b   Thumb Code     0  startup_stm32f429_439xx.o(.text)
    DMA1_Stream1_IRQHandler                  0x08000a8b   Thumb Code     0  startup_stm32f429_439xx.o(.text)
    DMA1_Stream2_IRQHandler                  0x08000a8b   Thumb Code     0  startup_stm32f429_439xx.o(.text)
    DMA1_Stream3_IRQHandler                  0x08000a8b   Thumb Code     0  startup_stm32f429_439xx.o(.text)
    DMA1_Stream5_IRQHandler                  0x08000a8b   Thumb Code     0  startup_stm32f429_439xx.o(.text)
    DMA1_Stream7_IRQHandler                  0x08000a8b   Thumb Code     0  startup_stm32f429_439xx.o(.text)
    DMA2D_IRQHandler                         0x08000a8b   Thumb Code     0  startup_stm32f429_439xx.o(.text)
    DMA2_Stream0_IRQHandler                  0x08000a8b   Thumb Code     0  startup_stm32f429_439xx.o(.text)
    DMA2_Stream1_IRQHandler                  0x08000a8b   Thumb Code     0  startup_stm32f429_439xx.o(.text)
    DMA2_Stream2_IRQHandler                  0x08000a8b   Thumb Code     0  startup_stm32f429_439xx.o(.text)
    DMA2_Stream4_IRQHandler                  0x08000a8b   Thumb Code     0  startup_stm32f429_439xx.o(.text)
    DMA2_Stream5_IRQHandler                  0x08000a8b   Thumb Code     0  startup_stm32f429_439xx.o(.text)
    DMA2_Stream6_IRQHandler                  0x08000a8b   Thumb Code     0  startup_stm32f429_439xx.o(.text)
    DMA2_Stream7_IRQHandler                  0x08000a8b   Thumb Code     0  startup_stm32f429_439xx.o(.text)
    ETH_IRQHandler                           0x08000a8b   Thumb Code     0  startup_stm32f429_439xx.o(.text)
    ETH_WKUP_IRQHandler                      0x08000a8b   Thumb Code     0  startup_stm32f429_439xx.o(.text)
    EXTI0_IRQHandler                         0x08000a8b   Thumb Code     0  startup_stm32f429_439xx.o(.text)
    EXTI2_IRQHandler                         0x08000a8b   Thumb Code     0  startup_stm32f429_439xx.o(.text)
    EXTI3_IRQHandler                         0x08000a8b   Thumb Code     0  startup_stm32f429_439xx.o(.text)
    EXTI4_IRQHandler                         0x08000a8b   Thumb Code     0  startup_stm32f429_439xx.o(.text)
    EXTI9_5_IRQHandler                       0x08000a8b   Thumb Code     0  startup_stm32f429_439xx.o(.text)
    FLASH_IRQHandler                         0x08000a8b   Thumb Code     0  startup_stm32f429_439xx.o(.text)
    FMC_IRQHandler                           0x08000a8b   Thumb Code     0  startup_stm32f429_439xx.o(.text)
    FPU_IRQHandler                           0x08000a8b   Thumb Code     0  startup_stm32f429_439xx.o(.text)
    HASH_RNG_IRQHandler                      0x08000a8b   Thumb Code     0  startup_stm32f429_439xx.o(.text)
    I2C1_ER_IRQHandler                       0x08000a8b   Thumb Code     0  startup_stm32f429_439xx.o(.text)
    I2C1_EV_IRQHandler                       0x08000a8b   Thumb Code     0  startup_stm32f429_439xx.o(.text)
    I2C2_ER_IRQHandler                       0x08000a8b   Thumb Code     0  startup_stm32f429_439xx.o(.text)
    I2C2_EV_IRQHandler                       0x08000a8b   Thumb Code     0  startup_stm32f429_439xx.o(.text)
    I2C3_ER_IRQHandler                       0x08000a8b   Thumb Code     0  startup_stm32f429_439xx.o(.text)
    I2C3_EV_IRQHandler                       0x08000a8b   Thumb Code     0  startup_stm32f429_439xx.o(.text)
    LTDC_ER_IRQHandler                       0x08000a8b   Thumb Code     0  startup_stm32f429_439xx.o(.text)
    LTDC_IRQHandler                          0x08000a8b   Thumb Code     0  startup_stm32f429_439xx.o(.text)
    OTG_FS_IRQHandler                        0x08000a8b   Thumb Code     0  startup_stm32f429_439xx.o(.text)
    OTG_FS_WKUP_IRQHandler                   0x08000a8b   Thumb Code     0  startup_stm32f429_439xx.o(.text)
    OTG_HS_EP1_IN_IRQHandler                 0x08000a8b   Thumb Code     0  startup_stm32f429_439xx.o(.text)
    OTG_HS_EP1_OUT_IRQHandler                0x08000a8b   Thumb Code     0  startup_stm32f429_439xx.o(.text)
    OTG_HS_IRQHandler                        0x08000a8b   Thumb Code     0  startup_stm32f429_439xx.o(.text)
    OTG_HS_WKUP_IRQHandler                   0x08000a8b   Thumb Code     0  startup_stm32f429_439xx.o(.text)
    PVD_IRQHandler                           0x08000a8b   Thumb Code     0  startup_stm32f429_439xx.o(.text)
    RCC_IRQHandler                           0x08000a8b   Thumb Code     0  startup_stm32f429_439xx.o(.text)
    RTC_Alarm_IRQHandler                     0x08000a8b   Thumb Code     0  startup_stm32f429_439xx.o(.text)
    RTC_WKUP_IRQHandler                      0x08000a8b   Thumb Code     0  startup_stm32f429_439xx.o(.text)
    SAI1_IRQHandler                          0x08000a8b   Thumb Code     0  startup_stm32f429_439xx.o(.text)
    SPI1_IRQHandler                          0x08000a8b   Thumb Code     0  startup_stm32f429_439xx.o(.text)
    SPI2_IRQHandler                          0x08000a8b   Thumb Code     0  startup_stm32f429_439xx.o(.text)
    SPI3_IRQHandler                          0x08000a8b   Thumb Code     0  startup_stm32f429_439xx.o(.text)
    SPI4_IRQHandler                          0x08000a8b   Thumb Code     0  startup_stm32f429_439xx.o(.text)
    SPI5_IRQHandler                          0x08000a8b   Thumb Code     0  startup_stm32f429_439xx.o(.text)
    SPI6_IRQHandler                          0x08000a8b   Thumb Code     0  startup_stm32f429_439xx.o(.text)
    TAMP_STAMP_IRQHandler                    0x08000a8b   Thumb Code     0  startup_stm32f429_439xx.o(.text)
    TIM1_BRK_TIM9_IRQHandler                 0x08000a8b   Thumb Code     0  startup_stm32f429_439xx.o(.text)
    TIM1_CC_IRQHandler                       0x08000a8b   Thumb Code     0  startup_stm32f429_439xx.o(.text)
    TIM1_TRG_COM_TIM11_IRQHandler            0x08000a8b   Thumb Code     0  startup_stm32f429_439xx.o(.text)
    TIM1_UP_TIM10_IRQHandler                 0x08000a8b   Thumb Code     0  startup_stm32f429_439xx.o(.text)
    TIM3_IRQHandler                          0x08000a8b   Thumb Code     0  startup_stm32f429_439xx.o(.text)
    TIM4_IRQHandler                          0x08000a8b   Thumb Code     0  startup_stm32f429_439xx.o(.text)
    TIM5_IRQHandler                          0x08000a8b   Thumb Code     0  startup_stm32f429_439xx.o(.text)
    TIM6_DAC_IRQHandler                      0x08000a8b   Thumb Code     0  startup_stm32f429_439xx.o(.text)
    TIM7_IRQHandler                          0x08000a8b   Thumb Code     0  startup_stm32f429_439xx.o(.text)
    TIM8_BRK_TIM12_IRQHandler                0x08000a8b   Thumb Code     0  startup_stm32f429_439xx.o(.text)
    TIM8_CC_IRQHandler                       0x08000a8b   Thumb Code     0  startup_stm32f429_439xx.o(.text)
    TIM8_TRG_COM_TIM14_IRQHandler            0x08000a8b   Thumb Code     0  startup_stm32f429_439xx.o(.text)
    TIM8_UP_TIM13_IRQHandler                 0x08000a8b   Thumb Code     0  startup_stm32f429_439xx.o(.text)
    UART4_IRQHandler                         0x08000a8b   Thumb Code     0  startup_stm32f429_439xx.o(.text)
    UART5_IRQHandler                         0x08000a8b   Thumb Code     0  startup_stm32f429_439xx.o(.text)
    UART7_IRQHandler                         0x08000a8b   Thumb Code     0  startup_stm32f429_439xx.o(.text)
    UART8_IRQHandler                         0x08000a8b   Thumb Code     0  startup_stm32f429_439xx.o(.text)
    USART1_IRQHandler                        0x08000a8b   Thumb Code     0  startup_stm32f429_439xx.o(.text)
    USART3_IRQHandler                        0x08000a8b   Thumb Code     0  startup_stm32f429_439xx.o(.text)
    USART6_IRQHandler                        0x08000a8b   Thumb Code     0  startup_stm32f429_439xx.o(.text)
    WWDG_IRQHandler                          0x08000a8b   Thumb Code     0  startup_stm32f429_439xx.o(.text)
    __aeabi_memcpy                           0x08000a95   Thumb Code    36  memcpya.o(.text)
    __aeabi_memcpy4                          0x08000a95   Thumb Code     0  memcpya.o(.text)
    __aeabi_memcpy8                          0x08000a95   Thumb Code     0  memcpya.o(.text)
    memcmp                                   0x08000ab9   Thumb Code    26  memcmp.o(.text)
    strcpy                                   0x08000ad3   Thumb Code    18  strcpy.o(.text)
    __aeabi_dmul                             0x08000ae5   Thumb Code   228  dmul.o(.text)
    __aeabi_ddiv                             0x08000bc9   Thumb Code   222  ddiv.o(.text)
    __aeabi_i2d                              0x08000ca7   Thumb Code    34  dflti.o(.text)
    __aeabi_f2d                              0x08000cc9   Thumb Code    38  f2d.o(.text)
    __aeabi_d2f                              0x08000cef   Thumb Code    56  d2f.o(.text)
    __aeabi_llsl                             0x08000d27   Thumb Code    30  llshl.o(.text)
    _ll_shift_l                              0x08000d27   Thumb Code     0  llshl.o(.text)
    __aeabi_llsr                             0x08000d45   Thumb Code    32  llushr.o(.text)
    _ll_ushift_r                             0x08000d45   Thumb Code     0  llushr.o(.text)
    __I$use$fp                               0x08000d65   Thumb Code     0  iusefp.o(.text)
    _float_round                             0x08000d65   Thumb Code    18  fepilogue.o(.text)
    _float_epilogue                          0x08000d77   Thumb Code    92  fepilogue.o(.text)
    _double_round                            0x08000dd3   Thumb Code    30  depilogue.o(.text)
    _double_epilogue                         0x08000df1   Thumb Code   156  depilogue.o(.text)
    _dsqrt                                   0x08000e8d   Thumb Code   162  dsqrt.o(.text)
    __scatterload                            0x08000f31   Thumb Code    28  init.o(.text)
    __scatterload_rt2                        0x08000f31   Thumb Code     0  init.o(.text)
    __decompress                             0x08000f55   Thumb Code     0  __dclz77c.o(.text)
    __decompress2                            0x08000f55   Thumb Code    94  __dclz77c.o(.text)
    AD7606_EnterAutoMode                     0x08000fb5   Thumb Code    98  bsp_ad7606.o(i.AD7606_EnterAutoMode)
    AD7606_ISR                               0x08001081   Thumb Code   418  bsp_ad7606.o(i.AD7606_ISR)
    AD7606_Reset                             0x08001245   Thumb Code    40  bsp_ad7606.o(i.AD7606_Reset)
    AD7606_SetInputRange                     0x08001271   Thumb Code    30  bsp_ad7606.o(i.AD7606_SetInputRange)
    AD7606_StartConvst                       0x08001295   Thumb Code    32  bsp_ad7606.o(i.AD7606_StartConvst)
    AD7606_StartRecord                       0x080012b9   Thumb Code    24  bsp_ad7606.o(i.AD7606_StartRecord)
    AD7606_StopRecord                        0x080012d1   Thumb Code    48  bsp_ad7606.o(i.AD7606_StopRecord)
    ADCVerification                          0x08001309   Thumb Code    32  bsp_ad7606.o(i.ADCVerification)
    BusFault_Handler                         0x08001335   Thumb Code     4  stm32f4xx_it.o(i.BusFault_Handler)
    CRC_GetModbus16                          0x08001339   Thumb Code    42  mydefine.o(i.CRC_GetModbus16)
    ClrSDRAM                                 0x08001369   Thumb Code    22  bsp_fmc_sdram.o(i.ClrSDRAM)
    DMA1_Stream4_IRQHandler                  0x0800199d   Thumb Code     8  stm32f4xx_it.o(i.DMA1_Stream4_IRQHandler)
    DMA1_Stream6_IRQHandler                  0x080019a5   Thumb Code     8  stm32f4xx_it.o(i.DMA1_Stream6_IRQHandler)
    DMA2_Stream3_IRQHandler                  0x080019ad   Thumb Code     8  bsp_sdio_sd.o(i.DMA2_Stream3_IRQHandler)
    DMA_ClearFlag                            0x080019b5   Thumb Code    38  stm32f4xx_dma.o(i.DMA_ClearFlag)
    DMA_Cmd                                  0x080019e9   Thumb Code    22  stm32f4xx_dma.o(i.DMA_Cmd)
    DMA_DeInit                               0x08001a01   Thumb Code   324  stm32f4xx_dma.o(i.DMA_DeInit)
    DMA_GetCmdStatus                         0x08001b59   Thumb Code    20  stm32f4xx_dma.o(i.DMA_GetCmdStatus)
    DMA_GetCurrDataCounter                   0x08001b6d   Thumb Code     8  stm32f4xx_dma.o(i.DMA_GetCurrDataCounter)
    DMA_GetFlagStatus                        0x08001b75   Thumb Code    54  stm32f4xx_dma.o(i.DMA_GetFlagStatus)
    DMA_ITConfig                             0x08001bb9   Thumb Code    58  stm32f4xx_dma.o(i.DMA_ITConfig)
    DMA_Init                                 0x08001bf5   Thumb Code    82  stm32f4xx_dma.o(i.DMA_Init)
    DMA_SetCurrDataCounter                   0x08001c4d   Thumb Code     4  stm32f4xx_dma.o(i.DMA_SetCurrDataCounter)
    DebugMon_Handler                         0x08001c51   Thumb Code     2  stm32f4xx_it.o(i.DebugMon_Handler)
    EXTI15_10_IRQHandler                     0x08001c53   Thumb Code     2  stm32f4xx_it.o(i.EXTI15_10_IRQHandler)
    EXTI1_IRQHandler                         0x08001c55   Thumb Code    14  stm32f4xx_it.o(i.EXTI1_IRQHandler)
    EXTI_ClearITPendingBit                   0x08001c65   Thumb Code     6  stm32f4xx_exti.o(i.EXTI_ClearITPendingBit)
    EXTI_Init                                0x08001c71   Thumb Code   142  stm32f4xx_exti.o(i.EXTI_Init)
    FFT_VerifyDisplay                        0x08001d49   Thumb Code   326  arithmetic.o(i.FFT_VerifyDisplay)
    FIFO_Backpointer                         0x08001ea5   Thumb Code    18  mydefine.o(i.FIFO_Backpointer)
    FIFO_length                              0x08001eb7   Thumb Code    20  mydefine.o(i.FIFO_length)
    FIFO_pointer                             0x08001ecb   Thumb Code    20  mydefine.o(i.FIFO_pointer)
    FMC_GetFlagStatus                        0x08001ee1   Thumb Code    68  stm32f4xx_fmc.o(i.FMC_GetFlagStatus)
    FMC_NORSRAMCmd                           0x08001f29   Thumb Code    46  stm32f4xx_fmc.o(i.FMC_NORSRAMCmd)
    FMC_NORSRAMInit                          0x08001f5d   Thumb Code   316  stm32f4xx_fmc.o(i.FMC_NORSRAMInit)
    FMC_SDRAMCmdConfig                       0x0800209d   Thumb Code    28  stm32f4xx_fmc.o(i.FMC_SDRAMCmdConfig)
    FMC_SDRAMInit                            0x080020bd   Thumb Code   318  stm32f4xx_fmc.o(i.FMC_SDRAMInit)
    FMC_SetRefreshCount                      0x08002201   Thumb Code    18  stm32f4xx_fmc.o(i.FMC_SetRefreshCount)
    FaskCalTask                              0x08002219   Thumb Code   396  arithmetic.o(i.FaskCalTask)
    GPIO_Init                                0x080023bd   Thumb Code   144  stm32f4xx_gpio.o(i.GPIO_Init)
    GPIO_PinAFConfig                         0x0800244d   Thumb Code    70  stm32f4xx_gpio.o(i.GPIO_PinAFConfig)
    GPIO_ReadInputDataBit                    0x08002493   Thumb Code    18  stm32f4xx_gpio.o(i.GPIO_ReadInputDataBit)
    GPIO_ReadOutputDataBit                   0x080024a5   Thumb Code    18  stm32f4xx_gpio.o(i.GPIO_ReadOutputDataBit)
    GPIO_ResetBits                           0x080024b7   Thumb Code     4  stm32f4xx_gpio.o(i.GPIO_ResetBits)
    GPIO_SetBits                             0x080024bb   Thumb Code     4  stm32f4xx_gpio.o(i.GPIO_SetBits)
    GPIO_WriteBit                            0x080024bf   Thumb Code    10  stm32f4xx_gpio.o(i.GPIO_WriteBit)
    HardFault_Handler                        0x080024ed   Thumb Code    38  stm32f4xx_it.o(i.HardFault_Handler)
    IWDG_Enable                              0x08002545   Thumb Code    10  stm32f4xx_iwdg.o(i.IWDG_Enable)
    IWDG_ReloadCounter                       0x08002555   Thumb Code    10  stm32f4xx_iwdg.o(i.IWDG_ReloadCounter)
    IWDG_SetPrescaler                        0x08002565   Thumb Code     6  stm32f4xx_iwdg.o(i.IWDG_SetPrescaler)
    IWDG_SetReload                           0x08002571   Thumb Code     6  stm32f4xx_iwdg.o(i.IWDG_SetReload)
    IWDG_WriteAccessCmd                      0x0800257d   Thumb Code     6  stm32f4xx_iwdg.o(i.IWDG_WriteAccessCmd)
    KeyScan                                  0x080026b9   Thumb Code    66  mydefine.o(i.KeyScan)
    MemManage_Handler                        0x08002709   Thumb Code     4  stm32f4xx_it.o(i.MemManage_Handler)
    ModuleComInit                            0x0800270d   Thumb Code   588  bsp_moduletomodule.o(i.ModuleComInit)
    ModuleSPIRMS                             0x0800296d   Thumb Code   140  bsp_moduletomodule.o(i.ModuleSPIRMS)
    ModuleSPITXTask                          0x08002a05   Thumb Code   800  bsp_moduletomodule.o(i.ModuleSPITXTask)
    ModuleSPITxStart                         0x08002d45   Thumb Code   100  bsp_moduletomodule.o(i.ModuleSPITxStart)
    ModuleSPITxStartIRQ                      0x08002db9   Thumb Code    42  bsp_moduletomodule.o(i.ModuleSPITxStartIRQ)
    ModuleTask                               0x08002df1   Thumb Code   938  bsp_moduletomodule.o(i.ModuleTask)
    ModuleUartTXTask                         0x080031c1   Thumb Code   288  bsp_moduletomodule.o(i.ModuleUartTXTask)
    NMI_Handler                              0x080032ed   Thumb Code     2  stm32f4xx_it.o(i.NMI_Handler)
    NVIC_Init                                0x080032f1   Thumb Code   106  misc.o(i.NVIC_Init)
    NVIC_PriorityGroupConfig                 0x08003369   Thumb Code    10  misc.o(i.NVIC_PriorityGroupConfig)
    PWR_BackupAccessCmd                      0x0800337d   Thumb Code     6  stm32f4xx_pwr.o(i.PWR_BackupAccessCmd)
    RCC_AHB1PeriphClockCmd                   0x08003389   Thumb Code    26  stm32f4xx_rcc.o(i.RCC_AHB1PeriphClockCmd)
    RCC_AHB3PeriphClockCmd                   0x080033a9   Thumb Code    26  stm32f4xx_rcc.o(i.RCC_AHB3PeriphClockCmd)
    RCC_APB1PeriphClockCmd                   0x080033c9   Thumb Code    26  stm32f4xx_rcc.o(i.RCC_APB1PeriphClockCmd)
    RCC_APB2PeriphClockCmd                   0x080033e9   Thumb Code    26  stm32f4xx_rcc.o(i.RCC_APB2PeriphClockCmd)
    RCC_GetClocksFreq                        0x08003409   Thumb Code   214  stm32f4xx_rcc.o(i.RCC_GetClocksFreq)
    RCC_GetFlagStatus                        0x080034f1   Thumb Code    60  stm32f4xx_rcc.o(i.RCC_GetFlagStatus)
    RCC_LSEConfig                            0x08003531   Thumb Code    40  stm32f4xx_rcc.o(i.RCC_LSEConfig)
    RCC_RTCCLKCmd                            0x0800355d   Thumb Code     6  stm32f4xx_rcc.o(i.RCC_RTCCLKCmd)
    RCC_RTCCLKConfig                         0x08003569   Thumb Code    50  stm32f4xx_rcc.o(i.RCC_RTCCLKConfig)
    RTC_CalcWeek                             0x080035d7   Thumb Code   190  bsp_rtc.o(i.RTC_CalcWeek)
    RTC_Config                               0x08003695   Thumb Code   102  bsp_rtc.o(i.RTC_Config)
    RTC_EnterInitMode                        0x08003705   Thumb Code    76  stm32f4xx_rtc.o(i.RTC_EnterInitMode)
    RTC_ExitInitMode                         0x08003755   Thumb Code    14  stm32f4xx_rtc.o(i.RTC_ExitInitMode)
    RTC_GetDate                              0x08003769   Thumb Code    68  stm32f4xx_rtc.o(i.RTC_GetDate)
    RTC_GetTime                              0x080037b5   Thumb Code    72  stm32f4xx_rtc.o(i.RTC_GetTime)
    RTC_Init                                 0x08003805   Thumb Code    94  stm32f4xx_rtc.o(i.RTC_Init)
    RTC_ReadBackupRegister                   0x08003869   Thumb Code    26  stm32f4xx_rtc.o(i.RTC_ReadBackupRegister)
    RTC_SetDate                              0x08003889   Thumb Code   190  stm32f4xx_rtc.o(i.RTC_SetDate)
    RTC_SetTime                              0x08003951   Thumb Code   198  stm32f4xx_rtc.o(i.RTC_SetTime)
    RTC_WaitForSynchro                       0x08003a21   Thumb Code    92  stm32f4xx_rtc.o(i.RTC_WaitForSynchro)
    RTC_WriteBackupRegister                  0x08003a81   Thumb Code    24  stm32f4xx_rtc.o(i.RTC_WriteBackupRegister)
    ReadParam                                0x08003a9d   Thumb Code   166  mydefine.o(i.ReadParam)
    SDIO_ClearITPendingBit                   0x08003b55   Thumb Code     6  stm32f4xx_sdio.o(i.SDIO_ClearITPendingBit)
    SDIO_GetITStatus                         0x08003b61   Thumb Code    20  stm32f4xx_sdio.o(i.SDIO_GetITStatus)
    SDIO_IRQHandler                          0x08003b79   Thumb Code     8  bsp_sdio_sd.o(i.SDIO_IRQHandler)
    SDIO_ITConfig                            0x08003b81   Thumb Code    26  stm32f4xx_sdio.o(i.SDIO_ITConfig)
    SD_ProcessDMAIRQ                         0x08003e7d   Thumb Code    26  bsp_sdio_sd.o(i.SD_ProcessDMAIRQ)
    SD_ProcessIRQSrc                         0x08003e9d   Thumb Code   162  bsp_sdio_sd.o(i.SD_ProcessIRQSrc)
    SPI_Cmd                                  0x08003f49   Thumb Code    24  stm32f4xx_spi.o(i.SPI_Cmd)
    SPI_I2S_DMACmd                           0x08003f61   Thumb Code    18  stm32f4xx_spi.o(i.SPI_I2S_DMACmd)
    SPI_I2S_GetFlagStatus                    0x08003f73   Thumb Code    18  stm32f4xx_spi.o(i.SPI_I2S_GetFlagStatus)
    SPI_I2S_ReceiveData                      0x08003f85   Thumb Code     6  stm32f4xx_spi.o(i.SPI_I2S_ReceiveData)
    SPI_I2S_SendData                         0x08003f8b   Thumb Code     4  stm32f4xx_spi.o(i.SPI_I2S_SendData)
    SPI_Init                                 0x08003f8f   Thumb Code    60  stm32f4xx_spi.o(i.SPI_Init)
    SYSCFG_EXTILineConfig                    0x08003fcd   Thumb Code    60  stm32f4xx_syscfg.o(i.SYSCFG_EXTILineConfig)
    SaveWave                                 0x0800400d   Thumb Code   134  bsp_ad7606.o(i.SaveWave)
    SelRouteCalTask                          0x080040a1   Thumb Code   916  arithmetic.o(i.SelRouteCalTask)
    SysGetTime                               0x0800457d   Thumb Code   108  mydefine.o(i.SysGetTime)
    SysSetTime                               0x080045f1   Thumb Code    64  mydefine.o(i.SysSetTime)
    SysTick_Handler                          0x0800463d   Thumb Code     8  stm32f4xx_it.o(i.SysTick_Handler)
    SysTick_ISR                              0x08004645   Thumb Code   106  bsp_timer.o(i.SysTick_ISR)
    SystemCoreClockUpdate                    0x080046c5   Thumb Code   170  system_stm32f4xx.o(i.SystemCoreClockUpdate)
    SystemInit                               0x08004785   Thumb Code    88  system_stm32f4xx.o(i.SystemInit)
    TIM2_IRQHandler                          0x080047ed   Thumb Code   140  bsp_timer.o(i.TIM2_IRQHandler)
    TIM_ARRPreloadConfig                     0x08004889   Thumb Code    24  stm32f4xx_tim.o(i.TIM_ARRPreloadConfig)
    TIM_ClearITPendingBit                    0x080048a1   Thumb Code     6  stm32f4xx_tim.o(i.TIM_ClearITPendingBit)
    TIM_Cmd                                  0x080048a7   Thumb Code    24  stm32f4xx_tim.o(i.TIM_Cmd)
    TIM_CtrlPWMOutputs                       0x080048bf   Thumb Code    30  stm32f4xx_tim.o(i.TIM_CtrlPWMOutputs)
    TIM_GetITStatus                          0x080048dd   Thumb Code    34  stm32f4xx_tim.o(i.TIM_GetITStatus)
    TIM_ITConfig                             0x080048ff   Thumb Code    18  stm32f4xx_tim.o(i.TIM_ITConfig)
    TIM_OC1Init                              0x08004911   Thumb Code   114  stm32f4xx_tim.o(i.TIM_OC1Init)
    TIM_OC1PreloadConfig                     0x0800498d   Thumb Code    18  stm32f4xx_tim.o(i.TIM_OC1PreloadConfig)
    TIM_OC2Init                              0x080049a1   Thumb Code   154  stm32f4xx_tim.o(i.TIM_OC2Init)
    TIM_OC2PreloadConfig                     0x08004a45   Thumb Code    26  stm32f4xx_tim.o(i.TIM_OC2PreloadConfig)
    TIM_OC3Init                              0x08004a61   Thumb Code   150  stm32f4xx_tim.o(i.TIM_OC3Init)
    TIM_OC3PreloadConfig                     0x08004b01   Thumb Code    18  stm32f4xx_tim.o(i.TIM_OC3PreloadConfig)
    TIM_OC4Init                              0x08004b15   Thumb Code   112  stm32f4xx_tim.o(i.TIM_OC4Init)
    TIM_OC4PreloadConfig                     0x08004b8d   Thumb Code    26  stm32f4xx_tim.o(i.TIM_OC4PreloadConfig)
    TIM_TimeBaseInit                         0x08004ba9   Thumb Code   104  stm32f4xx_tim.o(i.TIM_TimeBaseInit)
    USART2_IRQHandler                        0x08004c2d   Thumb Code     2  stm32f4xx_it.o(i.USART2_IRQHandler)
    USART_ClearFlag                          0x08004c2f   Thumb Code    18  stm32f4xx_usart.o(i.USART_ClearFlag)
    USART_Cmd                                0x08004c41   Thumb Code    24  stm32f4xx_usart.o(i.USART_Cmd)
    USART_DMACmd                             0x08004c59   Thumb Code    18  stm32f4xx_usart.o(i.USART_DMACmd)
    USART_Init                               0x08004c6d   Thumb Code   204  stm32f4xx_usart.o(i.USART_Init)
    UsageFault_Handler                       0x08004d41   Thumb Code     4  stm32f4xx_it.o(i.UsageFault_Handler)
    Usart2DMATxIRQ                           0x08004d45   Thumb Code    28  bsp_moduletomodule.o(i.Usart2DMATxIRQ)
    Usart2Send                               0x08004d6d   Thumb Code    88  bsp_moduletomodule.o(i.Usart2Send)
    WriteParam                               0x08004dd5   Thumb Code    36  mydefine.o(i.WriteParam)
    __hardfp_fabs                            0x08004e01   Thumb Code    20  fabs.o(i.__hardfp_fabs)
    __hardfp_sqrt                            0x08004e15   Thumb Code   122  sqrt.o(i.__hardfp_sqrt)
    __scatterload_copy                       0x08004e8f   Thumb Code    14  handlers.o(i.__scatterload_copy)
    __scatterload_null                       0x08004e9d   Thumb Code     2  handlers.o(i.__scatterload_null)
    __scatterload_zeroinit                   0x08004e9f   Thumb Code    14  handlers.o(i.__scatterload_zeroinit)
    __set_errno                              0x08004eb5   Thumb Code     6  errno.o(i.__set_errno)
    bsp_ConfigGpioOut                        0x08004ec1   Thumb Code    54  bsp_tim_pwm.o(i.bsp_ConfigGpioOut)
    bsp_ConfigTimGpio                        0x08004ef9   Thumb Code   150  bsp_tim_pwm.o(i.bsp_ConfigTimGpio)
    bsp_DelayMS                              0x08004fa5   Thumb Code    58  bsp_timer.o(i.bsp_DelayMS)
    bsp_GetAFofTIM                           0x08004fe9   Thumb Code   144  bsp_tim_pwm.o(i.bsp_GetAFofTIM)
    bsp_GetPinSource                         0x080050a5   Thumb Code   146  bsp_tim_pwm.o(i.bsp_GetPinSource)
    bsp_GetRCCofGPIO                         0x08005139   Thumb Code    94  bsp_tim_pwm.o(i.bsp_GetRCCofGPIO)
    bsp_GetRCCofTIM                          0x080051bd   Thumb Code   150  bsp_tim_pwm.o(i.bsp_GetRCCofTIM)
    bsp_Idle                                 0x08005289   Thumb Code     2  bsp.o(i.bsp_Idle)
    bsp_Init                                 0x0800528d   Thumb Code   118  bsp.o(i.bsp_Init)
    bsp_InitAD7606                           0x08005311   Thumb Code    36  bsp_ad7606.o(i.bsp_InitAD7606)
    bsp_InitDWT                              0x0800533d   Thumb Code    30  bsp_dwt.o(i.bsp_InitDWT)
    bsp_InitExtIO                            0x08005365   Thumb Code     8  bsp_ext_io.o(i.bsp_InitExtIO)
    bsp_InitExtSDRAM                         0x0800536d   Thumb Code   104  bsp_fmc_sdram.o(i.bsp_InitExtSDRAM)
    bsp_InitHardTimer                        0x080053d5   Thumb Code    94  bsp_timer.o(i.bsp_InitHardTimer)
    bsp_InitI2C                              0x0800543d   Thumb Code    52  bsp_i2c_gpio.o(i.bsp_InitI2C)
    bsp_InitRTC                              0x08005475   Thumb Code    62  bsp_rtc.o(i.bsp_InitRTC)
    bsp_InitSFlash                           0x080054b3   Thumb Code    48  bsp_spi_flash.o(i.bsp_InitSFlash)
    bsp_InitTimer                            0x080054e5   Thumb Code   140  bsp_timer.o(i.bsp_InitTimer)
    bsp_InitUart                             0x08005581   Thumb Code     8  bsp_uart_fifo.o(i.bsp_InitUart)
    bsp_RunPer10ms                           0x08005589   Thumb Code     2  bsp.o(i.bsp_RunPer10ms)
    bsp_SPI_Init                             0x0800558d   Thumb Code    40  bsp_spi_bus.o(i.bsp_SPI_Init)
    bsp_SetTIMOutPWM                         0x080055b9   Thumb Code   416  bsp_tim_pwm.o(i.bsp_SetTIMOutPWM)
    bsp_SpiBusEnter                          0x0800578d   Thumb Code     8  bsp_spi_bus.o(i.bsp_SpiBusEnter)
    bsp_SpiBusExit                           0x08005799   Thumb Code     8  bsp_spi_bus.o(i.bsp_SpiBusExit)
    bsp_spiRead1                             0x080057a5   Thumb Code    64  bsp_spi_bus.o(i.bsp_spiRead1)
    bsp_spiWrite1                            0x080057e9   Thumb Code    62  bsp_spi_bus.o(i.bsp_spiWrite1)
    i2c_Stop                                 0x080058f5   Thumb Code    40  bsp_i2c_gpio.o(i.i2c_Stop)
    main                                     0x08005921   Thumb Code   208  main.o(i.main)
    sf_EraseSector                           0x08005c25   Thumb Code    60  bsp_spi_flash.o(i.sf_EraseSector)
    sf_PageWrite                             0x08005c89   Thumb Code   306  bsp_spi_flash.o(i.sf_PageWrite)
    sf_ReadBuffer                            0x08005dc5   Thumb Code    90  bsp_spi_flash.o(i.sf_ReadBuffer)
    sf_ReadID                                0x08005e25   Thumb Code    56  bsp_spi_flash.o(i.sf_ReadID)
    sf_ReadInfo                              0x08005e5d   Thumb Code   162  bsp_spi_flash.o(i.sf_ReadInfo)
    sf_SetAddressMode                        0x08005f51   Thumb Code    92  bsp_spi_flash.o(i.sf_SetAddressMode)
    sf_WriteBuffer                           0x08005ffd   Thumb Code   366  bsp_spi_flash.o(i.sf_WriteBuffer)
    radical3                                 0x080061f8   Data           4  mydefine.o(.constdata)
    radical2                                 0x080061fc   Data           4  mydefine.o(.constdata)
    Ver                                      0x08006200   Data           6  mydefine.o(.constdata)
    Region$$Table$$Base                      0x08006408   Number         0  anon$$obj.o(Region$$Table)
    Region$$Table$$Limit                     0x08006428   Number         0  anon$$obj.o(Region$$Table)
    testTim                                  0x20000000   Data           1  main.o(.data)
    SendFlag                                 0x20000001   Data           1  main.o(.data)
    SendCount                                0x20000002   Data           1  main.o(.data)
    PoramFlag                                0x20000004   Data           1  mydefine.o(.data)
    ComData                                  0x20000005   Data           3  mydefine.o(.data)
    ADCFifo                                  0x20000008   Data           4  mydefine.o(.data)
    FaultFifo_pt                             0x2000000c   Data           1  mydefine.o(.data)
    ADCWholeVar                              0x20000010   Data           4  mydefine.o(.data)
    SystemState                              0x20000014   Data           4  mydefine.o(.data)
    uSCount                                  0x20000018   Data           2  mydefine.o(.data)
    WholeBit                                 0x2000001a   Data           1  mydefine.o(.data)
    Membuf                                   0x2000001c   Data           4  mydefine.o(.data)
    TableFFT                                 0x20000022   Data        4080  arithmetic.o(.data)
    g_iRunTime                               0x2000101c   Data           4  bsp_timer.o(.data)
    RS232bt                                  0x20001032   Data           2  bsp_uart_fifo.o(.data)
    RS232TXbuflen                            0x20001034   Data           2  bsp_uart_fifo.o(.data)
    StopCondition                            0x20001044   Data           4  bsp_sdio_sd.o(.data)
    TransferError                            0x20001048   Data           1  bsp_sdio_sd.o(.data)
    TransferEnd                              0x2000104c   Data           4  bsp_sdio_sd.o(.data)
    RTC_TimeStructure                        0x20001050   Data           4  bsp_rtc.o(.data)
    RTC_DateStructure                        0x20001054   Data           4  bsp_rtc.o(.data)
    g_spi_busy                               0x2000105c   Data           1  bsp_spi_bus.o(.data)
    ModuleGlobal                             0x20001060   Data           4  bsp_moduletomodule.o(.data)
    ModuleTxFlag                             0x20001064   Data           1  bsp_moduletomodule.o(.data)
    SystemCoreClock                          0x2000107c   Data           4  system_stm32f4xx.o(.data)
    AHBPrescTable                            0x20001080   Data          16  system_stm32f4xx.o(.data)
    PoramData                                0x20001094   Data          68  mydefine.o(.bss)
    NandCfgData                              0x200010d8   Data          12  mydefine.o(.bss)
    FaultFifo                                0x200010e4   Data         120  mydefine.o(.bss)
    SystemTime                               0x2000115c   Data          12  mydefine.o(.bss)
    ChipICID                                 0x20001168   Data          16  mydefine.o(.bss)
    nand_info                                0x20001178   Data          32  mydefine.o(.bss)
    lBUFIN                                   0x20001198   Data        1024  arithmetic.o(.bss)
    lBUFOUT                                  0x20001598   Data        1024  arithmetic.o(.bss)
    lBUFMAG                                  0x20001998   Data        1024  arithmetic.o(.bss)
    ADCParameter                             0x20001d98   Data          40  arithmetic.o(.bss)
    bubblebuf                                0x20001dc0   Data        1024  arithmetic.o(.bss)
    RS232RXbuf                               0x200021f0   Data         512  bsp_uart_fifo.o(.bss)
    RS232TXbuf                               0x200023f0   Data         512  bsp_uart_fifo.o(.bss)
    g_tSF                                    0x200025f0   Data          28  bsp_spi_flash.o(.bss)
    __initial_sp                             0x20007610   Data           0  startup_stm32f429_439xx.o(STACK)



==============================================================================

Memory Map of the image

  Image Entry point : 0x080001ad

  Load Region LR_IROM1 (Base: 0x08000000, Size: 0x000074bc, Max: 0x00200000, ABSOLUTE, COMPRESSED[0x00007068])

    Execution Region ER_IROM1 (Base: 0x08000000, Size: 0x00006428, Max: 0x00200000, ABSOLUTE)

    Base Addr    Size         Type   Attr      Idx    E Section Name        Object

    0x08000000   0x000001ac   Data   RO         2180    RESET               startup_stm32f429_439xx.o
    0x080001ac   0x00000000   Code   RO         5445  * .ARM.Collect$$$$00000000  mc_w.l(entry.o)
    0x080001ac   0x00000004   Code   RO         5731    .ARM.Collect$$$$00000001  mc_w.l(entry2.o)
    0x080001b0   0x00000004   Code   RO         5734    .ARM.Collect$$$$00000004  mc_w.l(entry5.o)
    0x080001b4   0x00000000   Code   RO         5736    .ARM.Collect$$$$00000008  mc_w.l(entry7b.o)
    0x080001b4   0x00000000   Code   RO         5738    .ARM.Collect$$$$0000000A  mc_w.l(entry8b.o)
    0x080001b4   0x00000008   Code   RO         5739    .ARM.Collect$$$$0000000B  mc_w.l(entry9a.o)
    0x080001bc   0x00000000   Code   RO         5741    .ARM.Collect$$$$0000000D  mc_w.l(entry10a.o)
    0x080001bc   0x00000000   Code   RO         5743    .ARM.Collect$$$$0000000F  mc_w.l(entry11a.o)
    0x080001bc   0x00000004   Code   RO         5732    .ARM.Collect$$$$00002712  mc_w.l(entry2.o)
    0x080001c0   0x000005de   Code   RO          377    .text               cr4_fft_256_stm32.o
    0x0800079e   0x00000002   PAD
    0x080007a0   0x000002ce   Code   RO          460    .text               cr4_fft_64_stm32.o
    0x08000a6e   0x00000002   PAD
    0x08000a70   0x00000024   Code   RO         2181    .text               startup_stm32f429_439xx.o
    0x08000a94   0x00000024   Code   RO         5450    .text               mc_w.l(memcpya.o)
    0x08000ab8   0x0000001a   Code   RO         5454    .text               mc_w.l(memcmp.o)
    0x08000ad2   0x00000012   Code   RO         5456    .text               mc_w.l(strcpy.o)
    0x08000ae4   0x000000e4   Code   RO         5721    .text               mf_w.l(dmul.o)
    0x08000bc8   0x000000de   Code   RO         5723    .text               mf_w.l(ddiv.o)
    0x08000ca6   0x00000022   Code   RO         5725    .text               mf_w.l(dflti.o)
    0x08000cc8   0x00000026   Code   RO         5727    .text               mf_w.l(f2d.o)
    0x08000cee   0x00000038   Code   RO         5729    .text               mf_w.l(d2f.o)
    0x08000d26   0x0000001e   Code   RO         5748    .text               mc_w.l(llshl.o)
    0x08000d44   0x00000020   Code   RO         5750    .text               mc_w.l(llushr.o)
    0x08000d64   0x00000000   Code   RO         5759    .text               mc_w.l(iusefp.o)
    0x08000d64   0x0000006e   Code   RO         5760    .text               mf_w.l(fepilogue.o)
    0x08000dd2   0x000000ba   Code   RO         5762    .text               mf_w.l(depilogue.o)
    0x08000e8c   0x000000a2   Code   RO         5766    .text               mf_w.l(dsqrt.o)
    0x08000f2e   0x00000002   PAD
    0x08000f30   0x00000024   Code   RO         5774    .text               mc_w.l(init.o)
    0x08000f54   0x0000005e   Code   RO         5786    .text               mc_w.l(__dclz77c.o)
    0x08000fb2   0x00000002   PAD
    0x08000fb4   0x0000006c   Code   RO         1574    i.AD7606_EnterAutoMode  bsp_ad7606.o
    0x08001020   0x00000060   Code   RO         1575    i.AD7606_FSMCConfig  bsp_ad7606.o
    0x08001080   0x000001c4   Code   RO         1576    i.AD7606_ISR        bsp_ad7606.o
    0x08001244   0x0000002c   Code   RO         1577    i.AD7606_Reset      bsp_ad7606.o
    0x08001270   0x00000024   Code   RO         1578    i.AD7606_SetInputRange  bsp_ad7606.o
    0x08001294   0x00000024   Code   RO         1579    i.AD7606_StartConvst  bsp_ad7606.o
    0x080012b8   0x00000018   Code   RO         1580    i.AD7606_StartRecord  bsp_ad7606.o
    0x080012d0   0x00000038   Code   RO         1581    i.AD7606_StopRecord  bsp_ad7606.o
    0x08001308   0x0000002c   Code   RO         1582    i.ADCVerification   bsp_ad7606.o
    0x08001334   0x00000004   Code   RO          819    i.BusFault_Handler  stm32f4xx_it.o
    0x08001338   0x00000030   Code   RO          253    i.CRC_GetModbus16   mydefine.o
    0x08001368   0x00000016   Code   RO         1064    i.ClrSDRAM          bsp_fmc_sdram.o
    0x0800137e   0x00000002   PAD
    0x08001380   0x0000061c   Code   RO          790    i.ConfirgureIO      bsp_ext_io.o
    0x0800199c   0x00000008   Code   RO          820    i.DMA1_Stream4_IRQHandler  stm32f4xx_it.o
    0x080019a4   0x00000008   Code   RO          821    i.DMA1_Stream6_IRQHandler  stm32f4xx_it.o
    0x080019ac   0x00000008   Code   RO         1211    i.DMA2_Stream3_IRQHandler  bsp_sdio_sd.o
    0x080019b4   0x00000034   Code   RO         4073    i.DMA_ClearFlag     stm32f4xx_dma.o
    0x080019e8   0x00000016   Code   RO         4075    i.DMA_Cmd           stm32f4xx_dma.o
    0x080019fe   0x00000002   PAD
    0x08001a00   0x00000158   Code   RO         4076    i.DMA_DeInit        stm32f4xx_dma.o
    0x08001b58   0x00000014   Code   RO         4080    i.DMA_GetCmdStatus  stm32f4xx_dma.o
    0x08001b6c   0x00000008   Code   RO         4081    i.DMA_GetCurrDataCounter  stm32f4xx_dma.o
    0x08001b74   0x00000044   Code   RO         4084    i.DMA_GetFlagStatus  stm32f4xx_dma.o
    0x08001bb8   0x0000003a   Code   RO         4086    i.DMA_ITConfig      stm32f4xx_dma.o
    0x08001bf2   0x00000002   PAD
    0x08001bf4   0x00000058   Code   RO         4087    i.DMA_Init          stm32f4xx_dma.o
    0x08001c4c   0x00000004   Code   RO         4090    i.DMA_SetCurrDataCounter  stm32f4xx_dma.o
    0x08001c50   0x00000002   Code   RO          822    i.DebugMon_Handler  stm32f4xx_it.o
    0x08001c52   0x00000002   Code   RO          823    i.EXTI15_10_IRQHandler  stm32f4xx_it.o
    0x08001c54   0x0000000e   Code   RO          824    i.EXTI1_IRQHandler  stm32f4xx_it.o
    0x08001c62   0x00000002   PAD
    0x08001c64   0x0000000c   Code   RO         4690    i.EXTI_ClearITPendingBit  stm32f4xx_exti.o
    0x08001c70   0x00000094   Code   RO         4695    i.EXTI_Init         stm32f4xx_exti.o
    0x08001d04   0x00000044   Code   RO          383    i.Elec_Display      arithmetic.o
    0x08001d48   0x0000015c   Code   RO          384    i.FFT_VerifyDisplay  arithmetic.o
    0x08001ea4   0x00000012   Code   RO          254    i.FIFO_Backpointer  mydefine.o
    0x08001eb6   0x00000014   Code   RO          256    i.FIFO_length       mydefine.o
    0x08001eca   0x00000014   Code   RO          257    i.FIFO_pointer      mydefine.o
    0x08001ede   0x00000002   PAD
    0x08001ee0   0x00000048   Code   RO         2679    i.FMC_GetFlagStatus  stm32f4xx_fmc.o
    0x08001f28   0x00000034   Code   RO         2688    i.FMC_NORSRAMCmd    stm32f4xx_fmc.o
    0x08001f5c   0x00000140   Code   RO         2690    i.FMC_NORSRAMInit   stm32f4xx_fmc.o
    0x0800209c   0x00000020   Code   RO         2696    i.FMC_SDRAMCmdConfig  stm32f4xx_fmc.o
    0x080020bc   0x00000144   Code   RO         2698    i.FMC_SDRAMInit     stm32f4xx_fmc.o
    0x08002200   0x00000018   Code   RO         2702    i.FMC_SetRefreshCount  stm32f4xx_fmc.o
    0x08002218   0x000001a4   Code   RO          385    i.FaskCalTask       arithmetic.o
    0x080023bc   0x00000090   Code   RO         2237    i.GPIO_Init         stm32f4xx_gpio.o
    0x0800244c   0x00000046   Code   RO         2238    i.GPIO_PinAFConfig  stm32f4xx_gpio.o
    0x08002492   0x00000012   Code   RO         2241    i.GPIO_ReadInputDataBit  stm32f4xx_gpio.o
    0x080024a4   0x00000012   Code   RO         2243    i.GPIO_ReadOutputDataBit  stm32f4xx_gpio.o
    0x080024b6   0x00000004   Code   RO         2244    i.GPIO_ResetBits    stm32f4xx_gpio.o
    0x080024ba   0x00000004   Code   RO         2245    i.GPIO_SetBits      stm32f4xx_gpio.o
    0x080024be   0x0000000a   Code   RO         2249    i.GPIO_WriteBit     stm32f4xx_gpio.o
    0x080024c8   0x00000024   Code   RO          259    i.GetRevCrc_16      mydefine.o
    0x080024ec   0x00000058   Code   RO          825    i.HardFault_Handler  stm32f4xx_it.o
    0x08002544   0x00000010   Code   RO         4923    i.IWDG_Enable       stm32f4xx_iwdg.o
    0x08002554   0x00000010   Code   RO         4925    i.IWDG_ReloadCounter  stm32f4xx_iwdg.o
    0x08002564   0x0000000c   Code   RO         4926    i.IWDG_SetPrescaler  stm32f4xx_iwdg.o
    0x08002570   0x0000000c   Code   RO         4927    i.IWDG_SetReload    stm32f4xx_iwdg.o
    0x0800257c   0x0000000c   Code   RO         4928    i.IWDG_WriteAccessCmd  stm32f4xx_iwdg.o
    0x08002588   0x00000130   Code   RO          912    i.InitHardUart      bsp_uart_fifo.o
    0x080026b8   0x00000050   Code   RO          262    i.KeyScan           mydefine.o
    0x08002708   0x00000004   Code   RO          826    i.MemManage_Handler  stm32f4xx_it.o
    0x0800270c   0x00000260   Code   RO         1856    i.ModuleComInit     bsp_moduletomodule.o
    0x0800296c   0x00000098   Code   RO         1857    i.ModuleSPIRMS      bsp_moduletomodule.o
    0x08002a04   0x00000340   Code   RO         1858    i.ModuleSPITXTask   bsp_moduletomodule.o
    0x08002d44   0x00000074   Code   RO         1859    i.ModuleSPITxStart  bsp_moduletomodule.o
    0x08002db8   0x00000038   Code   RO         1860    i.ModuleSPITxStartIRQ  bsp_moduletomodule.o
    0x08002df0   0x000003d0   Code   RO         1861    i.ModuleTask        bsp_moduletomodule.o
    0x080031c0   0x0000012c   Code   RO         1862    i.ModuleUartTXTask  bsp_moduletomodule.o
    0x080032ec   0x00000002   Code   RO          827    i.NMI_Handler       stm32f4xx_it.o
    0x080032ee   0x00000002   PAD
    0x080032f0   0x00000078   Code   RO         2188    i.NVIC_Init         misc.o
    0x08003368   0x00000014   Code   RO         2189    i.NVIC_PriorityGroupConfig  misc.o
    0x0800337c   0x0000000c   Code   RO         4563    i.PWR_BackupAccessCmd  stm32f4xx_pwr.o
    0x08003388   0x00000020   Code   RO         2338    i.RCC_AHB1PeriphClockCmd  stm32f4xx_rcc.o
    0x080033a8   0x00000020   Code   RO         2344    i.RCC_AHB3PeriphClockCmd  stm32f4xx_rcc.o
    0x080033c8   0x00000020   Code   RO         2347    i.RCC_APB1PeriphClockCmd  stm32f4xx_rcc.o
    0x080033e8   0x00000020   Code   RO         2350    i.RCC_APB2PeriphClockCmd  stm32f4xx_rcc.o
    0x08003408   0x000000e8   Code   RO         2359    i.RCC_GetClocksFreq  stm32f4xx_rcc.o
    0x080034f0   0x00000040   Code   RO         2360    i.RCC_GetFlagStatus  stm32f4xx_rcc.o
    0x08003530   0x0000002c   Code   RO         2368    i.RCC_LSEConfig     stm32f4xx_rcc.o
    0x0800355c   0x0000000c   Code   RO         2382    i.RCC_RTCCLKCmd     stm32f4xx_rcc.o
    0x08003568   0x0000003c   Code   RO         2383    i.RCC_RTCCLKConfig  stm32f4xx_rcc.o
    0x080035a4   0x00000016   Code   RO         4208    i.RTC_Bcd2ToByte    stm32f4xx_rtc.o
    0x080035ba   0x0000001c   Code   RO         4210    i.RTC_ByteToBcd2    stm32f4xx_rtc.o
    0x080035d6   0x000000be   Code   RO         1532    i.RTC_CalcWeek      bsp_rtc.o
    0x08003694   0x00000070   Code   RO         1533    i.RTC_Config        bsp_rtc.o
    0x08003704   0x00000050   Code   RO         4220    i.RTC_EnterInitMode  stm32f4xx_rtc.o
    0x08003754   0x00000014   Code   RO         4221    i.RTC_ExitInitMode  stm32f4xx_rtc.o
    0x08003768   0x0000004c   Code   RO         4224    i.RTC_GetDate       stm32f4xx_rtc.o
    0x080037b4   0x00000050   Code   RO         4229    i.RTC_GetTime       stm32f4xx_rtc.o
    0x08003804   0x00000064   Code   RO         4234    i.RTC_Init          stm32f4xx_rtc.o
    0x08003868   0x00000020   Code   RO         4237    i.RTC_ReadBackupRegister  stm32f4xx_rtc.o
    0x08003888   0x000000c8   Code   RO         4240    i.RTC_SetDate       stm32f4xx_rtc.o
    0x08003950   0x000000d0   Code   RO         4241    i.RTC_SetTime       stm32f4xx_rtc.o
    0x08003a20   0x00000060   Code   RO         4257    i.RTC_WaitForSynchro  stm32f4xx_rtc.o
    0x08003a80   0x0000001c   Code   RO         4260    i.RTC_WriteBackupRegister  stm32f4xx_rtc.o
    0x08003a9c   0x000000b8   Code   RO          263    i.ReadParam         mydefine.o
    0x08003b54   0x0000000c   Code   RO         3877    i.SDIO_ClearITPendingBit  stm32f4xx_sdio.o
    0x08003b60   0x00000018   Code   RO         3889    i.SDIO_GetITStatus  stm32f4xx_sdio.o
    0x08003b78   0x00000008   Code   RO         1215    i.SDIO_IRQHandler   bsp_sdio_sd.o
    0x08003b80   0x00000020   Code   RO         3892    i.SDIO_ITConfig     stm32f4xx_sdio.o
    0x08003ba0   0x00000200   Code   RO         1066    i.SDRAM_GPIOConfig  bsp_fmc_sdram.o
    0x08003da0   0x000000dc   Code   RO         1067    i.SDRAM_InitSequence  bsp_fmc_sdram.o
    0x08003e7c   0x00000020   Code   RO         1235    i.SD_ProcessDMAIRQ  bsp_sdio_sd.o
    0x08003e9c   0x000000ac   Code   RO         1236    i.SD_ProcessIRQSrc  bsp_sdio_sd.o
    0x08003f48   0x00000018   Code   RO         4761    i.SPI_Cmd           stm32f4xx_spi.o
    0x08003f60   0x00000012   Code   RO         4767    i.SPI_I2S_DMACmd    stm32f4xx_spi.o
    0x08003f72   0x00000012   Code   RO         4769    i.SPI_I2S_GetFlagStatus  stm32f4xx_spi.o
    0x08003f84   0x00000006   Code   RO         4772    i.SPI_I2S_ReceiveData  stm32f4xx_spi.o
    0x08003f8a   0x00000004   Code   RO         4773    i.SPI_I2S_SendData  stm32f4xx_spi.o
    0x08003f8e   0x0000003c   Code   RO         4774    i.SPI_Init          stm32f4xx_spi.o
    0x08003fca   0x00000002   PAD
    0x08003fcc   0x00000040   Code   RO         3818    i.SYSCFG_EXTILineConfig  stm32f4xx_syscfg.o
    0x0800400c   0x00000094   Code   RO         1583    i.SaveWave          bsp_ad7606.o
    0x080040a0   0x000003bc   Code   RO          387    i.SelRouteCalTask   arithmetic.o
    0x0800445c   0x00000120   Code   RO         4977    i.SetSysClock       system_stm32f4xx.o
    0x0800457c   0x00000074   Code   RO          266    i.SysGetTime        mydefine.o
    0x080045f0   0x0000004c   Code   RO          267    i.SysSetTime        mydefine.o
    0x0800463c   0x00000008   Code   RO          828    i.SysTick_Handler   stm32f4xx_it.o
    0x08004644   0x00000080   Code   RO          672    i.SysTick_ISR       bsp_timer.o
    0x080046c4   0x000000c0   Code   RO         4978    i.SystemCoreClockUpdate  system_stm32f4xx.o
    0x08004784   0x00000068   Code   RO         4979    i.SystemInit        system_stm32f4xx.o
    0x080047ec   0x0000009c   Code   RO          673    i.TIM2_IRQHandler   bsp_timer.o
    0x08004888   0x00000018   Code   RO         2863    i.TIM_ARRPreloadConfig  stm32f4xx_tim.o
    0x080048a0   0x00000006   Code   RO         2870    i.TIM_ClearITPendingBit  stm32f4xx_tim.o
    0x080048a6   0x00000018   Code   RO         2875    i.TIM_Cmd           stm32f4xx_tim.o
    0x080048be   0x0000001e   Code   RO         2877    i.TIM_CtrlPWMOutputs  stm32f4xx_tim.o
    0x080048dc   0x00000022   Code   RO         2896    i.TIM_GetITStatus   stm32f4xx_tim.o
    0x080048fe   0x00000012   Code   RO         2900    i.TIM_ITConfig      stm32f4xx_tim.o
    0x08004910   0x0000007c   Code   RO         2904    i.TIM_OC1Init       stm32f4xx_tim.o
    0x0800498c   0x00000012   Code   RO         2907    i.TIM_OC1PreloadConfig  stm32f4xx_tim.o
    0x0800499e   0x00000002   PAD
    0x080049a0   0x000000a4   Code   RO         2909    i.TIM_OC2Init       stm32f4xx_tim.o
    0x08004a44   0x0000001a   Code   RO         2912    i.TIM_OC2PreloadConfig  stm32f4xx_tim.o
    0x08004a5e   0x00000002   PAD
    0x08004a60   0x000000a0   Code   RO         2914    i.TIM_OC3Init       stm32f4xx_tim.o
    0x08004b00   0x00000012   Code   RO         2917    i.TIM_OC3PreloadConfig  stm32f4xx_tim.o
    0x08004b12   0x00000002   PAD
    0x08004b14   0x00000078   Code   RO         2919    i.TIM_OC4Init       stm32f4xx_tim.o
    0x08004b8c   0x0000001a   Code   RO         2921    i.TIM_OC4PreloadConfig  stm32f4xx_tim.o
    0x08004ba6   0x00000002   PAD
    0x08004ba8   0x00000084   Code   RO         2947    i.TIM_TimeBaseInit  stm32f4xx_tim.o
    0x08004c2c   0x00000002   Code   RO          829    i.USART2_IRQHandler  stm32f4xx_it.o
    0x08004c2e   0x00000012   Code   RO         3623    i.USART_ClearFlag   stm32f4xx_usart.o
    0x08004c40   0x00000018   Code   RO         3627    i.USART_Cmd         stm32f4xx_usart.o
    0x08004c58   0x00000012   Code   RO         3628    i.USART_DMACmd      stm32f4xx_usart.o
    0x08004c6a   0x00000002   PAD
    0x08004c6c   0x000000d4   Code   RO         3634    i.USART_Init        stm32f4xx_usart.o
    0x08004d40   0x00000004   Code   RO          830    i.UsageFault_Handler  stm32f4xx_it.o
    0x08004d44   0x00000028   Code   RO         1863    i.Usart2DMATxIRQ    bsp_moduletomodule.o
    0x08004d6c   0x00000068   Code   RO         1864    i.Usart2Send        bsp_moduletomodule.o
    0x08004dd4   0x0000002c   Code   RO          268    i.WriteParam        mydefine.o
    0x08004e00   0x00000014   Code   RO         5427    i.__hardfp_fabs     m_wm.l(fabs.o)
    0x08004e14   0x0000007a   Code   RO         5433    i.__hardfp_sqrt     m_wm.l(sqrt.o)
    0x08004e8e   0x0000000e   Code   RO         5780    i.__scatterload_copy  mc_w.l(handlers.o)
    0x08004e9c   0x00000002   Code   RO         5781    i.__scatterload_null  mc_w.l(handlers.o)
    0x08004e9e   0x0000000e   Code   RO         5782    i.__scatterload_zeroinit  mc_w.l(handlers.o)
    0x08004eac   0x00000006   Code   RO          674    i.__set_PRIMASK     bsp_timer.o
    0x08004eb2   0x00000002   PAD
    0x08004eb4   0x0000000c   Code   RO         5754    i.__set_errno       mc_w.l(errno.o)
    0x08004ec0   0x00000036   Code   RO          970    i.bsp_ConfigGpioOut  bsp_tim_pwm.o
    0x08004ef6   0x00000002   PAD
    0x08004ef8   0x000000ac   Code   RO          971    i.bsp_ConfigTimGpio  bsp_tim_pwm.o
    0x08004fa4   0x00000044   Code   RO          677    i.bsp_DelayMS       bsp_timer.o
    0x08004fe8   0x000000bc   Code   RO          972    i.bsp_GetAFofTIM    bsp_tim_pwm.o
    0x080050a4   0x00000092   Code   RO          973    i.bsp_GetPinSource  bsp_tim_pwm.o
    0x08005136   0x00000002   PAD
    0x08005138   0x00000084   Code   RO          974    i.bsp_GetRCCofGPIO  bsp_tim_pwm.o
    0x080051bc   0x000000cc   Code   RO          975    i.bsp_GetRCCofTIM   bsp_tim_pwm.o
    0x08005288   0x00000002   Code   RO          466    i.bsp_Idle          bsp.o
    0x0800528a   0x00000002   PAD
    0x0800528c   0x00000084   Code   RO          467    i.bsp_Init          bsp.o
    0x08005310   0x0000002c   Code   RO         1584    i.bsp_InitAD7606    bsp_ad7606.o
    0x0800533c   0x00000028   Code   RO          648    i.bsp_InitDWT       bsp_dwt.o
    0x08005364   0x00000008   Code   RO          791    i.bsp_InitExtIO     bsp_ext_io.o
    0x0800536c   0x00000068   Code   RO         1068    i.bsp_InitExtSDRAM  bsp_fmc_sdram.o
    0x080053d4   0x00000068   Code   RO          680    i.bsp_InitHardTimer  bsp_timer.o
    0x0800543c   0x00000038   Code   RO         1122    i.bsp_InitI2C       bsp_i2c_gpio.o
    0x08005474   0x0000003e   Code   RO         1534    i.bsp_InitRTC       bsp_rtc.o
    0x080054b2   0x00000030   Code   RO         1733    i.bsp_InitSFlash    bsp_spi_flash.o
    0x080054e2   0x00000002   PAD
    0x080054e4   0x0000009c   Code   RO          681    i.bsp_InitTimer     bsp_timer.o
    0x08005580   0x00000008   Code   RO          914    i.bsp_InitUart      bsp_uart_fifo.o
    0x08005588   0x00000002   Code   RO          468    i.bsp_RunPer10ms    bsp.o
    0x0800558a   0x00000002   PAD
    0x0800558c   0x0000002c   Code   RO         1659    i.bsp_SPI_Init      bsp_spi_bus.o
    0x080055b8   0x000001b8   Code   RO          976    i.bsp_SetTIMOutPWM  bsp_tim_pwm.o
    0x08005770   0x0000001c   Code   RO          682    i.bsp_SoftTimerDec  bsp_timer.o
    0x0800578c   0x0000000c   Code   RO         1661    i.bsp_SpiBusEnter   bsp_spi_bus.o
    0x08005798   0x0000000c   Code   RO         1662    i.bsp_SpiBusExit    bsp_spi_bus.o
    0x080057a4   0x00000044   Code   RO         1664    i.bsp_spiRead1      bsp_spi_bus.o
    0x080057e8   0x00000044   Code   RO         1666    i.bsp_spiWrite1     bsp_spi_bus.o
    0x0800582c   0x000000b8   Code   RO          391    i.dsp_asm_waypowerMag  arithmetic.o
    0x080058e4   0x00000010   Code   RO         1125    i.i2c_Delay         bsp_i2c_gpio.o
    0x080058f4   0x0000002c   Code   RO         1131    i.i2c_Stop          bsp_i2c_gpio.o
    0x08005920   0x000000e0   Code   RO            4    i.main              main.o
    0x08005a00   0x00000114   Code   RO         1734    i.sf_AutoWritePage  bsp_spi_flash.o
    0x08005b14   0x0000005c   Code   RO         1735    i.sf_CfgSpiHard     bsp_spi_flash.o
    0x08005b70   0x00000078   Code   RO         1736    i.sf_CmpData        bsp_spi_flash.o
    0x08005be8   0x0000003c   Code   RO         1737    i.sf_ConfigGPIO     bsp_spi_flash.o
    0x08005c24   0x0000003c   Code   RO         1739    i.sf_EraseSector    bsp_spi_flash.o
    0x08005c60   0x00000028   Code   RO         1740    i.sf_NeedErase      bsp_spi_flash.o
    0x08005c88   0x0000013c   Code   RO         1741    i.sf_PageWrite      bsp_spi_flash.o
    0x08005dc4   0x00000060   Code   RO         1742    i.sf_ReadBuffer     bsp_spi_flash.o
    0x08005e24   0x00000038   Code   RO         1743    i.sf_ReadID         bsp_spi_flash.o
    0x08005e5c   0x000000f4   Code   RO         1744    i.sf_ReadInfo       bsp_spi_flash.o
    0x08005f50   0x0000005c   Code   RO         1745    i.sf_SetAddressMode  bsp_spi_flash.o
    0x08005fac   0x0000002c   Code   RO         1746    i.sf_SetCS          bsp_spi_flash.o
    0x08005fd8   0x00000024   Code   RO         1747    i.sf_WaitForWriteEnd  bsp_spi_flash.o
    0x08005ffc   0x00000174   Code   RO         1748    i.sf_WriteBuffer    bsp_spi_flash.o
    0x08006170   0x00000016   Code   RO         1749    i.sf_WriteEnable    bsp_spi_flash.o
    0x08006186   0x00000002   PAD
    0x08006188   0x00000070   Code   RO         1750    i.sf_WriteStatus    bsp_spi_flash.o
    0x080061f8   0x00000210   Data   RO          270    .constdata          mydefine.o
    0x08006408   0x00000020   Data   RO         5778    Region$$Table       anon$$obj.o


    Execution Region RW_IRAM1 (Base: 0x20000000, Size: 0x00007610, Max: 0x00030000, ABSOLUTE, COMPRESSED[0x00000c40])

    Base Addr    Size         Type   Attr      Idx    E Section Name        Object

    0x20000000   0x00000003   Data   RW            5    .data               main.o
    0x20000003   0x00000001   PAD
    0x20000004   0x0000001d   Data   RW          271    .data               mydefine.o
    0x20000021   0x00000001   PAD
    0x20000022   0x00000ff1   Data   RW          393    .data               arithmetic.o
    0x20001013   0x00000001   PAD
    0x20001014   0x0000001d   Data   RW          689    .data               bsp_timer.o
    0x20001031   0x00000001   PAD
    0x20001032   0x00000008   Data   RW          918    .data               bsp_uart_fifo.o
    0x2000103a   0x00000002   PAD
    0x2000103c   0x00000014   Data   RW         1249    .data               bsp_sdio_sd.o
    0x20001050   0x00000008   Data   RW         1535    .data               bsp_rtc.o
    0x20001058   0x00000004   Data   RW         1585    .data               bsp_ad7606.o
    0x2000105c   0x00000001   Data   RW         1667    .data               bsp_spi_bus.o
    0x2000105d   0x00000003   PAD
    0x20001060   0x0000000c   Data   RW         1865    .data               bsp_moduletomodule.o
    0x2000106c   0x00000010   Data   RW         2391    .data               stm32f4xx_rcc.o
    0x2000107c   0x00000014   Data   RW         4980    .data               system_stm32f4xx.o
    0x20001090   0x00000004   Data   RW         5755    .data               mc_w.l(errno.o)
    0x20001094   0x00000104   Zero   RW          269    .bss                mydefine.o
    0x20001198   0x00001028   Zero   RW          392    .bss                arithmetic.o
    0x200021c0   0x00000030   Zero   RW          687    .bss                bsp_timer.o
    0x200021f0   0x00000400   Zero   RW          917    .bss                bsp_uart_fifo.o
    0x200025f0   0x0000101c   Zero   RW         1751    .bss                bsp_spi_flash.o
    0x2000360c   0x00000004   PAD
    0x20003610   0x00004000   Zero   RW         2178    STACK               startup_stm32f429_439xx.o


==============================================================================

Image component sizes


      Code (inc. data)   RO Data    RW Data    ZI Data      Debug   Object Name

      1976        118          0       4081       4136       6985   arithmetic.o
       136         14          0          0          0       1515   bsp.o
      1088        100          0          4          0       6874   bsp_ad7606.o
        40         10          0          0          0        490   bsp_dwt.o
      1572         54          0          0          0       1884   bsp_ext_io.o
       858         20          0          0          0       3934   bsp_fmc_sdram.o
       116          8          0          0          0       1573   bsp_i2c_gpio.o
      3184        178          0         12          0       8180   bsp_moduletomodule.o
       364         10          0          8          0       2400   bsp_rtc.o
       220         16          0         20          0       5427   bsp_sdio_sd.o
       204         22          0          1          0       3022   bsp_spi_bus.o
      2086        142          0          0       4124      13408   bsp_spi_flash.o
      1336        182          0          0          0       6116   bsp_tim_pwm.o
       646         74          0         29         48      36298   bsp_timer.o
       312         20          0          8       1024      34276   bsp_uart_fifo.o
      1502       1008          0          0          0        320   cr4_fft_256_stm32.o
       718        240          0          0          0        320   cr4_fft_64_stm32.o
       224         16          0          3          0     364928   main.o
       140         24          0          0          0       1791   misc.o
       642         66        528         29        260      10622   mydefine.o
        36          8        428          0      16384        956   startup_stm32f429_439xx.o
       664         54          0          0          0       7626   stm32f4xx_dma.o
       160         12          0          0          0       1753   stm32f4xx_exti.o
       824         30          0          0          0       5330   stm32f4xx_fmc.o
       268          0          0          0          0       5380   stm32f4xx_gpio.o
       146         50          0          0          0       6157   stm32f4xx_it.o
        68         30          0          0          0       2950   stm32f4xx_iwdg.o
        12          6          0          0          0        602   stm32f4xx_pwr.o
       540         66          0         16          0       8379   stm32f4xx_rcc.o
       970         66          0          0          0       9650   stm32f4xx_rtc.o
        68         16          0          0          0       1920   stm32f4xx_sdio.o
       130          0          0          0          0       4639   stm32f4xx_spi.o
        64          4          0          0          0        724   stm32f4xx_syscfg.o
       924         66          0          0          0      11374   stm32f4xx_tim.o
       272          8          0          0          0       3638   stm32f4xx_usart.o
       584         54          0         20          0       2657   system_stm32f4xx.o

    ----------------------------------------------------------------------
     23136       2796        988       4240      25980     584098   Object Totals
         0          0         32          0          0          0   (incl. Generated)
        42          4          0          9          4          0   (incl. Padding)

    ----------------------------------------------------------------------

      Code (inc. data)   RO Data    RW Data    ZI Data      Debug   Library Member Name

        20          0          0          0          0        124   fabs.o
       122          0          0          0          0        148   sqrt.o
        94          0          0          0          0          0   __dclz77c.o
         0          0          0          0          0          0   entry.o
         0          0          0          0          0          0   entry10a.o
         0          0          0          0          0          0   entry11a.o
         8          4          0          0          0          0   entry2.o
         4          0          0          0          0          0   entry5.o
         0          0          0          0          0          0   entry7b.o
         0          0          0          0          0          0   entry8b.o
         8          4          0          0          0          0   entry9a.o
        12          6          0          4          0         68   errno.o
        30          0          0          0          0          0   handlers.o
        36          8          0          0          0         68   init.o
         0          0          0          0          0          0   iusefp.o
        30          0          0          0          0         68   llshl.o
        32          0          0          0          0         68   llushr.o
        26          0          0          0          0         80   memcmp.o
        36          0          0          0          0         68   memcpya.o
        18          0          0          0          0         68   strcpy.o
        56          0          0          0          0         88   d2f.o
       222          0          0          0          0        100   ddiv.o
       186          0          0          0          0        176   depilogue.o
        34          0          0          0          0         76   dflti.o
       228          0          0          0          0         96   dmul.o
       162          0          0          0          0        100   dsqrt.o
        38          0          0          0          0         68   f2d.o
       110          0          0          0          0        168   fepilogue.o

    ----------------------------------------------------------------------
      1516         22          0          4          0       1632   Library Totals
         4          0          0          0          0          0   (incl. Padding)

    ----------------------------------------------------------------------

      Code (inc. data)   RO Data    RW Data    ZI Data      Debug   Library Name

       142          0          0          0          0        272   m_wm.l
       334         22          0          4          0        488   mc_w.l
      1036          0          0          0          0        872   mf_w.l

    ----------------------------------------------------------------------
      1516         22          0          4          0       1632   Library Totals

    ----------------------------------------------------------------------

==============================================================================


      Code (inc. data)   RO Data    RW Data    ZI Data      Debug   

     24652       2818        988       4244      25980     566690   Grand Totals
     24652       2818        988       3136      25980     566690   ELF Image Totals (compressed)
     24652       2818        988       3136          0          0   ROM Totals

==============================================================================

    Total RO  Size (Code + RO Data)                25640 (  25.04kB)
    Total RW  Size (RW Data + ZI Data)             30224 (  29.52kB)
    Total ROM Size (Code + RO Data + RW Data)      28776 (  28.10kB)

==============================================================================

